Archive member included to satisfy reference by file (symbol)

c:/ST/Repository/STM32-FreeRTOS-cpp/STM32TOOLS/GCC/bin/../lib/gcc/arm-none-eabi/13.3.1/../../../../arm-none-eabi/lib/thumb/v7e-m+fp/hard\libg_nano.a(libc_a-memset.o)
                              CMakeFiles/firmware.elf.dir/C_/ST/Repository/STM32-FreeRTOS-cpp/freertos/tasks.c.obj (memset)
c:/ST/Repository/STM32-FreeRTOS-cpp/STM32TOOLS/GCC/bin/../lib/gcc/arm-none-eabi/13.3.1/../../../../arm-none-eabi/lib/thumb/v7e-m+fp/hard\libg_nano.a(libc_a-init.o)
                              CMakeFiles/firmware.elf.dir/src/startup_stm32g431xx.s.obj (__libc_init_array)
c:/ST/Repository/STM32-FreeRTOS-cpp/STM32TOOLS/GCC/bin/../lib/gcc/arm-none-eabi/13.3.1/../../../../arm-none-eabi/lib/thumb/v7e-m+fp/hard\libg_nano.a(libc_a-memcpy-stub.o)
                              CMakeFiles/firmware.elf.dir/C_/ST/Repository/STM32-FreeRTOS-cpp/freertos/queue.c.obj (memcpy)

Discarded input sections

 .text          0x00000000        0x0 CMakeFiles/firmware.elf.dir/src/crt_stubs.c.obj
 .data          0x00000000        0x0 CMakeFiles/firmware.elf.dir/src/crt_stubs.c.obj
 .bss           0x00000000        0x0 CMakeFiles/firmware.elf.dir/src/crt_stubs.c.obj
 .group         0x00000000        0x8 CMakeFiles/firmware.elf.dir/src/main.cpp.obj
 .group         0x00000000        0x8 CMakeFiles/firmware.elf.dir/src/main.cpp.obj
 .group         0x00000000        0x8 CMakeFiles/firmware.elf.dir/src/main.cpp.obj
 .group         0x00000000        0xc CMakeFiles/firmware.elf.dir/src/main.cpp.obj
 .group         0x00000000        0xc CMakeFiles/firmware.elf.dir/src/main.cpp.obj
 .group         0x00000000        0xc CMakeFiles/firmware.elf.dir/src/main.cpp.obj
 .group         0x00000000        0xc CMakeFiles/firmware.elf.dir/src/main.cpp.obj
 .group         0x00000000        0xc CMakeFiles/firmware.elf.dir/src/main.cpp.obj
 .group         0x00000000        0xc CMakeFiles/firmware.elf.dir/src/main.cpp.obj
 .group         0x00000000        0xc CMakeFiles/firmware.elf.dir/src/main.cpp.obj
 .group         0x00000000        0xc CMakeFiles/firmware.elf.dir/src/main.cpp.obj
 .group         0x00000000        0x8 CMakeFiles/firmware.elf.dir/src/main.cpp.obj
 .group         0x00000000        0x8 CMakeFiles/firmware.elf.dir/src/main.cpp.obj
 .group         0x00000000        0xc CMakeFiles/firmware.elf.dir/src/main.cpp.obj
 .group         0x00000000        0x8 CMakeFiles/firmware.elf.dir/src/main.cpp.obj
 .group         0x00000000        0xc CMakeFiles/firmware.elf.dir/src/main.cpp.obj
 .group         0x00000000        0xc CMakeFiles/firmware.elf.dir/src/main.cpp.obj
 .group         0x00000000        0xc CMakeFiles/firmware.elf.dir/src/main.cpp.obj
 .group         0x00000000        0x8 CMakeFiles/firmware.elf.dir/src/main.cpp.obj
 .group         0x00000000        0xc CMakeFiles/firmware.elf.dir/src/main.cpp.obj
 .group         0x00000000        0xc CMakeFiles/firmware.elf.dir/src/main.cpp.obj
 .group         0x00000000        0xc CMakeFiles/firmware.elf.dir/src/main.cpp.obj
 .group         0x00000000        0xc CMakeFiles/firmware.elf.dir/src/main.cpp.obj
 .group         0x00000000        0x8 CMakeFiles/firmware.elf.dir/src/main.cpp.obj
 .group         0x00000000        0xc CMakeFiles/firmware.elf.dir/src/main.cpp.obj
 .group         0x00000000        0x8 CMakeFiles/firmware.elf.dir/src/main.cpp.obj
 .group         0x00000000        0xc CMakeFiles/firmware.elf.dir/src/main.cpp.obj
 .group         0x00000000        0xc CMakeFiles/firmware.elf.dir/src/main.cpp.obj
 .group         0x00000000        0xc CMakeFiles/firmware.elf.dir/src/main.cpp.obj
 .group         0x00000000        0x8 CMakeFiles/firmware.elf.dir/src/main.cpp.obj
 .group         0x00000000        0xc CMakeFiles/firmware.elf.dir/src/main.cpp.obj
 .group         0x00000000        0xc CMakeFiles/firmware.elf.dir/src/main.cpp.obj
 .group         0x00000000        0xc CMakeFiles/firmware.elf.dir/src/main.cpp.obj
 .group         0x00000000        0xc CMakeFiles/firmware.elf.dir/src/main.cpp.obj
 .group         0x00000000        0xc CMakeFiles/firmware.elf.dir/src/main.cpp.obj
 .group         0x00000000        0x8 CMakeFiles/firmware.elf.dir/src/main.cpp.obj
 .group         0x00000000        0xc CMakeFiles/firmware.elf.dir/src/main.cpp.obj
 .group         0x00000000        0xc CMakeFiles/firmware.elf.dir/src/main.cpp.obj
 .group         0x00000000        0xc CMakeFiles/firmware.elf.dir/src/main.cpp.obj
 .group         0x00000000        0xc CMakeFiles/firmware.elf.dir/src/main.cpp.obj
 .group         0x00000000        0xc CMakeFiles/firmware.elf.dir/src/main.cpp.obj
 .group         0x00000000        0x8 CMakeFiles/firmware.elf.dir/src/main.cpp.obj
 .group         0x00000000        0x8 CMakeFiles/firmware.elf.dir/src/main.cpp.obj
 .group         0x00000000        0x8 CMakeFiles/firmware.elf.dir/src/main.cpp.obj
 .group         0x00000000        0xc CMakeFiles/firmware.elf.dir/src/main.cpp.obj
 .text          0x00000000        0x0 CMakeFiles/firmware.elf.dir/src/main.cpp.obj
 .data          0x00000000        0x0 CMakeFiles/firmware.elf.dir/src/main.cpp.obj
 .bss           0x00000000        0x0 CMakeFiles/firmware.elf.dir/src/main.cpp.obj
 .bss.led       0x00000000        0x1 CMakeFiles/firmware.elf.dir/src/main.cpp.obj
 .bss.btn       0x00000000        0x1 CMakeFiles/firmware.elf.dir/src/main.cpp.obj
 .bss.uart      0x00000000        0x1 CMakeFiles/firmware.elf.dir/src/main.cpp.obj
 .text          0x00000000       0x14 CMakeFiles/firmware.elf.dir/src/startup_stm32g431xx.s.obj
 .data          0x00000000        0x0 CMakeFiles/firmware.elf.dir/src/startup_stm32g431xx.s.obj
 .bss           0x00000000        0x0 CMakeFiles/firmware.elf.dir/src/startup_stm32g431xx.s.obj
 .text          0x00000000        0x0 CMakeFiles/firmware.elf.dir/src/system_stm32g4xx.c.obj
 .data          0x00000000        0x0 CMakeFiles/firmware.elf.dir/src/system_stm32g4xx.c.obj
 .bss           0x00000000        0x0 CMakeFiles/firmware.elf.dir/src/system_stm32g4xx.c.obj
 .rodata.APBPrescTable
                0x00000000        0x8 CMakeFiles/firmware.elf.dir/src/system_stm32g4xx.c.obj
 .text          0x00000000        0x0 CMakeFiles/firmware.elf.dir/C_/ST/Repository/STM32-FreeRTOS-cpp/freertos/tasks.c.obj
 .data          0x00000000        0x0 CMakeFiles/firmware.elf.dir/C_/ST/Repository/STM32-FreeRTOS-cpp/freertos/tasks.c.obj
 .bss           0x00000000        0x0 CMakeFiles/firmware.elf.dir/C_/ST/Repository/STM32-FreeRTOS-cpp/freertos/tasks.c.obj
 .text.vTaskDelete
                0x00000000      0x128 CMakeFiles/firmware.elf.dir/C_/ST/Repository/STM32-FreeRTOS-cpp/freertos/tasks.c.obj
 .text.xTaskDelayUntil
                0x00000000      0x150 CMakeFiles/firmware.elf.dir/C_/ST/Repository/STM32-FreeRTOS-cpp/freertos/tasks.c.obj
 .text.vTaskDelay
                0x00000000       0x70 CMakeFiles/firmware.elf.dir/C_/ST/Repository/STM32-FreeRTOS-cpp/freertos/tasks.c.obj
 .text.uxTaskPriorityGet
                0x00000000       0x54 CMakeFiles/firmware.elf.dir/C_/ST/Repository/STM32-FreeRTOS-cpp/freertos/tasks.c.obj
 .text.uxTaskPriorityGetFromISR
                0x00000000       0x78 CMakeFiles/firmware.elf.dir/C_/ST/Repository/STM32-FreeRTOS-cpp/freertos/tasks.c.obj
 .text.uxTaskBasePriorityGet
                0x00000000       0x54 CMakeFiles/firmware.elf.dir/C_/ST/Repository/STM32-FreeRTOS-cpp/freertos/tasks.c.obj
 .text.uxTaskBasePriorityGetFromISR
                0x00000000       0x78 CMakeFiles/firmware.elf.dir/C_/ST/Repository/STM32-FreeRTOS-cpp/freertos/tasks.c.obj
 .text.vTaskPrioritySet
                0x00000000      0x1d0 CMakeFiles/firmware.elf.dir/C_/ST/Repository/STM32-FreeRTOS-cpp/freertos/tasks.c.obj
 .text.vTaskSuspend
                0x00000000      0x128 CMakeFiles/firmware.elf.dir/C_/ST/Repository/STM32-FreeRTOS-cpp/freertos/tasks.c.obj
 .text.prvTaskIsTaskSuspended
                0x00000000       0x8c CMakeFiles/firmware.elf.dir/C_/ST/Repository/STM32-FreeRTOS-cpp/freertos/tasks.c.obj
 .text.vTaskResume
                0x00000000      0x114 CMakeFiles/firmware.elf.dir/C_/ST/Repository/STM32-FreeRTOS-cpp/freertos/tasks.c.obj
 .text.xTaskResumeFromISR
                0x00000000      0x148 CMakeFiles/firmware.elf.dir/C_/ST/Repository/STM32-FreeRTOS-cpp/freertos/tasks.c.obj
 .text.vTaskEndScheduler
                0x00000000       0x64 CMakeFiles/firmware.elf.dir/C_/ST/Repository/STM32-FreeRTOS-cpp/freertos/tasks.c.obj
 .text.xTaskGetTickCountFromISR
                0x00000000       0x50 CMakeFiles/firmware.elf.dir/C_/ST/Repository/STM32-FreeRTOS-cpp/freertos/tasks.c.obj
 .text.pcTaskGetName
                0x00000000       0x4c CMakeFiles/firmware.elf.dir/C_/ST/Repository/STM32-FreeRTOS-cpp/freertos/tasks.c.obj
 .text.xTaskGetStaticBuffers
                0x00000000       0xc8 CMakeFiles/firmware.elf.dir/C_/ST/Repository/STM32-FreeRTOS-cpp/freertos/tasks.c.obj
 .text.xTaskCatchUpTicks
                0x00000000       0x64 CMakeFiles/firmware.elf.dir/C_/ST/Repository/STM32-FreeRTOS-cpp/freertos/tasks.c.obj
 .text.vTaskPlaceOnUnorderedEventList
                0x00000000       0xb8 CMakeFiles/firmware.elf.dir/C_/ST/Repository/STM32-FreeRTOS-cpp/freertos/tasks.c.obj
 .text.vTaskRemoveFromUnorderedEventList
                0x00000000      0x194 CMakeFiles/firmware.elf.dir/C_/ST/Repository/STM32-FreeRTOS-cpp/freertos/tasks.c.obj
 .text.vTaskSetTimeOutState
                0x00000000       0x54 CMakeFiles/firmware.elf.dir/C_/ST/Repository/STM32-FreeRTOS-cpp/freertos/tasks.c.obj
 .text.xTaskGetCurrentTaskHandle
                0x00000000       0x20 CMakeFiles/firmware.elf.dir/C_/ST/Repository/STM32-FreeRTOS-cpp/freertos/tasks.c.obj
 .text.xTaskGetCurrentTaskHandleForCore
                0x00000000       0x30 CMakeFiles/firmware.elf.dir/C_/ST/Repository/STM32-FreeRTOS-cpp/freertos/tasks.c.obj
 .text.xTaskPriorityInherit
                0x00000000      0x138 CMakeFiles/firmware.elf.dir/C_/ST/Repository/STM32-FreeRTOS-cpp/freertos/tasks.c.obj
 .text.vTaskPriorityDisinheritAfterTimeout
                0x00000000      0x170 CMakeFiles/firmware.elf.dir/C_/ST/Repository/STM32-FreeRTOS-cpp/freertos/tasks.c.obj
 .text.uxTaskResetEventItemValue
                0x00000000       0x44 CMakeFiles/firmware.elf.dir/C_/ST/Repository/STM32-FreeRTOS-cpp/freertos/tasks.c.obj
 .text.pvTaskIncrementMutexHeldCount
                0x00000000       0x30 CMakeFiles/firmware.elf.dir/C_/ST/Repository/STM32-FreeRTOS-cpp/freertos/tasks.c.obj
 .text.ulTaskGenericNotifyTake
                0x00000000      0x10c CMakeFiles/firmware.elf.dir/C_/ST/Repository/STM32-FreeRTOS-cpp/freertos/tasks.c.obj
 .text.xTaskGenericNotifyWait
                0x00000000      0x13c CMakeFiles/firmware.elf.dir/C_/ST/Repository/STM32-FreeRTOS-cpp/freertos/tasks.c.obj
 .text.xTaskGenericNotify
                0x00000000      0x258 CMakeFiles/firmware.elf.dir/C_/ST/Repository/STM32-FreeRTOS-cpp/freertos/tasks.c.obj
 .text.xTaskGenericNotifyFromISR
                0x00000000      0x2c8 CMakeFiles/firmware.elf.dir/C_/ST/Repository/STM32-FreeRTOS-cpp/freertos/tasks.c.obj
 .text.vTaskGenericNotifyGiveFromISR
                0x00000000      0x218 CMakeFiles/firmware.elf.dir/C_/ST/Repository/STM32-FreeRTOS-cpp/freertos/tasks.c.obj
 .text.xTaskGenericNotifyStateClear
                0x00000000       0x94 CMakeFiles/firmware.elf.dir/C_/ST/Repository/STM32-FreeRTOS-cpp/freertos/tasks.c.obj
 .text.ulTaskGenericNotifyValueClear
                0x00000000       0x98 CMakeFiles/firmware.elf.dir/C_/ST/Repository/STM32-FreeRTOS-cpp/freertos/tasks.c.obj
 .text.vTaskResetState
                0x00000000       0xb8 CMakeFiles/firmware.elf.dir/C_/ST/Repository/STM32-FreeRTOS-cpp/freertos/tasks.c.obj
 .text          0x00000000        0x0 CMakeFiles/firmware.elf.dir/C_/ST/Repository/STM32-FreeRTOS-cpp/freertos/list.c.obj
 .data          0x00000000        0x0 CMakeFiles/firmware.elf.dir/C_/ST/Repository/STM32-FreeRTOS-cpp/freertos/list.c.obj
 .bss           0x00000000        0x0 CMakeFiles/firmware.elf.dir/C_/ST/Repository/STM32-FreeRTOS-cpp/freertos/list.c.obj
 .text.vListInsertEnd
                0x00000000       0x48 CMakeFiles/firmware.elf.dir/C_/ST/Repository/STM32-FreeRTOS-cpp/freertos/list.c.obj
 .text          0x00000000        0x0 CMakeFiles/firmware.elf.dir/C_/ST/Repository/STM32-FreeRTOS-cpp/freertos/queue.c.obj
 .data          0x00000000        0x0 CMakeFiles/firmware.elf.dir/C_/ST/Repository/STM32-FreeRTOS-cpp/freertos/queue.c.obj
 .bss           0x00000000        0x0 CMakeFiles/firmware.elf.dir/C_/ST/Repository/STM32-FreeRTOS-cpp/freertos/queue.c.obj
 .text.xQueueGenericGetStaticBuffers
                0x00000000       0x82 CMakeFiles/firmware.elf.dir/C_/ST/Repository/STM32-FreeRTOS-cpp/freertos/queue.c.obj
 .text.prvInitialiseMutex
                0x00000000       0x3c CMakeFiles/firmware.elf.dir/C_/ST/Repository/STM32-FreeRTOS-cpp/freertos/queue.c.obj
 .text.xQueueCreateMutex
                0x00000000       0x30 CMakeFiles/firmware.elf.dir/C_/ST/Repository/STM32-FreeRTOS-cpp/freertos/queue.c.obj
 .text.xQueueCreateMutexStatic
                0x00000000       0x36 CMakeFiles/firmware.elf.dir/C_/ST/Repository/STM32-FreeRTOS-cpp/freertos/queue.c.obj
 .text.xQueueGiveMutexRecursive
                0x00000000       0x72 CMakeFiles/firmware.elf.dir/C_/ST/Repository/STM32-FreeRTOS-cpp/freertos/queue.c.obj
 .text.xQueueTakeMutexRecursive
                0x00000000       0xb2 CMakeFiles/firmware.elf.dir/C_/ST/Repository/STM32-FreeRTOS-cpp/freertos/queue.c.obj
 .text.xQueueCreateCountingSemaphoreStatic
                0x00000000       0x66 CMakeFiles/firmware.elf.dir/C_/ST/Repository/STM32-FreeRTOS-cpp/freertos/queue.c.obj
 .text.xQueueCreateCountingSemaphore
                0x00000000       0x5e CMakeFiles/firmware.elf.dir/C_/ST/Repository/STM32-FreeRTOS-cpp/freertos/queue.c.obj
 .text.xQueueGenericSend
                0x00000000      0x20c CMakeFiles/firmware.elf.dir/C_/ST/Repository/STM32-FreeRTOS-cpp/freertos/queue.c.obj
 .text.xQueueGiveFromISR
                0x00000000      0x148 CMakeFiles/firmware.elf.dir/C_/ST/Repository/STM32-FreeRTOS-cpp/freertos/queue.c.obj
 .text.xQueueSemaphoreTake
                0x00000000      0x208 CMakeFiles/firmware.elf.dir/C_/ST/Repository/STM32-FreeRTOS-cpp/freertos/queue.c.obj
 .text.xQueuePeek
                0x00000000      0x1b8 CMakeFiles/firmware.elf.dir/C_/ST/Repository/STM32-FreeRTOS-cpp/freertos/queue.c.obj
 .text.xQueueReceiveFromISR
                0x00000000      0x134 CMakeFiles/firmware.elf.dir/C_/ST/Repository/STM32-FreeRTOS-cpp/freertos/queue.c.obj
 .text.xQueuePeekFromISR
                0x00000000       0xd0 CMakeFiles/firmware.elf.dir/C_/ST/Repository/STM32-FreeRTOS-cpp/freertos/queue.c.obj
 .text.uxQueueMessagesWaiting
                0x00000000       0x3e CMakeFiles/firmware.elf.dir/C_/ST/Repository/STM32-FreeRTOS-cpp/freertos/queue.c.obj
 .text.uxQueueSpacesAvailable
                0x00000000       0x48 CMakeFiles/firmware.elf.dir/C_/ST/Repository/STM32-FreeRTOS-cpp/freertos/queue.c.obj
 .text.uxQueueMessagesWaitingFromISR
                0x00000000       0x3e CMakeFiles/firmware.elf.dir/C_/ST/Repository/STM32-FreeRTOS-cpp/freertos/queue.c.obj
 .text.vQueueDelete
                0x00000000       0x42 CMakeFiles/firmware.elf.dir/C_/ST/Repository/STM32-FreeRTOS-cpp/freertos/queue.c.obj
 .text.uxQueueGetQueueItemSize
                0x00000000       0x18 CMakeFiles/firmware.elf.dir/C_/ST/Repository/STM32-FreeRTOS-cpp/freertos/queue.c.obj
 .text.uxQueueGetQueueLength
                0x00000000       0x18 CMakeFiles/firmware.elf.dir/C_/ST/Repository/STM32-FreeRTOS-cpp/freertos/queue.c.obj
 .text.prvGetHighestPriorityOfWaitToReceiveList
                0x00000000       0x34 CMakeFiles/firmware.elf.dir/C_/ST/Repository/STM32-FreeRTOS-cpp/freertos/queue.c.obj
 .text.xQueueIsQueueEmptyFromISR
                0x00000000       0x4a CMakeFiles/firmware.elf.dir/C_/ST/Repository/STM32-FreeRTOS-cpp/freertos/queue.c.obj
 .text.prvIsQueueFull
                0x00000000       0x30 CMakeFiles/firmware.elf.dir/C_/ST/Repository/STM32-FreeRTOS-cpp/freertos/queue.c.obj
 .text.xQueueIsQueueFullFromISR
                0x00000000       0x4e CMakeFiles/firmware.elf.dir/C_/ST/Repository/STM32-FreeRTOS-cpp/freertos/queue.c.obj
 .text          0x00000000        0x0 CMakeFiles/firmware.elf.dir/C_/ST/Repository/STM32-FreeRTOS-cpp/freertos/timers.c.obj
 .data          0x00000000        0x0 CMakeFiles/firmware.elf.dir/C_/ST/Repository/STM32-FreeRTOS-cpp/freertos/timers.c.obj
 .bss           0x00000000        0x0 CMakeFiles/firmware.elf.dir/C_/ST/Repository/STM32-FreeRTOS-cpp/freertos/timers.c.obj
 .text.xTimerCreate
                0x00000000       0x46 CMakeFiles/firmware.elf.dir/C_/ST/Repository/STM32-FreeRTOS-cpp/freertos/timers.c.obj
 .text.xTimerCreateStatic
                0x00000000       0x84 CMakeFiles/firmware.elf.dir/C_/ST/Repository/STM32-FreeRTOS-cpp/freertos/timers.c.obj
 .text.prvInitialiseNewTimer
                0x00000000       0x76 CMakeFiles/firmware.elf.dir/C_/ST/Repository/STM32-FreeRTOS-cpp/freertos/timers.c.obj
 .text.xTimerGenericCommandFromTask
                0x00000000       0xa0 CMakeFiles/firmware.elf.dir/C_/ST/Repository/STM32-FreeRTOS-cpp/freertos/timers.c.obj
 .text.xTimerGenericCommandFromISR
                0x00000000       0x74 CMakeFiles/firmware.elf.dir/C_/ST/Repository/STM32-FreeRTOS-cpp/freertos/timers.c.obj
 .text.xTimerGetTimerDaemonTaskHandle
                0x00000000       0x3c CMakeFiles/firmware.elf.dir/C_/ST/Repository/STM32-FreeRTOS-cpp/freertos/timers.c.obj
 .text.xTimerGetPeriod
                0x00000000       0x3e CMakeFiles/firmware.elf.dir/C_/ST/Repository/STM32-FreeRTOS-cpp/freertos/timers.c.obj
 .text.vTimerSetReloadMode
                0x00000000       0x68 CMakeFiles/firmware.elf.dir/C_/ST/Repository/STM32-FreeRTOS-cpp/freertos/timers.c.obj
 .text.xTimerGetReloadMode
                0x00000000       0x54 CMakeFiles/firmware.elf.dir/C_/ST/Repository/STM32-FreeRTOS-cpp/freertos/timers.c.obj
 .text.uxTimerGetReloadMode
                0x00000000       0x1c CMakeFiles/firmware.elf.dir/C_/ST/Repository/STM32-FreeRTOS-cpp/freertos/timers.c.obj
 .text.xTimerGetExpiryTime
                0x00000000       0x46 CMakeFiles/firmware.elf.dir/C_/ST/Repository/STM32-FreeRTOS-cpp/freertos/timers.c.obj
 .text.xTimerGetStaticBuffer
                0x00000000       0x58 CMakeFiles/firmware.elf.dir/C_/ST/Repository/STM32-FreeRTOS-cpp/freertos/timers.c.obj
 .text.pcTimerGetName
                0x00000000       0x3a CMakeFiles/firmware.elf.dir/C_/ST/Repository/STM32-FreeRTOS-cpp/freertos/timers.c.obj
 .text.xTimerIsTimerActive
                0x00000000       0x54 CMakeFiles/firmware.elf.dir/C_/ST/Repository/STM32-FreeRTOS-cpp/freertos/timers.c.obj
 .text.pvTimerGetTimerID
                0x00000000       0x42 CMakeFiles/firmware.elf.dir/C_/ST/Repository/STM32-FreeRTOS-cpp/freertos/timers.c.obj
 .text.vTimerSetTimerID
                0x00000000       0x42 CMakeFiles/firmware.elf.dir/C_/ST/Repository/STM32-FreeRTOS-cpp/freertos/timers.c.obj
 .text.vTimerResetState
                0x00000000       0x24 CMakeFiles/firmware.elf.dir/C_/ST/Repository/STM32-FreeRTOS-cpp/freertos/timers.c.obj
 .text          0x00000000        0x0 CMakeFiles/firmware.elf.dir/C_/ST/Repository/STM32-FreeRTOS-cpp/freertos/event_groups.c.obj
 .data          0x00000000        0x0 CMakeFiles/firmware.elf.dir/C_/ST/Repository/STM32-FreeRTOS-cpp/freertos/event_groups.c.obj
 .bss           0x00000000        0x0 CMakeFiles/firmware.elf.dir/C_/ST/Repository/STM32-FreeRTOS-cpp/freertos/event_groups.c.obj
 .text.xEventGroupCreateStatic
                0x00000000       0x7c CMakeFiles/firmware.elf.dir/C_/ST/Repository/STM32-FreeRTOS-cpp/freertos/event_groups.c.obj
 .text.xEventGroupCreate
                0x00000000       0x3e CMakeFiles/firmware.elf.dir/C_/ST/Repository/STM32-FreeRTOS-cpp/freertos/event_groups.c.obj
 .text.xEventGroupSync
                0x00000000      0x238 CMakeFiles/firmware.elf.dir/C_/ST/Repository/STM32-FreeRTOS-cpp/freertos/event_groups.c.obj
 .text.xEventGroupWaitBits
                0x00000000      0x268 CMakeFiles/firmware.elf.dir/C_/ST/Repository/STM32-FreeRTOS-cpp/freertos/event_groups.c.obj
 .text.xEventGroupClearBits
                0x00000000       0x90 CMakeFiles/firmware.elf.dir/C_/ST/Repository/STM32-FreeRTOS-cpp/freertos/event_groups.c.obj
 .text.xEventGroupGetBitsFromISR
                0x00000000       0x50 CMakeFiles/firmware.elf.dir/C_/ST/Repository/STM32-FreeRTOS-cpp/freertos/event_groups.c.obj
 .text.xEventGroupSetBits
                0x00000000      0x200 CMakeFiles/firmware.elf.dir/C_/ST/Repository/STM32-FreeRTOS-cpp/freertos/event_groups.c.obj
 .text.vEventGroupDelete
                0x00000000       0x90 CMakeFiles/firmware.elf.dir/C_/ST/Repository/STM32-FreeRTOS-cpp/freertos/event_groups.c.obj
 .text.xEventGroupGetStaticBuffer
                0x00000000       0x72 CMakeFiles/firmware.elf.dir/C_/ST/Repository/STM32-FreeRTOS-cpp/freertos/event_groups.c.obj
 .text.vEventGroupSetBitsCallback
                0x00000000       0x20 CMakeFiles/firmware.elf.dir/C_/ST/Repository/STM32-FreeRTOS-cpp/freertos/event_groups.c.obj
 .text.vEventGroupClearBitsCallback
                0x00000000       0x20 CMakeFiles/firmware.elf.dir/C_/ST/Repository/STM32-FreeRTOS-cpp/freertos/event_groups.c.obj
 .text.prvTestWaitCondition
                0x00000000       0x64 CMakeFiles/firmware.elf.dir/C_/ST/Repository/STM32-FreeRTOS-cpp/freertos/event_groups.c.obj
 .debug_info    0x00000000      0xb2a CMakeFiles/firmware.elf.dir/C_/ST/Repository/STM32-FreeRTOS-cpp/freertos/event_groups.c.obj
 .debug_abbrev  0x00000000      0x2e5 CMakeFiles/firmware.elf.dir/C_/ST/Repository/STM32-FreeRTOS-cpp/freertos/event_groups.c.obj
 .debug_aranges
                0x00000000       0x78 CMakeFiles/firmware.elf.dir/C_/ST/Repository/STM32-FreeRTOS-cpp/freertos/event_groups.c.obj
 .debug_rnglists
                0x00000000       0x5a CMakeFiles/firmware.elf.dir/C_/ST/Repository/STM32-FreeRTOS-cpp/freertos/event_groups.c.obj
 .debug_line    0x00000000      0x7ac CMakeFiles/firmware.elf.dir/C_/ST/Repository/STM32-FreeRTOS-cpp/freertos/event_groups.c.obj
 .debug_str     0x00000000      0x7fe CMakeFiles/firmware.elf.dir/C_/ST/Repository/STM32-FreeRTOS-cpp/freertos/event_groups.c.obj
 .comment       0x00000000       0x44 CMakeFiles/firmware.elf.dir/C_/ST/Repository/STM32-FreeRTOS-cpp/freertos/event_groups.c.obj
 .debug_frame   0x00000000      0x210 CMakeFiles/firmware.elf.dir/C_/ST/Repository/STM32-FreeRTOS-cpp/freertos/event_groups.c.obj
 .ARM.attributes
                0x00000000       0x34 CMakeFiles/firmware.elf.dir/C_/ST/Repository/STM32-FreeRTOS-cpp/freertos/event_groups.c.obj
 .text          0x00000000        0x0 CMakeFiles/firmware.elf.dir/C_/ST/Repository/STM32-FreeRTOS-cpp/freertos/portable/GCC/ARM_CM4F/port.c.obj
 .data          0x00000000        0x0 CMakeFiles/firmware.elf.dir/C_/ST/Repository/STM32-FreeRTOS-cpp/freertos/portable/GCC/ARM_CM4F/port.c.obj
 .bss           0x00000000        0x0 CMakeFiles/firmware.elf.dir/C_/ST/Repository/STM32-FreeRTOS-cpp/freertos/portable/GCC/ARM_CM4F/port.c.obj
 .rodata.pcInterruptPriorityRegisters
                0x00000000        0x4 CMakeFiles/firmware.elf.dir/C_/ST/Repository/STM32-FreeRTOS-cpp/freertos/portable/GCC/ARM_CM4F/port.c.obj
 .text.vPortEndScheduler
                0x00000000       0x38 CMakeFiles/firmware.elf.dir/C_/ST/Repository/STM32-FreeRTOS-cpp/freertos/portable/GCC/ARM_CM4F/port.c.obj
 .text          0x00000000        0x0 CMakeFiles/firmware.elf.dir/C_/ST/Repository/STM32-FreeRTOS-cpp/freertos/portable/MemMang/heap_4.c.obj
 .data          0x00000000        0x0 CMakeFiles/firmware.elf.dir/C_/ST/Repository/STM32-FreeRTOS-cpp/freertos/portable/MemMang/heap_4.c.obj
 .bss           0x00000000        0x0 CMakeFiles/firmware.elf.dir/C_/ST/Repository/STM32-FreeRTOS-cpp/freertos/portable/MemMang/heap_4.c.obj
 .rodata.xHeapStructSize
                0x00000000        0x4 CMakeFiles/firmware.elf.dir/C_/ST/Repository/STM32-FreeRTOS-cpp/freertos/portable/MemMang/heap_4.c.obj
 .text.xPortGetFreeHeapSize
                0x00000000       0x18 CMakeFiles/firmware.elf.dir/C_/ST/Repository/STM32-FreeRTOS-cpp/freertos/portable/MemMang/heap_4.c.obj
 .text.xPortGetMinimumEverFreeHeapSize
                0x00000000       0x18 CMakeFiles/firmware.elf.dir/C_/ST/Repository/STM32-FreeRTOS-cpp/freertos/portable/MemMang/heap_4.c.obj
 .text.xPortResetHeapMinimumEverFreeHeapSize
                0x00000000       0x20 CMakeFiles/firmware.elf.dir/C_/ST/Repository/STM32-FreeRTOS-cpp/freertos/portable/MemMang/heap_4.c.obj
 .text.vPortInitialiseBlocks
                0x00000000        0xe CMakeFiles/firmware.elf.dir/C_/ST/Repository/STM32-FreeRTOS-cpp/freertos/portable/MemMang/heap_4.c.obj
 .text.pvPortCalloc
                0x00000000       0x60 CMakeFiles/firmware.elf.dir/C_/ST/Repository/STM32-FreeRTOS-cpp/freertos/portable/MemMang/heap_4.c.obj
 .text.vPortGetHeapStats
                0x00000000       0xbc CMakeFiles/firmware.elf.dir/C_/ST/Repository/STM32-FreeRTOS-cpp/freertos/portable/MemMang/heap_4.c.obj
 .text.vPortHeapResetState
                0x00000000       0x40 CMakeFiles/firmware.elf.dir/C_/ST/Repository/STM32-FreeRTOS-cpp/freertos/portable/MemMang/heap_4.c.obj
 .text          0x00000000        0x0 c:/ST/Repository/STM32-FreeRTOS-cpp/STM32TOOLS/GCC/bin/../lib/gcc/arm-none-eabi/13.3.1/../../../../arm-none-eabi/lib/thumb/v7e-m+fp/hard\libg_nano.a(libc_a-memset.o)
 .data          0x00000000        0x0 c:/ST/Repository/STM32-FreeRTOS-cpp/STM32TOOLS/GCC/bin/../lib/gcc/arm-none-eabi/13.3.1/../../../../arm-none-eabi/lib/thumb/v7e-m+fp/hard\libg_nano.a(libc_a-memset.o)
 .bss           0x00000000        0x0 c:/ST/Repository/STM32-FreeRTOS-cpp/STM32TOOLS/GCC/bin/../lib/gcc/arm-none-eabi/13.3.1/../../../../arm-none-eabi/lib/thumb/v7e-m+fp/hard\libg_nano.a(libc_a-memset.o)
 .text          0x00000000        0x0 c:/ST/Repository/STM32-FreeRTOS-cpp/STM32TOOLS/GCC/bin/../lib/gcc/arm-none-eabi/13.3.1/../../../../arm-none-eabi/lib/thumb/v7e-m+fp/hard\libg_nano.a(libc_a-init.o)
 .data          0x00000000        0x0 c:/ST/Repository/STM32-FreeRTOS-cpp/STM32TOOLS/GCC/bin/../lib/gcc/arm-none-eabi/13.3.1/../../../../arm-none-eabi/lib/thumb/v7e-m+fp/hard\libg_nano.a(libc_a-init.o)
 .bss           0x00000000        0x0 c:/ST/Repository/STM32-FreeRTOS-cpp/STM32TOOLS/GCC/bin/../lib/gcc/arm-none-eabi/13.3.1/../../../../arm-none-eabi/lib/thumb/v7e-m+fp/hard\libg_nano.a(libc_a-init.o)
 .text          0x00000000        0x0 c:/ST/Repository/STM32-FreeRTOS-cpp/STM32TOOLS/GCC/bin/../lib/gcc/arm-none-eabi/13.3.1/../../../../arm-none-eabi/lib/thumb/v7e-m+fp/hard\libg_nano.a(libc_a-memcpy-stub.o)
 .data          0x00000000        0x0 c:/ST/Repository/STM32-FreeRTOS-cpp/STM32TOOLS/GCC/bin/../lib/gcc/arm-none-eabi/13.3.1/../../../../arm-none-eabi/lib/thumb/v7e-m+fp/hard\libg_nano.a(libc_a-memcpy-stub.o)
 .bss           0x00000000        0x0 c:/ST/Repository/STM32-FreeRTOS-cpp/STM32TOOLS/GCC/bin/../lib/gcc/arm-none-eabi/13.3.1/../../../../arm-none-eabi/lib/thumb/v7e-m+fp/hard\libg_nano.a(libc_a-memcpy-stub.o)

Memory Configuration

Name             Origin             Length             Attributes
FLASH            0x08000000         0x00020000         xr
RAM              0x20000000         0x00008000         xrw
*default*        0x00000000         0xffffffff

Linker script and memory map

LOAD CMakeFiles/firmware.elf.dir/src/crt_stubs.c.obj
LOAD CMakeFiles/firmware.elf.dir/src/main.cpp.obj
LOAD CMakeFiles/firmware.elf.dir/src/startup_stm32g431xx.s.obj
LOAD CMakeFiles/firmware.elf.dir/src/system_stm32g4xx.c.obj
LOAD CMakeFiles/firmware.elf.dir/C_/ST/Repository/STM32-FreeRTOS-cpp/freertos/tasks.c.obj
LOAD CMakeFiles/firmware.elf.dir/C_/ST/Repository/STM32-FreeRTOS-cpp/freertos/list.c.obj
LOAD CMakeFiles/firmware.elf.dir/C_/ST/Repository/STM32-FreeRTOS-cpp/freertos/queue.c.obj
LOAD CMakeFiles/firmware.elf.dir/C_/ST/Repository/STM32-FreeRTOS-cpp/freertos/timers.c.obj
LOAD CMakeFiles/firmware.elf.dir/C_/ST/Repository/STM32-FreeRTOS-cpp/freertos/event_groups.c.obj
LOAD CMakeFiles/firmware.elf.dir/C_/ST/Repository/STM32-FreeRTOS-cpp/freertos/portable/GCC/ARM_CM4F/port.c.obj
LOAD CMakeFiles/firmware.elf.dir/C_/ST/Repository/STM32-FreeRTOS-cpp/freertos/portable/MemMang/heap_4.c.obj
LOAD c:/ST/Repository/STM32-FreeRTOS-cpp/STM32TOOLS/GCC/bin/../lib/gcc/arm-none-eabi/13.3.1/../../../../arm-none-eabi/lib/thumb/v7e-m+fp/hard\libstdc++_nano.a
LOAD c:/ST/Repository/STM32-FreeRTOS-cpp/STM32TOOLS/GCC/bin/../lib/gcc/arm-none-eabi/13.3.1/../../../../arm-none-eabi/lib/thumb/v7e-m+fp/hard\libm.a
START GROUP
LOAD c:/ST/Repository/STM32-FreeRTOS-cpp/STM32TOOLS/GCC/bin/../lib/gcc/arm-none-eabi/13.3.1/thumb/v7e-m+fp/hard\libgcc.a
LOAD c:/ST/Repository/STM32-FreeRTOS-cpp/STM32TOOLS/GCC/bin/../lib/gcc/arm-none-eabi/13.3.1/../../../../arm-none-eabi/lib/thumb/v7e-m+fp/hard\libg_nano.a
LOAD c:/ST/Repository/STM32-FreeRTOS-cpp/STM32TOOLS/GCC/bin/../lib/gcc/arm-none-eabi/13.3.1/../../../../arm-none-eabi/lib/thumb/v7e-m+fp/hard\libc_nano.a
END GROUP
START GROUP
LOAD c:/ST/Repository/STM32-FreeRTOS-cpp/STM32TOOLS/GCC/bin/../lib/gcc/arm-none-eabi/13.3.1/thumb/v7e-m+fp/hard\libgcc.a
LOAD c:/ST/Repository/STM32-FreeRTOS-cpp/STM32TOOLS/GCC/bin/../lib/gcc/arm-none-eabi/13.3.1/../../../../arm-none-eabi/lib/thumb/v7e-m+fp/hard\libc_nano.a
LOAD c:/ST/Repository/STM32-FreeRTOS-cpp/STM32TOOLS/GCC/bin/../lib/gcc/arm-none-eabi/13.3.1/../../../../arm-none-eabi/lib/thumb/v7e-m+fp/hard\libnosys.a
END GROUP
START GROUP
LOAD c:/ST/Repository/STM32-FreeRTOS-cpp/STM32TOOLS/GCC/bin/../lib/gcc/arm-none-eabi/13.3.1/thumb/v7e-m+fp/hard\libgcc.a
LOAD c:/ST/Repository/STM32-FreeRTOS-cpp/STM32TOOLS/GCC/bin/../lib/gcc/arm-none-eabi/13.3.1/../../../../arm-none-eabi/lib/thumb/v7e-m+fp/hard\libc_nano.a
LOAD c:/ST/Repository/STM32-FreeRTOS-cpp/STM32TOOLS/GCC/bin/../lib/gcc/arm-none-eabi/13.3.1/../../../../arm-none-eabi/lib/thumb/v7e-m+fp/hard\libnosys.a
END GROUP
                0x20008000                        _estack = (ORIGIN (RAM) + LENGTH (RAM))

.isr_vector     0x08000000      0x1d8
 *(.isr_vector)
 .isr_vector    0x08000000      0x1d8 CMakeFiles/firmware.elf.dir/src/startup_stm32g431xx.s.obj
                0x08000000                g_pfnVectors

.text           0x080001d8     0x39d0
 *(.text*)
 .text._init    0x080001d8        0xe CMakeFiles/firmware.elf.dir/src/crt_stubs.c.obj
                0x080001d8                _init
 .text._fini    0x080001e6        0xe CMakeFiles/firmware.elf.dir/src/crt_stubs.c.obj
                0x080001e6                _fini
 .text.__NVIC_EnableIRQ
                0x080001f4       0x3c CMakeFiles/firmware.elf.dir/src/main.cpp.obj
 .text.__NVIC_SetPriority
                0x08000230       0x54 CMakeFiles/firmware.elf.dir/src/main.cpp.obj
 .text._ZN4Task9taskEntryEPv
                0x08000284       0x1a CMakeFiles/firmware.elf.dir/src/main.cpp.obj
                0x08000284                Task::taskEntry(void*)
 *fill*         0x0800029e        0x2 
 .text._ZN8UartPinsILi2EE4uartEv
                0x080002a0       0x14 CMakeFiles/firmware.elf.dir/src/main.cpp.obj
                0x080002a0                UartPins<2>::uart()
 .text._ZN8UartPinsILi2EE11enableClockEv
                0x080002b4       0x20 CMakeFiles/firmware.elf.dir/src/main.cpp.obj
                0x080002b4                UartPins<2>::enableClock()
 .text.EXTI15_10_IRQHandler
                0x080002d4       0x64 CMakeFiles/firmware.elf.dir/src/main.cpp.obj
                0x080002d4                EXTI15_10_IRQHandler
 .text._ZN7LedTask4initEv
                0x08000338       0x24 CMakeFiles/firmware.elf.dir/src/main.cpp.obj
                0x08000338                LedTask::init()
 .text._ZN7LedTask3runEv
                0x0800035c       0x48 CMakeFiles/firmware.elf.dir/src/main.cpp.obj
                0x0800035c                LedTask::run()
 .text.main     0x080003a4       0x68 CMakeFiles/firmware.elf.dir/src/main.cpp.obj
                0x080003a4                main
 .text._ZN4GpioIL8GpioPort0ELh5EL8GpioMode1EL9GpioSpeed0EL8GpioPull0EL6GpioAF0EL9GpioOType0EE4initEv
                0x0800040c       0x2a CMakeFiles/firmware.elf.dir/src/main.cpp.obj
                0x0800040c                Gpio<(GpioPort)0, (unsigned char)5, (GpioMode)1, (GpioSpeed)0, (GpioPull)0, (GpioAF)0, (GpioOType)0>::init()
 .text._ZN4GpioIL8GpioPort0ELh5EL8GpioMode1EL9GpioSpeed0EL8GpioPull0EL6GpioAF0EL9GpioOType0EE5clearEv
                0x08000436       0x14 CMakeFiles/firmware.elf.dir/src/main.cpp.obj
                0x08000436                Gpio<(GpioPort)0, (unsigned char)5, (GpioMode)1, (GpioSpeed)0, (GpioPull)0, (GpioAF)0, (GpioOType)0>::clear()
 *fill*         0x0800044a        0x2 
 .text._ZN4UartILi2ELi115200EE4initEm
                0x0800044c       0x60 CMakeFiles/firmware.elf.dir/src/main.cpp.obj
                0x0800044c                Uart<2, 115200>::init(unsigned long)
 .text._ZN4GpioIL8GpioPort0ELh5EL8GpioMode1EL9GpioSpeed0EL8GpioPull0EL6GpioAF0EL9GpioOType0EE6toggleEv
                0x080004ac       0x16 CMakeFiles/firmware.elf.dir/src/main.cpp.obj
                0x080004ac                Gpio<(GpioPort)0, (unsigned char)5, (GpioMode)1, (GpioSpeed)0, (GpioPull)0, (GpioAF)0, (GpioOType)0>::toggle()
 .text._ZN4UartILi2ELi115200EE4sendEPKc
                0x080004c2       0x2a CMakeFiles/firmware.elf.dir/src/main.cpp.obj
                0x080004c2                Uart<2, 115200>::send(char const*)
 .text._ZN4GpioIL8GpioPort2ELh13EL8GpioMode0EL9GpioSpeed0EL8GpioPull0EL6GpioAF0EL9GpioOType0EE4initEv
                0x080004ec       0x2a CMakeFiles/firmware.elf.dir/src/main.cpp.obj
                0x080004ec                Gpio<(GpioPort)2, (unsigned char)13, (GpioMode)0, (GpioSpeed)0, (GpioPull)0, (GpioAF)0, (GpioOType)0>::init()
 *fill*         0x08000516        0x2 
 .text._ZN4GpioIL8GpioPort2ELh13EL8GpioMode0EL9GpioSpeed0EL8GpioPull0EL6GpioAF0EL9GpioOType0EE12setInterruptE11GpioIrqEdge
                0x08000518       0xf0 CMakeFiles/firmware.elf.dir/src/main.cpp.obj
                0x08000518                Gpio<(GpioPort)2, (unsigned char)13, (GpioMode)0, (GpioSpeed)0, (GpioPull)0, (GpioAF)0, (GpioOType)0>::setInterrupt(GpioIrqEdge)
 .text._ZN4GpioIL8GpioPort0ELh5EL8GpioMode1EL9GpioSpeed0EL8GpioPull0EL6GpioAF0EL9GpioOType0EE11enableClockEv
                0x08000608       0x20 CMakeFiles/firmware.elf.dir/src/main.cpp.obj
                0x08000608                Gpio<(GpioPort)0, (unsigned char)5, (GpioMode)1, (GpioSpeed)0, (GpioPull)0, (GpioAF)0, (GpioOType)0>::enableClock()
 .text._ZN4GpioIL8GpioPort0ELh5EL8GpioMode1EL9GpioSpeed0EL8GpioPull0EL6GpioAF0EL9GpioOType0EE7setModeES1_
                0x08000628       0x2e CMakeFiles/firmware.elf.dir/src/main.cpp.obj
                0x08000628                Gpio<(GpioPort)0, (unsigned char)5, (GpioMode)1, (GpioSpeed)0, (GpioPull)0, (GpioAF)0, (GpioOType)0>::setMode(GpioMode)
 .text._ZN4GpioIL8GpioPort0ELh5EL8GpioMode1EL9GpioSpeed0EL8GpioPull0EL6GpioAF0EL9GpioOType0EE5setAFES4_
                0x08000656       0x14 CMakeFiles/firmware.elf.dir/src/main.cpp.obj
                0x08000656                Gpio<(GpioPort)0, (unsigned char)5, (GpioMode)1, (GpioSpeed)0, (GpioPull)0, (GpioAF)0, (GpioOType)0>::setAF(GpioAF)
 .text._ZN4GpioIL8GpioPort0ELh5EL8GpioMode1EL9GpioSpeed0EL8GpioPull0EL6GpioAF0EL9GpioOType0EE8setSpeedES2_
                0x0800066a       0x2e CMakeFiles/firmware.elf.dir/src/main.cpp.obj
                0x0800066a                Gpio<(GpioPort)0, (unsigned char)5, (GpioMode)1, (GpioSpeed)0, (GpioPull)0, (GpioAF)0, (GpioOType)0>::setSpeed(GpioSpeed)
 .text._ZN4GpioIL8GpioPort0ELh5EL8GpioMode1EL9GpioSpeed0EL8GpioPull0EL6GpioAF0EL9GpioOType0EE7setPullES3_
                0x08000698       0x2e CMakeFiles/firmware.elf.dir/src/main.cpp.obj
                0x08000698                Gpio<(GpioPort)0, (unsigned char)5, (GpioMode)1, (GpioSpeed)0, (GpioPull)0, (GpioAF)0, (GpioOType)0>::setPull(GpioPull)
 .text._ZN4GpioIL8GpioPort0ELh5EL8GpioMode1EL9GpioSpeed0EL8GpioPull0EL6GpioAF0EL9GpioOType0EE8setOTypeES5_
                0x080006c6       0x20 CMakeFiles/firmware.elf.dir/src/main.cpp.obj
                0x080006c6                Gpio<(GpioPort)0, (unsigned char)5, (GpioMode)1, (GpioSpeed)0, (GpioPull)0, (GpioAF)0, (GpioOType)0>::setOType(GpioOType)
 .text._ZN4GpioIL8GpioPort0ELh5EL8GpioMode1EL9GpioSpeed0EL8GpioPull0EL6GpioAF0EL9GpioOType0EE4portEv
                0x080006e6       0x12 CMakeFiles/firmware.elf.dir/src/main.cpp.obj
                0x080006e6                Gpio<(GpioPort)0, (unsigned char)5, (GpioMode)1, (GpioSpeed)0, (GpioPull)0, (GpioAF)0, (GpioOType)0>::port()
 .text._ZN4GpioIL8GpioPort0ELh2EL8GpioMode2EL9GpioSpeed3EL8GpioPull0EL6GpioAF7EL9GpioOType0EE4initEv
                0x080006f8       0x2a CMakeFiles/firmware.elf.dir/src/main.cpp.obj
                0x080006f8                Gpio<(GpioPort)0, (unsigned char)2, (GpioMode)2, (GpioSpeed)3, (GpioPull)0, (GpioAF)7, (GpioOType)0>::init()
 .text._ZN4GpioIL8GpioPort0ELh3EL8GpioMode2EL9GpioSpeed3EL8GpioPull0EL6GpioAF7EL9GpioOType0EE4initEv
                0x08000722       0x2a CMakeFiles/firmware.elf.dir/src/main.cpp.obj
                0x08000722                Gpio<(GpioPort)0, (unsigned char)3, (GpioMode)2, (GpioSpeed)3, (GpioPull)0, (GpioAF)7, (GpioOType)0>::init()
 .text._ZN4UartILi2ELi115200EE1UEv
                0x0800074c        0xe CMakeFiles/firmware.elf.dir/src/main.cpp.obj
                0x0800074c                Uart<2, 115200>::U()
 .text._ZN4UartILi2ELi115200EE8sendCharEc
                0x0800075a       0x38 CMakeFiles/firmware.elf.dir/src/main.cpp.obj
                0x0800075a                Uart<2, 115200>::sendChar(char)
 *fill*         0x08000792        0x2 
 .text._ZN4GpioIL8GpioPort2ELh13EL8GpioMode0EL9GpioSpeed0EL8GpioPull0EL6GpioAF0EL9GpioOType0EE11enableClockEv
                0x08000794       0x20 CMakeFiles/firmware.elf.dir/src/main.cpp.obj
                0x08000794                Gpio<(GpioPort)2, (unsigned char)13, (GpioMode)0, (GpioSpeed)0, (GpioPull)0, (GpioAF)0, (GpioOType)0>::enableClock()
 .text._ZN4GpioIL8GpioPort2ELh13EL8GpioMode0EL9GpioSpeed0EL8GpioPull0EL6GpioAF0EL9GpioOType0EE7setModeES1_
                0x080007b4       0x2e CMakeFiles/firmware.elf.dir/src/main.cpp.obj
                0x080007b4                Gpio<(GpioPort)2, (unsigned char)13, (GpioMode)0, (GpioSpeed)0, (GpioPull)0, (GpioAF)0, (GpioOType)0>::setMode(GpioMode)
 .text._ZN4GpioIL8GpioPort2ELh13EL8GpioMode0EL9GpioSpeed0EL8GpioPull0EL6GpioAF0EL9GpioOType0EE5setAFES4_
                0x080007e2       0x14 CMakeFiles/firmware.elf.dir/src/main.cpp.obj
                0x080007e2                Gpio<(GpioPort)2, (unsigned char)13, (GpioMode)0, (GpioSpeed)0, (GpioPull)0, (GpioAF)0, (GpioOType)0>::setAF(GpioAF)
 .text._ZN4GpioIL8GpioPort2ELh13EL8GpioMode0EL9GpioSpeed0EL8GpioPull0EL6GpioAF0EL9GpioOType0EE8setSpeedES2_
                0x080007f6       0x2e CMakeFiles/firmware.elf.dir/src/main.cpp.obj
                0x080007f6                Gpio<(GpioPort)2, (unsigned char)13, (GpioMode)0, (GpioSpeed)0, (GpioPull)0, (GpioAF)0, (GpioOType)0>::setSpeed(GpioSpeed)
 .text._ZN4GpioIL8GpioPort2ELh13EL8GpioMode0EL9GpioSpeed0EL8GpioPull0EL6GpioAF0EL9GpioOType0EE7setPullES3_
                0x08000824       0x2e CMakeFiles/firmware.elf.dir/src/main.cpp.obj
                0x08000824                Gpio<(GpioPort)2, (unsigned char)13, (GpioMode)0, (GpioSpeed)0, (GpioPull)0, (GpioAF)0, (GpioOType)0>::setPull(GpioPull)
 .text._ZN4GpioIL8GpioPort2ELh13EL8GpioMode0EL9GpioSpeed0EL8GpioPull0EL6GpioAF0EL9GpioOType0EE8setOTypeES5_
                0x08000852       0x20 CMakeFiles/firmware.elf.dir/src/main.cpp.obj
                0x08000852                Gpio<(GpioPort)2, (unsigned char)13, (GpioMode)0, (GpioSpeed)0, (GpioPull)0, (GpioAF)0, (GpioOType)0>::setOType(GpioOType)
 *fill*         0x08000872        0x2 
 .text._ZN4GpioIL8GpioPort0ELh2EL8GpioMode2EL9GpioSpeed3EL8GpioPull0EL6GpioAF7EL9GpioOType0EE11enableClockEv
                0x08000874       0x20 CMakeFiles/firmware.elf.dir/src/main.cpp.obj
                0x08000874                Gpio<(GpioPort)0, (unsigned char)2, (GpioMode)2, (GpioSpeed)3, (GpioPull)0, (GpioAF)7, (GpioOType)0>::enableClock()
 .text._ZN4GpioIL8GpioPort0ELh2EL8GpioMode2EL9GpioSpeed3EL8GpioPull0EL6GpioAF7EL9GpioOType0EE7setModeES1_
                0x08000894       0x2e CMakeFiles/firmware.elf.dir/src/main.cpp.obj
                0x08000894                Gpio<(GpioPort)0, (unsigned char)2, (GpioMode)2, (GpioSpeed)3, (GpioPull)0, (GpioAF)7, (GpioOType)0>::setMode(GpioMode)
 .text._ZN4GpioIL8GpioPort0ELh2EL8GpioMode2EL9GpioSpeed3EL8GpioPull0EL6GpioAF7EL9GpioOType0EE5setAFES4_
                0x080008c2       0x2e CMakeFiles/firmware.elf.dir/src/main.cpp.obj
                0x080008c2                Gpio<(GpioPort)0, (unsigned char)2, (GpioMode)2, (GpioSpeed)3, (GpioPull)0, (GpioAF)7, (GpioOType)0>::setAF(GpioAF)
 .text._ZN4GpioIL8GpioPort0ELh2EL8GpioMode2EL9GpioSpeed3EL8GpioPull0EL6GpioAF7EL9GpioOType0EE8setSpeedES2_
                0x080008f0       0x2e CMakeFiles/firmware.elf.dir/src/main.cpp.obj
                0x080008f0                Gpio<(GpioPort)0, (unsigned char)2, (GpioMode)2, (GpioSpeed)3, (GpioPull)0, (GpioAF)7, (GpioOType)0>::setSpeed(GpioSpeed)
 .text._ZN4GpioIL8GpioPort0ELh2EL8GpioMode2EL9GpioSpeed3EL8GpioPull0EL6GpioAF7EL9GpioOType0EE7setPullES3_
                0x0800091e       0x2e CMakeFiles/firmware.elf.dir/src/main.cpp.obj
                0x0800091e                Gpio<(GpioPort)0, (unsigned char)2, (GpioMode)2, (GpioSpeed)3, (GpioPull)0, (GpioAF)7, (GpioOType)0>::setPull(GpioPull)
 .text._ZN4GpioIL8GpioPort0ELh2EL8GpioMode2EL9GpioSpeed3EL8GpioPull0EL6GpioAF7EL9GpioOType0EE8setOTypeES5_
                0x0800094c       0x20 CMakeFiles/firmware.elf.dir/src/main.cpp.obj
                0x0800094c                Gpio<(GpioPort)0, (unsigned char)2, (GpioMode)2, (GpioSpeed)3, (GpioPull)0, (GpioAF)7, (GpioOType)0>::setOType(GpioOType)
 .text._ZN4GpioIL8GpioPort0ELh3EL8GpioMode2EL9GpioSpeed3EL8GpioPull0EL6GpioAF7EL9GpioOType0EE11enableClockEv
                0x0800096c       0x20 CMakeFiles/firmware.elf.dir/src/main.cpp.obj
                0x0800096c                Gpio<(GpioPort)0, (unsigned char)3, (GpioMode)2, (GpioSpeed)3, (GpioPull)0, (GpioAF)7, (GpioOType)0>::enableClock()
 .text._ZN4GpioIL8GpioPort0ELh3EL8GpioMode2EL9GpioSpeed3EL8GpioPull0EL6GpioAF7EL9GpioOType0EE7setModeES1_
                0x0800098c       0x2e CMakeFiles/firmware.elf.dir/src/main.cpp.obj
                0x0800098c                Gpio<(GpioPort)0, (unsigned char)3, (GpioMode)2, (GpioSpeed)3, (GpioPull)0, (GpioAF)7, (GpioOType)0>::setMode(GpioMode)
 .text._ZN4GpioIL8GpioPort0ELh3EL8GpioMode2EL9GpioSpeed3EL8GpioPull0EL6GpioAF7EL9GpioOType0EE5setAFES4_
                0x080009ba       0x2e CMakeFiles/firmware.elf.dir/src/main.cpp.obj
                0x080009ba                Gpio<(GpioPort)0, (unsigned char)3, (GpioMode)2, (GpioSpeed)3, (GpioPull)0, (GpioAF)7, (GpioOType)0>::setAF(GpioAF)
 .text._ZN4GpioIL8GpioPort0ELh3EL8GpioMode2EL9GpioSpeed3EL8GpioPull0EL6GpioAF7EL9GpioOType0EE8setSpeedES2_
                0x080009e8       0x2e CMakeFiles/firmware.elf.dir/src/main.cpp.obj
                0x080009e8                Gpio<(GpioPort)0, (unsigned char)3, (GpioMode)2, (GpioSpeed)3, (GpioPull)0, (GpioAF)7, (GpioOType)0>::setSpeed(GpioSpeed)
 .text._ZN4GpioIL8GpioPort0ELh3EL8GpioMode2EL9GpioSpeed3EL8GpioPull0EL6GpioAF7EL9GpioOType0EE7setPullES3_
                0x08000a16       0x2e CMakeFiles/firmware.elf.dir/src/main.cpp.obj
                0x08000a16                Gpio<(GpioPort)0, (unsigned char)3, (GpioMode)2, (GpioSpeed)3, (GpioPull)0, (GpioAF)7, (GpioOType)0>::setPull(GpioPull)
 .text._ZN4GpioIL8GpioPort0ELh3EL8GpioMode2EL9GpioSpeed3EL8GpioPull0EL6GpioAF7EL9GpioOType0EE8setOTypeES5_
                0x08000a44       0x20 CMakeFiles/firmware.elf.dir/src/main.cpp.obj
                0x08000a44                Gpio<(GpioPort)0, (unsigned char)3, (GpioMode)2, (GpioSpeed)3, (GpioPull)0, (GpioAF)7, (GpioOType)0>::setOType(GpioOType)
 .text._ZN4GpioIL8GpioPort2ELh13EL8GpioMode0EL9GpioSpeed0EL8GpioPull0EL6GpioAF0EL9GpioOType0EE4portEv
                0x08000a64       0x14 CMakeFiles/firmware.elf.dir/src/main.cpp.obj
                0x08000a64                Gpio<(GpioPort)2, (unsigned char)13, (GpioMode)0, (GpioSpeed)0, (GpioPull)0, (GpioAF)0, (GpioOType)0>::port()
 .text._ZN4GpioIL8GpioPort0ELh2EL8GpioMode2EL9GpioSpeed3EL8GpioPull0EL6GpioAF7EL9GpioOType0EE4portEv
                0x08000a78       0x12 CMakeFiles/firmware.elf.dir/src/main.cpp.obj
                0x08000a78                Gpio<(GpioPort)0, (unsigned char)2, (GpioMode)2, (GpioSpeed)3, (GpioPull)0, (GpioAF)7, (GpioOType)0>::port()
 .text._ZN4GpioIL8GpioPort0ELh3EL8GpioMode2EL9GpioSpeed3EL8GpioPull0EL6GpioAF7EL9GpioOType0EE4portEv
                0x08000a8a       0x12 CMakeFiles/firmware.elf.dir/src/main.cpp.obj
                0x08000a8a                Gpio<(GpioPort)0, (unsigned char)3, (GpioMode)2, (GpioSpeed)3, (GpioPull)0, (GpioAF)7, (GpioOType)0>::port()
 .text.Reset_Handler
                0x08000a9c       0x50 CMakeFiles/firmware.elf.dir/src/startup_stm32g431xx.s.obj
                0x08000a9c                Reset_Handler
 .text.Default_Handler
                0x08000aec        0x2 CMakeFiles/firmware.elf.dir/src/startup_stm32g431xx.s.obj
                0x08000aec                RTC_Alarm_IRQHandler
                0x08000aec                EXTI2_IRQHandler
                0x08000aec                TIM8_TRG_COM_IRQHandler
                0x08000aec                TIM8_CC_IRQHandler
                0x08000aec                DebugMon_Handler
                0x08000aec                TIM1_CC_IRQHandler
                0x08000aec                HardFault_Handler
                0x08000aec                USB_HP_IRQHandler
                0x08000aec                CORDIC_IRQHandler
                0x08000aec                NMI_Handler
                0x08000aec                EXTI3_IRQHandler
                0x08000aec                I2C3_ER_IRQHandler
                0x08000aec                EXTI0_IRQHandler
                0x08000aec                I2C2_EV_IRQHandler
                0x08000aec                FPU_IRQHandler
                0x08000aec                FDCAN1_IT1_IRQHandler
                0x08000aec                TIM1_UP_TIM16_IRQHandler
                0x08000aec                UsageFault_Handler
                0x08000aec                ADC1_2_IRQHandler
                0x08000aec                SPI1_IRQHandler
                0x08000aec                TIM6_DAC_IRQHandler
                0x08000aec                TIM8_UP_IRQHandler
                0x08000aec                DMA2_Channel2_IRQHandler
                0x08000aec                DMA1_Channel4_IRQHandler
                0x08000aec                USART3_IRQHandler
                0x08000aec                TIM4_IRQHandler
                0x08000aec                DMA2_Channel1_IRQHandler
                0x08000aec                I2C1_EV_IRQHandler
                0x08000aec                DMA1_Channel6_IRQHandler
                0x08000aec                UART4_IRQHandler
                0x08000aec                DMA2_Channel4_IRQHandler
                0x08000aec                TIM3_IRQHandler
                0x08000aec                RCC_IRQHandler
                0x08000aec                DMA1_Channel1_IRQHandler
                0x08000aec                Default_Handler
                0x08000aec                RTC_TAMP_LSECSS_IRQHandler
                0x08000aec                FMAC_IRQHandler
                0x08000aec                TIM7_IRQHandler
                0x08000aec                UCPD1_IRQHandler
                0x08000aec                I2C3_EV_IRQHandler
                0x08000aec                EXTI9_5_IRQHandler
                0x08000aec                RTC_WKUP_IRQHandler
                0x08000aec                PVD_PVM_IRQHandler
                0x08000aec                SPI2_IRQHandler
                0x08000aec                MemManage_Handler
                0x08000aec                DMA2_Channel5_IRQHandler
                0x08000aec                CRS_IRQHandler
                0x08000aec                DMA1_Channel5_IRQHandler
                0x08000aec                USB_LP_IRQHandler
                0x08000aec                EXTI4_IRQHandler
                0x08000aec                RNG_IRQHandler
                0x08000aec                TIM1_TRG_COM_TIM17_IRQHandler
                0x08000aec                DMA1_Channel3_IRQHandler
                0x08000aec                WWDG_IRQHandler
                0x08000aec                LPUART1_IRQHandler
                0x08000aec                DMA2_Channel6_IRQHandler
                0x08000aec                FDCAN1_IT0_IRQHandler
                0x08000aec                TIM2_IRQHandler
                0x08000aec                COMP1_2_3_IRQHandler
                0x08000aec                EXTI1_IRQHandler
                0x08000aec                USART2_IRQHandler
                0x08000aec                I2C2_ER_IRQHandler
                0x08000aec                DMA1_Channel2_IRQHandler
                0x08000aec                TIM8_BRK_IRQHandler
                0x08000aec                FLASH_IRQHandler
                0x08000aec                BusFault_Handler
                0x08000aec                USART1_IRQHandler
                0x08000aec                SPI3_IRQHandler
                0x08000aec                I2C1_ER_IRQHandler
                0x08000aec                LPTIM1_IRQHandler
                0x08000aec                DMAMUX_OVR_IRQHandler
                0x08000aec                USBWakeUp_IRQHandler
                0x08000aec                SAI1_IRQHandler
                0x08000aec                DMA2_Channel3_IRQHandler
                0x08000aec                COMP4_IRQHandler
                0x08000aec                TIM1_BRK_TIM15_IRQHandler
 *fill*         0x08000aee        0x2 
 .text.SystemInit
                0x08000af0       0xe8 CMakeFiles/firmware.elf.dir/src/system_stm32g4xx.c.obj
                0x08000af0                SystemInit
 .text.SystemCoreClockUpdate
                0x08000bd8       0xd4 CMakeFiles/firmware.elf.dir/src/system_stm32g4xx.c.obj
                0x08000bd8                SystemCoreClockUpdate
 .text.prvCreateStaticTask
                0x08000cac       0xc2 CMakeFiles/firmware.elf.dir/C_/ST/Repository/STM32-FreeRTOS-cpp/freertos/tasks.c.obj
 .text.xTaskCreateStatic
                0x08000d6e       0x48 CMakeFiles/firmware.elf.dir/C_/ST/Repository/STM32-FreeRTOS-cpp/freertos/tasks.c.obj
                0x08000d6e                xTaskCreateStatic
 .text.prvCreateTask
                0x08000db6       0x80 CMakeFiles/firmware.elf.dir/C_/ST/Repository/STM32-FreeRTOS-cpp/freertos/tasks.c.obj
 .text.xTaskCreate
                0x08000e36       0x46 CMakeFiles/firmware.elf.dir/C_/ST/Repository/STM32-FreeRTOS-cpp/freertos/tasks.c.obj
                0x08000e36                xTaskCreate
 .text.prvInitialiseNewTask
                0x08000e7c      0x122 CMakeFiles/firmware.elf.dir/C_/ST/Repository/STM32-FreeRTOS-cpp/freertos/tasks.c.obj
 *fill*         0x08000f9e        0x2 
 .text.prvAddNewTaskToReadyList
                0x08000fa0      0x12c CMakeFiles/firmware.elf.dir/C_/ST/Repository/STM32-FreeRTOS-cpp/freertos/tasks.c.obj
 .text.prvCreateIdleTasks
                0x080010cc       0xec CMakeFiles/firmware.elf.dir/C_/ST/Repository/STM32-FreeRTOS-cpp/freertos/tasks.c.obj
 .text.vTaskStartScheduler
                0x080011b8       0x98 CMakeFiles/firmware.elf.dir/C_/ST/Repository/STM32-FreeRTOS-cpp/freertos/tasks.c.obj
                0x080011b8                vTaskStartScheduler
 .text.vTaskSuspendAll
                0x08001250       0x1c CMakeFiles/firmware.elf.dir/C_/ST/Repository/STM32-FreeRTOS-cpp/freertos/tasks.c.obj
                0x08001250                vTaskSuspendAll
 .text.xTaskResumeAll
                0x0800126c      0x22c CMakeFiles/firmware.elf.dir/C_/ST/Repository/STM32-FreeRTOS-cpp/freertos/tasks.c.obj
                0x0800126c                xTaskResumeAll
 .text.xTaskGetTickCount
                0x08001498       0x2c CMakeFiles/firmware.elf.dir/C_/ST/Repository/STM32-FreeRTOS-cpp/freertos/tasks.c.obj
                0x08001498                xTaskGetTickCount
 .text.uxTaskGetNumberOfTasks
                0x080014c4       0x18 CMakeFiles/firmware.elf.dir/C_/ST/Repository/STM32-FreeRTOS-cpp/freertos/tasks.c.obj
                0x080014c4                uxTaskGetNumberOfTasks
 .text.xTaskIncrementTick
                0x080014dc      0x26c CMakeFiles/firmware.elf.dir/C_/ST/Repository/STM32-FreeRTOS-cpp/freertos/tasks.c.obj
                0x080014dc                xTaskIncrementTick
 .text.vTaskSwitchContext
                0x08001748       0xc0 CMakeFiles/firmware.elf.dir/C_/ST/Repository/STM32-FreeRTOS-cpp/freertos/tasks.c.obj
                0x08001748                vTaskSwitchContext
 .text.vTaskPlaceOnEventList
                0x08001808       0x50 CMakeFiles/firmware.elf.dir/C_/ST/Repository/STM32-FreeRTOS-cpp/freertos/tasks.c.obj
                0x08001808                vTaskPlaceOnEventList
 .text.vTaskPlaceOnEventListRestricted
                0x08001858       0x94 CMakeFiles/firmware.elf.dir/C_/ST/Repository/STM32-FreeRTOS-cpp/freertos/tasks.c.obj
                0x08001858                vTaskPlaceOnEventListRestricted
 .text.xTaskRemoveFromEventList
                0x080018ec      0x1b8 CMakeFiles/firmware.elf.dir/C_/ST/Repository/STM32-FreeRTOS-cpp/freertos/tasks.c.obj
                0x080018ec                xTaskRemoveFromEventList
 .text.vTaskInternalSetTimeOutState
                0x08001aa4       0x30 CMakeFiles/firmware.elf.dir/C_/ST/Repository/STM32-FreeRTOS-cpp/freertos/tasks.c.obj
                0x08001aa4                vTaskInternalSetTimeOutState
 .text.xTaskCheckForTimeOut
                0x08001ad4      0x114 CMakeFiles/firmware.elf.dir/C_/ST/Repository/STM32-FreeRTOS-cpp/freertos/tasks.c.obj
                0x08001ad4                xTaskCheckForTimeOut
 .text.vTaskMissedYield
                0x08001be8       0x18 CMakeFiles/firmware.elf.dir/C_/ST/Repository/STM32-FreeRTOS-cpp/freertos/tasks.c.obj
                0x08001be8                vTaskMissedYield
 .text.prvIdleTask
                0x08001c00       0x30 CMakeFiles/firmware.elf.dir/C_/ST/Repository/STM32-FreeRTOS-cpp/freertos/tasks.c.obj
 .text.prvInitialiseTaskLists
                0x08001c30       0x80 CMakeFiles/firmware.elf.dir/C_/ST/Repository/STM32-FreeRTOS-cpp/freertos/tasks.c.obj
 .text.prvCheckTasksWaitingTermination
                0x08001cb0       0x5c CMakeFiles/firmware.elf.dir/C_/ST/Repository/STM32-FreeRTOS-cpp/freertos/tasks.c.obj
 .text.prvDeleteTCB
                0x08001d0c       0x60 CMakeFiles/firmware.elf.dir/C_/ST/Repository/STM32-FreeRTOS-cpp/freertos/tasks.c.obj
 .text.prvResetNextTaskUnblockTime
                0x08001d6c       0x40 CMakeFiles/firmware.elf.dir/C_/ST/Repository/STM32-FreeRTOS-cpp/freertos/tasks.c.obj
 .text.xTaskGetSchedulerState
                0x08001dac       0x3c CMakeFiles/firmware.elf.dir/C_/ST/Repository/STM32-FreeRTOS-cpp/freertos/tasks.c.obj
                0x08001dac                xTaskGetSchedulerState
 .text.xTaskPriorityDisinherit
                0x08001de8      0x148 CMakeFiles/firmware.elf.dir/C_/ST/Repository/STM32-FreeRTOS-cpp/freertos/tasks.c.obj
                0x08001de8                xTaskPriorityDisinherit
 .text.prvAddCurrentTaskToDelayedList
                0x08001f30      0x114 CMakeFiles/firmware.elf.dir/C_/ST/Repository/STM32-FreeRTOS-cpp/freertos/tasks.c.obj
 .text.vApplicationGetIdleTaskMemory
                0x08002044       0x34 CMakeFiles/firmware.elf.dir/C_/ST/Repository/STM32-FreeRTOS-cpp/freertos/tasks.c.obj
                0x08002044                vApplicationGetIdleTaskMemory
 .text.vApplicationGetTimerTaskMemory
                0x08002078       0x34 CMakeFiles/firmware.elf.dir/C_/ST/Repository/STM32-FreeRTOS-cpp/freertos/tasks.c.obj
                0x08002078                vApplicationGetTimerTaskMemory
 .text.vListInitialise
                0x080020ac       0x46 CMakeFiles/firmware.elf.dir/C_/ST/Repository/STM32-FreeRTOS-cpp/freertos/list.c.obj
                0x080020ac                vListInitialise
 .text.vListInitialiseItem
                0x080020f2       0x1a CMakeFiles/firmware.elf.dir/C_/ST/Repository/STM32-FreeRTOS-cpp/freertos/list.c.obj
                0x080020f2                vListInitialiseItem
 .text.vListInsert
                0x0800210c       0x86 CMakeFiles/firmware.elf.dir/C_/ST/Repository/STM32-FreeRTOS-cpp/freertos/list.c.obj
                0x0800210c                vListInsert
 .text.uxListRemove
                0x08002192       0x54 CMakeFiles/firmware.elf.dir/C_/ST/Repository/STM32-FreeRTOS-cpp/freertos/list.c.obj
                0x08002192                uxListRemove
 *fill*         0x080021e6        0x2 
 .text.xQueueGenericReset
                0x080021e8      0x124 CMakeFiles/firmware.elf.dir/C_/ST/Repository/STM32-FreeRTOS-cpp/freertos/queue.c.obj
                0x080021e8                xQueueGenericReset
 .text.xQueueGenericCreateStatic
                0x0800230c       0xc2 CMakeFiles/firmware.elf.dir/C_/ST/Repository/STM32-FreeRTOS-cpp/freertos/queue.c.obj
                0x0800230c                xQueueGenericCreateStatic
 .text.xQueueGenericCreate
                0x080023ce       0xa6 CMakeFiles/firmware.elf.dir/C_/ST/Repository/STM32-FreeRTOS-cpp/freertos/queue.c.obj
                0x080023ce                xQueueGenericCreate
 .text.prvInitialiseNewQueue
                0x08002474       0x3e CMakeFiles/firmware.elf.dir/C_/ST/Repository/STM32-FreeRTOS-cpp/freertos/queue.c.obj
 .text.xQueueGenericSendFromISR
                0x080024b2      0x15a CMakeFiles/firmware.elf.dir/C_/ST/Repository/STM32-FreeRTOS-cpp/freertos/queue.c.obj
                0x080024b2                xQueueGenericSendFromISR
 .text.xQueueReceive
                0x0800260c      0x1cc CMakeFiles/firmware.elf.dir/C_/ST/Repository/STM32-FreeRTOS-cpp/freertos/queue.c.obj
                0x0800260c                xQueueReceive
 .text.prvCopyDataToQueue
                0x080027d8       0xd4 CMakeFiles/firmware.elf.dir/C_/ST/Repository/STM32-FreeRTOS-cpp/freertos/queue.c.obj
 .text.prvCopyDataFromQueue
                0x080028ac       0x4c CMakeFiles/firmware.elf.dir/C_/ST/Repository/STM32-FreeRTOS-cpp/freertos/queue.c.obj
 .text.prvUnlockQueue
                0x080028f8       0xa4 CMakeFiles/firmware.elf.dir/C_/ST/Repository/STM32-FreeRTOS-cpp/freertos/queue.c.obj
 .text.prvIsQueueEmpty
                0x0800299c       0x2c CMakeFiles/firmware.elf.dir/C_/ST/Repository/STM32-FreeRTOS-cpp/freertos/queue.c.obj
 .text.vQueueWaitForMessageRestricted
                0x080029c8       0x6e CMakeFiles/firmware.elf.dir/C_/ST/Repository/STM32-FreeRTOS-cpp/freertos/queue.c.obj
                0x080029c8                vQueueWaitForMessageRestricted
 *fill*         0x08002a36        0x2 
 .text.xTimerCreateTimerTask
                0x08002a38       0x94 CMakeFiles/firmware.elf.dir/C_/ST/Repository/STM32-FreeRTOS-cpp/freertos/timers.c.obj
                0x08002a38                xTimerCreateTimerTask
 .text.prvReloadTimer
                0x08002acc       0x6a CMakeFiles/firmware.elf.dir/C_/ST/Repository/STM32-FreeRTOS-cpp/freertos/timers.c.obj
 *fill*         0x08002b36        0x2 
 .text.prvProcessExpiredTimer
                0x08002b38       0x6c CMakeFiles/firmware.elf.dir/C_/ST/Repository/STM32-FreeRTOS-cpp/freertos/timers.c.obj
 .text.prvTimerTask
                0x08002ba4       0x2a CMakeFiles/firmware.elf.dir/C_/ST/Repository/STM32-FreeRTOS-cpp/freertos/timers.c.obj
 *fill*         0x08002bce        0x2 
 .text.prvProcessTimerOrBlockTask
                0x08002bd0       0xb8 CMakeFiles/firmware.elf.dir/C_/ST/Repository/STM32-FreeRTOS-cpp/freertos/timers.c.obj
 .text.prvGetNextExpireTime
                0x08002c88       0x58 CMakeFiles/firmware.elf.dir/C_/ST/Repository/STM32-FreeRTOS-cpp/freertos/timers.c.obj
 .text.prvSampleTimeNow
                0x08002ce0       0x50 CMakeFiles/firmware.elf.dir/C_/ST/Repository/STM32-FreeRTOS-cpp/freertos/timers.c.obj
 .text.prvInsertTimerInActiveList
                0x08002d30       0xac CMakeFiles/firmware.elf.dir/C_/ST/Repository/STM32-FreeRTOS-cpp/freertos/timers.c.obj
 .text.prvProcessReceivedCommands
                0x08002ddc      0x1f4 CMakeFiles/firmware.elf.dir/C_/ST/Repository/STM32-FreeRTOS-cpp/freertos/timers.c.obj
 .text.prvSwitchTimerLists
                0x08002fd0       0x54 CMakeFiles/firmware.elf.dir/C_/ST/Repository/STM32-FreeRTOS-cpp/freertos/timers.c.obj
 .text.prvCheckForValidListAndQueue
                0x08003024       0x68 CMakeFiles/firmware.elf.dir/C_/ST/Repository/STM32-FreeRTOS-cpp/freertos/timers.c.obj
 .text.pxPortInitialiseStack
                0x0800308c       0x68 CMakeFiles/firmware.elf.dir/C_/ST/Repository/STM32-FreeRTOS-cpp/freertos/portable/GCC/ARM_CM4F/port.c.obj
                0x0800308c                pxPortInitialiseStack
 .text.prvTaskExitError
                0x080030f4       0x5c CMakeFiles/firmware.elf.dir/C_/ST/Repository/STM32-FreeRTOS-cpp/freertos/portable/GCC/ARM_CM4F/port.c.obj
 .text.vPortSVCHandler
                0x08003150       0x24 CMakeFiles/firmware.elf.dir/C_/ST/Repository/STM32-FreeRTOS-cpp/freertos/portable/GCC/ARM_CM4F/port.c.obj
                0x08003150                vPortSVCHandler
 .text.prvPortStartFirstTask
                0x08003174       0x2c CMakeFiles/firmware.elf.dir/C_/ST/Repository/STM32-FreeRTOS-cpp/freertos/portable/GCC/ARM_CM4F/port.c.obj
 .text.xPortStartScheduler
                0x080031a0      0x1e0 CMakeFiles/firmware.elf.dir/C_/ST/Repository/STM32-FreeRTOS-cpp/freertos/portable/GCC/ARM_CM4F/port.c.obj
                0x080031a0                xPortStartScheduler
 .text.vPortEnterCritical
                0x08003380       0x64 CMakeFiles/firmware.elf.dir/C_/ST/Repository/STM32-FreeRTOS-cpp/freertos/portable/GCC/ARM_CM4F/port.c.obj
                0x08003380                vPortEnterCritical
 .text.vPortExitCritical
                0x080033e4       0x54 CMakeFiles/firmware.elf.dir/C_/ST/Repository/STM32-FreeRTOS-cpp/freertos/portable/GCC/ARM_CM4F/port.c.obj
                0x080033e4                vPortExitCritical
 .text.xPortPendSVHandler
                0x08003438       0x64 CMakeFiles/firmware.elf.dir/C_/ST/Repository/STM32-FreeRTOS-cpp/freertos/portable/GCC/ARM_CM4F/port.c.obj
                0x08003438                xPortPendSVHandler
 .text.xPortSysTickHandler
                0x0800349c       0x44 CMakeFiles/firmware.elf.dir/C_/ST/Repository/STM32-FreeRTOS-cpp/freertos/portable/GCC/ARM_CM4F/port.c.obj
                0x0800349c                xPortSysTickHandler
 .text.vPortSetupTimerInterrupt
                0x080034e0       0x38 CMakeFiles/firmware.elf.dir/C_/ST/Repository/STM32-FreeRTOS-cpp/freertos/portable/GCC/ARM_CM4F/port.c.obj
                0x080034e0                vPortSetupTimerInterrupt
 .text.vPortEnableVFP
                0x08003518       0x18 CMakeFiles/firmware.elf.dir/C_/ST/Repository/STM32-FreeRTOS-cpp/freertos/portable/GCC/ARM_CM4F/port.c.obj
 .text.vPortValidateInterruptPriority
                0x08003530       0x84 CMakeFiles/firmware.elf.dir/C_/ST/Repository/STM32-FreeRTOS-cpp/freertos/portable/GCC/ARM_CM4F/port.c.obj
                0x08003530                vPortValidateInterruptPriority
 .text.pvPortMalloc
                0x080035b4      0x270 CMakeFiles/firmware.elf.dir/C_/ST/Repository/STM32-FreeRTOS-cpp/freertos/portable/MemMang/heap_4.c.obj
                0x080035b4                pvPortMalloc
 .text.vPortFree
                0x08003824      0x10c CMakeFiles/firmware.elf.dir/C_/ST/Repository/STM32-FreeRTOS-cpp/freertos/portable/MemMang/heap_4.c.obj
                0x08003824                vPortFree
 .text.prvHeapInit
                0x08003930       0xb4 CMakeFiles/firmware.elf.dir/C_/ST/Repository/STM32-FreeRTOS-cpp/freertos/portable/MemMang/heap_4.c.obj
 .text.prvInsertBlockIntoFreeList
                0x080039e4       0xf4 CMakeFiles/firmware.elf.dir/C_/ST/Repository/STM32-FreeRTOS-cpp/freertos/portable/MemMang/heap_4.c.obj
 .text.memset   0x08003ad8       0x10 c:/ST/Repository/STM32-FreeRTOS-cpp/STM32TOOLS/GCC/bin/../lib/gcc/arm-none-eabi/13.3.1/../../../../arm-none-eabi/lib/thumb/v7e-m+fp/hard\libg_nano.a(libc_a-memset.o)
                0x08003ad8                memset
 .text.__libc_init_array
                0x08003ae8       0x48 c:/ST/Repository/STM32-FreeRTOS-cpp/STM32TOOLS/GCC/bin/../lib/gcc/arm-none-eabi/13.3.1/../../../../arm-none-eabi/lib/thumb/v7e-m+fp/hard\libg_nano.a(libc_a-init.o)
                0x08003ae8                __libc_init_array
 .text.memcpy   0x08003b30       0x1c c:/ST/Repository/STM32-FreeRTOS-cpp/STM32TOOLS/GCC/bin/../lib/gcc/arm-none-eabi/13.3.1/../../../../arm-none-eabi/lib/thumb/v7e-m+fp/hard\libg_nano.a(libc_a-memcpy-stub.o)
                0x08003b30                memcpy
 *(.rodata*)
 .rodata        0x08003b4c       0x25 CMakeFiles/firmware.elf.dir/src/main.cpp.obj
 *fill*         0x08003b71        0x3 
 .rodata._ZTV7LedTask
                0x08003b74       0x10 CMakeFiles/firmware.elf.dir/src/main.cpp.obj
                0x08003b74                vtable for LedTask
 .rodata.AHBPrescTable
                0x08003b84       0x10 CMakeFiles/firmware.elf.dir/src/system_stm32g4xx.c.obj
                0x08003b84                AHBPrescTable
 .rodata.uxTopUsedPriority
                0x08003b94        0x4 CMakeFiles/firmware.elf.dir/C_/ST/Repository/STM32-FreeRTOS-cpp/freertos/tasks.c.obj
 .rodata        0x08003b98        0x5 CMakeFiles/firmware.elf.dir/C_/ST/Repository/STM32-FreeRTOS-cpp/freertos/tasks.c.obj
 *fill*         0x08003b9d        0x3 
 .rodata        0x08003ba0        0x8 CMakeFiles/firmware.elf.dir/C_/ST/Repository/STM32-FreeRTOS-cpp/freertos/timers.c.obj

.glue_7         0x08003ba8        0x0
 .glue_7        0x08003ba8        0x0 linker stubs

.glue_7t        0x08003ba8        0x0
 .glue_7t       0x08003ba8        0x0 linker stubs

.vfp11_veneer   0x08003ba8        0x0
 .vfp11_veneer  0x08003ba8        0x0 linker stubs

.v4_bx          0x08003ba8        0x0
 .v4_bx         0x08003ba8        0x0 linker stubs

.iplt           0x08003ba8        0x0
 .iplt          0x08003ba8        0x0 CMakeFiles/firmware.elf.dir/src/main.cpp.obj

.rel.dyn        0x08003ba8        0x0
 .rel.iplt      0x08003ba8        0x0 CMakeFiles/firmware.elf.dir/src/main.cpp.obj

.data           0x20000000        0xc load address 0x08003ba8
                0x20000000                        _sdata = .
 *(.data*)
 .data._ZZ4mainE7ledTask
                0x20000000        0x4 CMakeFiles/firmware.elf.dir/src/main.cpp.obj
 .data.SystemCoreClock
                0x20000004        0x4 CMakeFiles/firmware.elf.dir/src/system_stm32g4xx.c.obj
                0x20000004                SystemCoreClock
 .data.uxCriticalNesting
                0x20000008        0x4 CMakeFiles/firmware.elf.dir/C_/ST/Repository/STM32-FreeRTOS-cpp/freertos/portable/GCC/ARM_CM4F/port.c.obj
                0x2000000c                        _edata = .

.igot.plt       0x2000000c        0x0 load address 0x08003bb4
 .igot.plt      0x2000000c        0x0 CMakeFiles/firmware.elf.dir/src/main.cpp.obj

.bss            0x20000010     0x2fb4 load address 0x08003bb8
                0x20000010                        _sbss = .
 *(.bss*)
 .bss.que_toggle
                0x20000010        0x4 CMakeFiles/firmware.elf.dir/src/main.cpp.obj
                0x20000010                que_toggle
 .bss.pxCurrentTCB
                0x20000014        0x4 CMakeFiles/firmware.elf.dir/C_/ST/Repository/STM32-FreeRTOS-cpp/freertos/tasks.c.obj
                0x20000014                pxCurrentTCB
 .bss.pxReadyTasksLists
                0x20000018       0x78 CMakeFiles/firmware.elf.dir/C_/ST/Repository/STM32-FreeRTOS-cpp/freertos/tasks.c.obj
 .bss.xDelayedTaskList1
                0x20000090       0x18 CMakeFiles/firmware.elf.dir/C_/ST/Repository/STM32-FreeRTOS-cpp/freertos/tasks.c.obj
 .bss.xDelayedTaskList2
                0x200000a8       0x18 CMakeFiles/firmware.elf.dir/C_/ST/Repository/STM32-FreeRTOS-cpp/freertos/tasks.c.obj
 .bss.pxDelayedTaskList
                0x200000c0        0x4 CMakeFiles/firmware.elf.dir/C_/ST/Repository/STM32-FreeRTOS-cpp/freertos/tasks.c.obj
 .bss.pxOverflowDelayedTaskList
                0x200000c4        0x4 CMakeFiles/firmware.elf.dir/C_/ST/Repository/STM32-FreeRTOS-cpp/freertos/tasks.c.obj
 .bss.xPendingReadyList
                0x200000c8       0x18 CMakeFiles/firmware.elf.dir/C_/ST/Repository/STM32-FreeRTOS-cpp/freertos/tasks.c.obj
 .bss.xTasksWaitingTermination
                0x200000e0       0x18 CMakeFiles/firmware.elf.dir/C_/ST/Repository/STM32-FreeRTOS-cpp/freertos/tasks.c.obj
 .bss.uxDeletedTasksWaitingCleanUp
                0x200000f8        0x4 CMakeFiles/firmware.elf.dir/C_/ST/Repository/STM32-FreeRTOS-cpp/freertos/tasks.c.obj
 *fill*         0x200000fc        0x4 
 .bss.xSuspendedTaskList
                0x20000100       0x18 CMakeFiles/firmware.elf.dir/C_/ST/Repository/STM32-FreeRTOS-cpp/freertos/tasks.c.obj
 .bss.uxCurrentNumberOfTasks
                0x20000118        0x4 CMakeFiles/firmware.elf.dir/C_/ST/Repository/STM32-FreeRTOS-cpp/freertos/tasks.c.obj
 *fill*         0x2000011c        0x4 
 .bss.xTickCount
                0x20000120        0x8 CMakeFiles/firmware.elf.dir/C_/ST/Repository/STM32-FreeRTOS-cpp/freertos/tasks.c.obj
 .bss.uxTopReadyPriority
                0x20000128        0x4 CMakeFiles/firmware.elf.dir/C_/ST/Repository/STM32-FreeRTOS-cpp/freertos/tasks.c.obj
 .bss.xSchedulerRunning
                0x2000012c        0x4 CMakeFiles/firmware.elf.dir/C_/ST/Repository/STM32-FreeRTOS-cpp/freertos/tasks.c.obj
 .bss.xPendedTicks
                0x20000130        0x8 CMakeFiles/firmware.elf.dir/C_/ST/Repository/STM32-FreeRTOS-cpp/freertos/tasks.c.obj
 .bss.xYieldPendings
                0x20000138        0x4 CMakeFiles/firmware.elf.dir/C_/ST/Repository/STM32-FreeRTOS-cpp/freertos/tasks.c.obj
 .bss.xNumOfOverflows
                0x2000013c        0x4 CMakeFiles/firmware.elf.dir/C_/ST/Repository/STM32-FreeRTOS-cpp/freertos/tasks.c.obj
 .bss.uxTaskNumber
                0x20000140        0x4 CMakeFiles/firmware.elf.dir/C_/ST/Repository/STM32-FreeRTOS-cpp/freertos/tasks.c.obj
 *fill*         0x20000144        0x4 
 .bss.xNextTaskUnblockTime
                0x20000148        0x8 CMakeFiles/firmware.elf.dir/C_/ST/Repository/STM32-FreeRTOS-cpp/freertos/tasks.c.obj
 .bss.xIdleTaskHandles
                0x20000150        0x4 CMakeFiles/firmware.elf.dir/C_/ST/Repository/STM32-FreeRTOS-cpp/freertos/tasks.c.obj
 .bss.uxSchedulerSuspended
                0x20000154        0x4 CMakeFiles/firmware.elf.dir/C_/ST/Repository/STM32-FreeRTOS-cpp/freertos/tasks.c.obj
 .bss.xIdleTaskTCB.3
                0x20000158       0x60 CMakeFiles/firmware.elf.dir/C_/ST/Repository/STM32-FreeRTOS-cpp/freertos/tasks.c.obj
 .bss.uxIdleTaskStack.2
                0x200001b8      0x200 CMakeFiles/firmware.elf.dir/C_/ST/Repository/STM32-FreeRTOS-cpp/freertos/tasks.c.obj
 .bss.xTimerTaskTCB.1
                0x200003b8       0x60 CMakeFiles/firmware.elf.dir/C_/ST/Repository/STM32-FreeRTOS-cpp/freertos/tasks.c.obj
 .bss.uxTimerTaskStack.0
                0x20000418      0x200 CMakeFiles/firmware.elf.dir/C_/ST/Repository/STM32-FreeRTOS-cpp/freertos/tasks.c.obj
 .bss.xActiveTimerList1
                0x20000618       0x18 CMakeFiles/firmware.elf.dir/C_/ST/Repository/STM32-FreeRTOS-cpp/freertos/timers.c.obj
 .bss.xActiveTimerList2
                0x20000630       0x18 CMakeFiles/firmware.elf.dir/C_/ST/Repository/STM32-FreeRTOS-cpp/freertos/timers.c.obj
 .bss.pxCurrentTimerList
                0x20000648        0x4 CMakeFiles/firmware.elf.dir/C_/ST/Repository/STM32-FreeRTOS-cpp/freertos/timers.c.obj
 .bss.pxOverflowTimerList
                0x2000064c        0x4 CMakeFiles/firmware.elf.dir/C_/ST/Repository/STM32-FreeRTOS-cpp/freertos/timers.c.obj
 .bss.xTimerQueue
                0x20000650        0x4 CMakeFiles/firmware.elf.dir/C_/ST/Repository/STM32-FreeRTOS-cpp/freertos/timers.c.obj
 .bss.xTimerTaskHandle
                0x20000654        0x4 CMakeFiles/firmware.elf.dir/C_/ST/Repository/STM32-FreeRTOS-cpp/freertos/timers.c.obj
 .bss.xLastTime.2
                0x20000658        0x8 CMakeFiles/firmware.elf.dir/C_/ST/Repository/STM32-FreeRTOS-cpp/freertos/timers.c.obj
 .bss.ucStaticTimerQueueStorage.1
                0x20000660       0xf0 CMakeFiles/firmware.elf.dir/C_/ST/Repository/STM32-FreeRTOS-cpp/freertos/timers.c.obj
 .bss.xStaticTimerQueue.0
                0x20000750       0x50 CMakeFiles/firmware.elf.dir/C_/ST/Repository/STM32-FreeRTOS-cpp/freertos/timers.c.obj
 .bss.ucMaxSysCallPriority
                0x200007a0        0x1 CMakeFiles/firmware.elf.dir/C_/ST/Repository/STM32-FreeRTOS-cpp/freertos/portable/GCC/ARM_CM4F/port.c.obj
 *fill*         0x200007a1        0x3 
 .bss.ulMaxPRIGROUPValue
                0x200007a4        0x4 CMakeFiles/firmware.elf.dir/C_/ST/Repository/STM32-FreeRTOS-cpp/freertos/portable/GCC/ARM_CM4F/port.c.obj
 .bss.ucHeap    0x200007a8     0x2800 CMakeFiles/firmware.elf.dir/C_/ST/Repository/STM32-FreeRTOS-cpp/freertos/portable/MemMang/heap_4.c.obj
 .bss.xStart    0x20002fa8        0x8 CMakeFiles/firmware.elf.dir/C_/ST/Repository/STM32-FreeRTOS-cpp/freertos/portable/MemMang/heap_4.c.obj
 .bss.pxEnd     0x20002fb0        0x4 CMakeFiles/firmware.elf.dir/C_/ST/Repository/STM32-FreeRTOS-cpp/freertos/portable/MemMang/heap_4.c.obj
 .bss.xFreeBytesRemaining
                0x20002fb4        0x4 CMakeFiles/firmware.elf.dir/C_/ST/Repository/STM32-FreeRTOS-cpp/freertos/portable/MemMang/heap_4.c.obj
 .bss.xMinimumEverFreeBytesRemaining
                0x20002fb8        0x4 CMakeFiles/firmware.elf.dir/C_/ST/Repository/STM32-FreeRTOS-cpp/freertos/portable/MemMang/heap_4.c.obj
 .bss.xNumberOfSuccessfulAllocations
                0x20002fbc        0x4 CMakeFiles/firmware.elf.dir/C_/ST/Repository/STM32-FreeRTOS-cpp/freertos/portable/MemMang/heap_4.c.obj
 .bss.xNumberOfSuccessfulFrees
                0x20002fc0        0x4 CMakeFiles/firmware.elf.dir/C_/ST/Repository/STM32-FreeRTOS-cpp/freertos/portable/MemMang/heap_4.c.obj
 *(COMMON)
                0x20002fc4                        _ebss = .

.heap           0x20002fc4     0x2000 load address 0x08006b6c
                0x20002fc4                        __heap_start__ = .
                0x20004fc4                        . = (. + 0x2000)
 *fill*         0x20002fc4     0x2000 
                0x20004fc4                        __heap_end__ = .
                0x20004fc4                        _end = .
                0x08003ba8                        _sidata = LOADADDR (.data)
OUTPUT(firmware.elf elf32-littlearm)
LOAD linker stubs

.debug_info     0x00000000     0x8c4e
 .debug_info    0x00000000       0x47 CMakeFiles/firmware.elf.dir/src/crt_stubs.c.obj
 .debug_info    0x00000047     0x1d4f CMakeFiles/firmware.elf.dir/src/main.cpp.obj
 .debug_info    0x00001d96       0x30 CMakeFiles/firmware.elf.dir/src/startup_stm32g431xx.s.obj
 .debug_info    0x00001dc6      0x67b CMakeFiles/firmware.elf.dir/src/system_stm32g4xx.c.obj
 .debug_info    0x00002441     0x297d CMakeFiles/firmware.elf.dir/C_/ST/Repository/STM32-FreeRTOS-cpp/freertos/tasks.c.obj
 .debug_info    0x00004dbe      0x2a6 CMakeFiles/firmware.elf.dir/C_/ST/Repository/STM32-FreeRTOS-cpp/freertos/list.c.obj
 .debug_info    0x00005064     0x1a18 CMakeFiles/firmware.elf.dir/C_/ST/Repository/STM32-FreeRTOS-cpp/freertos/queue.c.obj
 .debug_info    0x00006a7c     0x1357 CMakeFiles/firmware.elf.dir/C_/ST/Repository/STM32-FreeRTOS-cpp/freertos/timers.c.obj
 .debug_info    0x00007dd3      0x589 CMakeFiles/firmware.elf.dir/C_/ST/Repository/STM32-FreeRTOS-cpp/freertos/portable/GCC/ARM_CM4F/port.c.obj
 .debug_info    0x0000835c      0x5e6 CMakeFiles/firmware.elf.dir/C_/ST/Repository/STM32-FreeRTOS-cpp/freertos/portable/MemMang/heap_4.c.obj
 .debug_info    0x00008942       0xe0 c:/ST/Repository/STM32-FreeRTOS-cpp/STM32TOOLS/GCC/bin/../lib/gcc/arm-none-eabi/13.3.1/../../../../arm-none-eabi/lib/thumb/v7e-m+fp/hard\libg_nano.a(libc_a-memset.o)
 .debug_info    0x00008a22      0x10b c:/ST/Repository/STM32-FreeRTOS-cpp/STM32TOOLS/GCC/bin/../lib/gcc/arm-none-eabi/13.3.1/../../../../arm-none-eabi/lib/thumb/v7e-m+fp/hard\libg_nano.a(libc_a-init.o)
 .debug_info    0x00008b2d      0x121 c:/ST/Repository/STM32-FreeRTOS-cpp/STM32TOOLS/GCC/bin/../lib/gcc/arm-none-eabi/13.3.1/../../../../arm-none-eabi/lib/thumb/v7e-m+fp/hard\libg_nano.a(libc_a-memcpy-stub.o)

.debug_abbrev   0x00000000     0x180e
 .debug_abbrev  0x00000000       0x2f CMakeFiles/firmware.elf.dir/src/crt_stubs.c.obj
 .debug_abbrev  0x0000002f      0x4ff CMakeFiles/firmware.elf.dir/src/main.cpp.obj
 .debug_abbrev  0x0000052e       0x24 CMakeFiles/firmware.elf.dir/src/startup_stm32g431xx.s.obj
 .debug_abbrev  0x00000552      0x118 CMakeFiles/firmware.elf.dir/src/system_stm32g4xx.c.obj
 .debug_abbrev  0x0000066a      0x389 CMakeFiles/firmware.elf.dir/C_/ST/Repository/STM32-FreeRTOS-cpp/freertos/tasks.c.obj
 .debug_abbrev  0x000009f3       0xec CMakeFiles/firmware.elf.dir/C_/ST/Repository/STM32-FreeRTOS-cpp/freertos/list.c.obj
 .debug_abbrev  0x00000adf      0x342 CMakeFiles/firmware.elf.dir/C_/ST/Repository/STM32-FreeRTOS-cpp/freertos/queue.c.obj
 .debug_abbrev  0x00000e21      0x33a CMakeFiles/firmware.elf.dir/C_/ST/Repository/STM32-FreeRTOS-cpp/freertos/timers.c.obj
 .debug_abbrev  0x0000115b      0x233 CMakeFiles/firmware.elf.dir/C_/ST/Repository/STM32-FreeRTOS-cpp/freertos/portable/GCC/ARM_CM4F/port.c.obj
 .debug_abbrev  0x0000138e      0x258 CMakeFiles/firmware.elf.dir/C_/ST/Repository/STM32-FreeRTOS-cpp/freertos/portable/MemMang/heap_4.c.obj
 .debug_abbrev  0x000015e6       0x9e c:/ST/Repository/STM32-FreeRTOS-cpp/STM32TOOLS/GCC/bin/../lib/gcc/arm-none-eabi/13.3.1/../../../../arm-none-eabi/lib/thumb/v7e-m+fp/hard\libg_nano.a(libc_a-memset.o)
 .debug_abbrev  0x00001684       0xc9 c:/ST/Repository/STM32-FreeRTOS-cpp/STM32TOOLS/GCC/bin/../lib/gcc/arm-none-eabi/13.3.1/../../../../arm-none-eabi/lib/thumb/v7e-m+fp/hard\libg_nano.a(libc_a-init.o)
 .debug_abbrev  0x0000174d       0xc1 c:/ST/Repository/STM32-FreeRTOS-cpp/STM32TOOLS/GCC/bin/../lib/gcc/arm-none-eabi/13.3.1/../../../../arm-none-eabi/lib/thumb/v7e-m+fp/hard\libg_nano.a(libc_a-memcpy-stub.o)

.debug_aranges  0x00000000      0x7e0
 .debug_aranges
                0x00000000       0x28 CMakeFiles/firmware.elf.dir/src/crt_stubs.c.obj
 .debug_aranges
                0x00000028      0x198 CMakeFiles/firmware.elf.dir/src/main.cpp.obj
 .debug_aranges
                0x000001c0       0x28 CMakeFiles/firmware.elf.dir/src/startup_stm32g431xx.s.obj
 .debug_aranges
                0x000001e8       0x28 CMakeFiles/firmware.elf.dir/src/system_stm32g4xx.c.obj
 .debug_aranges
                0x00000210      0x218 CMakeFiles/firmware.elf.dir/C_/ST/Repository/STM32-FreeRTOS-cpp/freertos/tasks.c.obj
 .debug_aranges
                0x00000428       0x40 CMakeFiles/firmware.elf.dir/C_/ST/Repository/STM32-FreeRTOS-cpp/freertos/list.c.obj
 .debug_aranges
                0x00000468      0x130 CMakeFiles/firmware.elf.dir/C_/ST/Repository/STM32-FreeRTOS-cpp/freertos/queue.c.obj
 .debug_aranges
                0x00000598       0xf8 CMakeFiles/firmware.elf.dir/C_/ST/Repository/STM32-FreeRTOS-cpp/freertos/timers.c.obj
 .debug_aranges
                0x00000690       0x80 CMakeFiles/firmware.elf.dir/C_/ST/Repository/STM32-FreeRTOS-cpp/freertos/portable/GCC/ARM_CM4F/port.c.obj
 .debug_aranges
                0x00000710       0x70 CMakeFiles/firmware.elf.dir/C_/ST/Repository/STM32-FreeRTOS-cpp/freertos/portable/MemMang/heap_4.c.obj
 .debug_aranges
                0x00000780       0x20 c:/ST/Repository/STM32-FreeRTOS-cpp/STM32TOOLS/GCC/bin/../lib/gcc/arm-none-eabi/13.3.1/../../../../arm-none-eabi/lib/thumb/v7e-m+fp/hard\libg_nano.a(libc_a-memset.o)
 .debug_aranges
                0x000007a0       0x20 c:/ST/Repository/STM32-FreeRTOS-cpp/STM32TOOLS/GCC/bin/../lib/gcc/arm-none-eabi/13.3.1/../../../../arm-none-eabi/lib/thumb/v7e-m+fp/hard\libg_nano.a(libc_a-init.o)
 .debug_aranges
                0x000007c0       0x20 c:/ST/Repository/STM32-FreeRTOS-cpp/STM32TOOLS/GCC/bin/../lib/gcc/arm-none-eabi/13.3.1/../../../../arm-none-eabi/lib/thumb/v7e-m+fp/hard\libg_nano.a(libc_a-memcpy-stub.o)

.debug_rnglists
                0x00000000      0x5f9
 .debug_rnglists
                0x00000000       0x19 CMakeFiles/firmware.elf.dir/src/crt_stubs.c.obj
 .debug_rnglists
                0x00000019      0x12e CMakeFiles/firmware.elf.dir/src/main.cpp.obj
 .debug_rnglists
                0x00000147       0x19 CMakeFiles/firmware.elf.dir/src/startup_stm32g431xx.s.obj
 .debug_rnglists
                0x00000160       0x1b CMakeFiles/firmware.elf.dir/src/system_stm32g4xx.c.obj
 .debug_rnglists
                0x0000017b      0x1bf CMakeFiles/firmware.elf.dir/C_/ST/Repository/STM32-FreeRTOS-cpp/freertos/tasks.c.obj
 .debug_rnglists
                0x0000033a       0x2c CMakeFiles/firmware.elf.dir/C_/ST/Repository/STM32-FreeRTOS-cpp/freertos/list.c.obj
 .debug_rnglists
                0x00000366       0xee CMakeFiles/firmware.elf.dir/C_/ST/Repository/STM32-FreeRTOS-cpp/freertos/queue.c.obj
 .debug_rnglists
                0x00000454       0xbb CMakeFiles/firmware.elf.dir/C_/ST/Repository/STM32-FreeRTOS-cpp/freertos/timers.c.obj
 .debug_rnglists
                0x0000050f       0x5d CMakeFiles/firmware.elf.dir/C_/ST/Repository/STM32-FreeRTOS-cpp/freertos/portable/GCC/ARM_CM4F/port.c.obj
 .debug_rnglists
                0x0000056c       0x54 CMakeFiles/firmware.elf.dir/C_/ST/Repository/STM32-FreeRTOS-cpp/freertos/portable/MemMang/heap_4.c.obj
 .debug_rnglists
                0x000005c0       0x13 c:/ST/Repository/STM32-FreeRTOS-cpp/STM32TOOLS/GCC/bin/../lib/gcc/arm-none-eabi/13.3.1/../../../../arm-none-eabi/lib/thumb/v7e-m+fp/hard\libg_nano.a(libc_a-memset.o)
 .debug_rnglists
                0x000005d3       0x13 c:/ST/Repository/STM32-FreeRTOS-cpp/STM32TOOLS/GCC/bin/../lib/gcc/arm-none-eabi/13.3.1/../../../../arm-none-eabi/lib/thumb/v7e-m+fp/hard\libg_nano.a(libc_a-init.o)
 .debug_rnglists
                0x000005e6       0x13 c:/ST/Repository/STM32-FreeRTOS-cpp/STM32TOOLS/GCC/bin/../lib/gcc/arm-none-eabi/13.3.1/../../../../arm-none-eabi/lib/thumb/v7e-m+fp/hard\libg_nano.a(libc_a-memcpy-stub.o)

.debug_line     0x00000000     0x628c
 .debug_line    0x00000000       0x87 CMakeFiles/firmware.elf.dir/src/crt_stubs.c.obj
 .debug_line    0x00000087      0xee0 CMakeFiles/firmware.elf.dir/src/main.cpp.obj
 .debug_line    0x00000f67       0x7b CMakeFiles/firmware.elf.dir/src/startup_stm32g431xx.s.obj
 .debug_line    0x00000fe2      0x362 CMakeFiles/firmware.elf.dir/src/system_stm32g4xx.c.obj
 .debug_line    0x00001344     0x1c52 CMakeFiles/firmware.elf.dir/C_/ST/Repository/STM32-FreeRTOS-cpp/freertos/tasks.c.obj
 .debug_line    0x00002f96      0x350 CMakeFiles/firmware.elf.dir/C_/ST/Repository/STM32-FreeRTOS-cpp/freertos/list.c.obj
 .debug_line    0x000032e6     0x133a CMakeFiles/firmware.elf.dir/C_/ST/Repository/STM32-FreeRTOS-cpp/freertos/queue.c.obj
 .debug_line    0x00004620      0xa05 CMakeFiles/firmware.elf.dir/C_/ST/Repository/STM32-FreeRTOS-cpp/freertos/timers.c.obj
 .debug_line    0x00005025      0x5af CMakeFiles/firmware.elf.dir/C_/ST/Repository/STM32-FreeRTOS-cpp/freertos/portable/GCC/ARM_CM4F/port.c.obj
 .debug_line    0x000055d4      0x7c8 CMakeFiles/firmware.elf.dir/C_/ST/Repository/STM32-FreeRTOS-cpp/freertos/portable/MemMang/heap_4.c.obj
 .debug_line    0x00005d9c      0x17e c:/ST/Repository/STM32-FreeRTOS-cpp/STM32TOOLS/GCC/bin/../lib/gcc/arm-none-eabi/13.3.1/../../../../arm-none-eabi/lib/thumb/v7e-m+fp/hard\libg_nano.a(libc_a-memset.o)
 .debug_line    0x00005f1a      0x170 c:/ST/Repository/STM32-FreeRTOS-cpp/STM32TOOLS/GCC/bin/../lib/gcc/arm-none-eabi/13.3.1/../../../../arm-none-eabi/lib/thumb/v7e-m+fp/hard\libg_nano.a(libc_a-init.o)
 .debug_line    0x0000608a      0x202 c:/ST/Repository/STM32-FreeRTOS-cpp/STM32TOOLS/GCC/bin/../lib/gcc/arm-none-eabi/13.3.1/../../../../arm-none-eabi/lib/thumb/v7e-m+fp/hard\libg_nano.a(libc_a-memcpy-stub.o)

.debug_str      0x00000000     0x4a88
 .debug_str     0x00000000     0x4a88 CMakeFiles/firmware.elf.dir/src/crt_stubs.c.obj
                                0x17e (size before relaxing)
 .debug_str     0x00004a88     0x265e CMakeFiles/firmware.elf.dir/src/main.cpp.obj
 .debug_str     0x00004a88       0xa2 CMakeFiles/firmware.elf.dir/src/startup_stm32g431xx.s.obj
 .debug_str     0x00004a88      0x483 CMakeFiles/firmware.elf.dir/src/system_stm32g4xx.c.obj
 .debug_str     0x00004a88     0x1398 CMakeFiles/firmware.elf.dir/C_/ST/Repository/STM32-FreeRTOS-cpp/freertos/tasks.c.obj
 .debug_str     0x00004a88      0x34b CMakeFiles/firmware.elf.dir/C_/ST/Repository/STM32-FreeRTOS-cpp/freertos/list.c.obj
 .debug_str     0x00004a88      0xcbe CMakeFiles/firmware.elf.dir/C_/ST/Repository/STM32-FreeRTOS-cpp/freertos/queue.c.obj
 .debug_str     0x00004a88      0xbee CMakeFiles/firmware.elf.dir/C_/ST/Repository/STM32-FreeRTOS-cpp/freertos/timers.c.obj
 .debug_str     0x00004a88      0x505 CMakeFiles/firmware.elf.dir/C_/ST/Repository/STM32-FreeRTOS-cpp/freertos/portable/GCC/ARM_CM4F/port.c.obj
 .debug_str     0x00004a88      0x5ce CMakeFiles/firmware.elf.dir/C_/ST/Repository/STM32-FreeRTOS-cpp/freertos/portable/MemMang/heap_4.c.obj
 .debug_str     0x00004a88      0x211 c:/ST/Repository/STM32-FreeRTOS-cpp/STM32TOOLS/GCC/bin/../lib/gcc/arm-none-eabi/13.3.1/../../../../arm-none-eabi/lib/thumb/v7e-m+fp/hard\libg_nano.a(libc_a-memset.o)
 .debug_str     0x00004a88      0x272 c:/ST/Repository/STM32-FreeRTOS-cpp/STM32TOOLS/GCC/bin/../lib/gcc/arm-none-eabi/13.3.1/../../../../arm-none-eabi/lib/thumb/v7e-m+fp/hard\libg_nano.a(libc_a-init.o)
 .debug_str     0x00004a88      0x22f c:/ST/Repository/STM32-FreeRTOS-cpp/STM32TOOLS/GCC/bin/../lib/gcc/arm-none-eabi/13.3.1/../../../../arm-none-eabi/lib/thumb/v7e-m+fp/hard\libg_nano.a(libc_a-memcpy-stub.o)

.comment        0x00000000       0x43
 .comment       0x00000000       0x43 CMakeFiles/firmware.elf.dir/src/crt_stubs.c.obj
                                 0x44 (size before relaxing)
 .comment       0x00000043       0x44 CMakeFiles/firmware.elf.dir/src/main.cpp.obj
 .comment       0x00000043       0x44 CMakeFiles/firmware.elf.dir/src/system_stm32g4xx.c.obj
 .comment       0x00000043       0x44 CMakeFiles/firmware.elf.dir/C_/ST/Repository/STM32-FreeRTOS-cpp/freertos/tasks.c.obj
 .comment       0x00000043       0x44 CMakeFiles/firmware.elf.dir/C_/ST/Repository/STM32-FreeRTOS-cpp/freertos/list.c.obj
 .comment       0x00000043       0x44 CMakeFiles/firmware.elf.dir/C_/ST/Repository/STM32-FreeRTOS-cpp/freertos/queue.c.obj
 .comment       0x00000043       0x44 CMakeFiles/firmware.elf.dir/C_/ST/Repository/STM32-FreeRTOS-cpp/freertos/timers.c.obj
 .comment       0x00000043       0x44 CMakeFiles/firmware.elf.dir/C_/ST/Repository/STM32-FreeRTOS-cpp/freertos/portable/GCC/ARM_CM4F/port.c.obj
 .comment       0x00000043       0x44 CMakeFiles/firmware.elf.dir/C_/ST/Repository/STM32-FreeRTOS-cpp/freertos/portable/MemMang/heap_4.c.obj
 .comment       0x00000043       0x44 c:/ST/Repository/STM32-FreeRTOS-cpp/STM32TOOLS/GCC/bin/../lib/gcc/arm-none-eabi/13.3.1/../../../../arm-none-eabi/lib/thumb/v7e-m+fp/hard\libg_nano.a(libc_a-memset.o)
 .comment       0x00000043       0x44 c:/ST/Repository/STM32-FreeRTOS-cpp/STM32TOOLS/GCC/bin/../lib/gcc/arm-none-eabi/13.3.1/../../../../arm-none-eabi/lib/thumb/v7e-m+fp/hard\libg_nano.a(libc_a-init.o)
 .comment       0x00000043       0x44 c:/ST/Repository/STM32-FreeRTOS-cpp/STM32TOOLS/GCC/bin/../lib/gcc/arm-none-eabi/13.3.1/../../../../arm-none-eabi/lib/thumb/v7e-m+fp/hard\libg_nano.a(libc_a-memcpy-stub.o)

.ARM.attributes
                0x00000000       0x32
 .ARM.attributes
                0x00000000       0x34 CMakeFiles/firmware.elf.dir/src/crt_stubs.c.obj
 .ARM.attributes
                0x00000034       0x34 CMakeFiles/firmware.elf.dir/src/main.cpp.obj
 .ARM.attributes
                0x00000068       0x21 CMakeFiles/firmware.elf.dir/src/startup_stm32g431xx.s.obj
 .ARM.attributes
                0x00000089       0x34 CMakeFiles/firmware.elf.dir/src/system_stm32g4xx.c.obj
 .ARM.attributes
                0x000000bd       0x34 CMakeFiles/firmware.elf.dir/C_/ST/Repository/STM32-FreeRTOS-cpp/freertos/tasks.c.obj
 .ARM.attributes
                0x000000f1       0x34 CMakeFiles/firmware.elf.dir/C_/ST/Repository/STM32-FreeRTOS-cpp/freertos/list.c.obj
 .ARM.attributes
                0x00000125       0x34 CMakeFiles/firmware.elf.dir/C_/ST/Repository/STM32-FreeRTOS-cpp/freertos/queue.c.obj
 .ARM.attributes
                0x00000159       0x34 CMakeFiles/firmware.elf.dir/C_/ST/Repository/STM32-FreeRTOS-cpp/freertos/timers.c.obj
 .ARM.attributes
                0x0000018d       0x34 CMakeFiles/firmware.elf.dir/C_/ST/Repository/STM32-FreeRTOS-cpp/freertos/portable/GCC/ARM_CM4F/port.c.obj
 .ARM.attributes
                0x000001c1       0x34 CMakeFiles/firmware.elf.dir/C_/ST/Repository/STM32-FreeRTOS-cpp/freertos/portable/MemMang/heap_4.c.obj
 .ARM.attributes
                0x000001f5       0x34 c:/ST/Repository/STM32-FreeRTOS-cpp/STM32TOOLS/GCC/bin/../lib/gcc/arm-none-eabi/13.3.1/../../../../arm-none-eabi/lib/thumb/v7e-m+fp/hard\libg_nano.a(libc_a-memset.o)
 .ARM.attributes
                0x00000229       0x34 c:/ST/Repository/STM32-FreeRTOS-cpp/STM32TOOLS/GCC/bin/../lib/gcc/arm-none-eabi/13.3.1/../../../../arm-none-eabi/lib/thumb/v7e-m+fp/hard\libg_nano.a(libc_a-init.o)
 .ARM.attributes
                0x0000025d       0x34 c:/ST/Repository/STM32-FreeRTOS-cpp/STM32TOOLS/GCC/bin/../lib/gcc/arm-none-eabi/13.3.1/../../../../arm-none-eabi/lib/thumb/v7e-m+fp/hard\libg_nano.a(libc_a-memcpy-stub.o)

.debug_frame    0x00000000     0x1ea8
 .debug_frame   0x00000000       0x50 CMakeFiles/firmware.elf.dir/src/crt_stubs.c.obj
 .debug_frame   0x00000050      0x684 CMakeFiles/firmware.elf.dir/src/main.cpp.obj
 .debug_frame   0x000006d4       0x54 CMakeFiles/firmware.elf.dir/src/system_stm32g4xx.c.obj
 .debug_frame   0x00000728      0x998 CMakeFiles/firmware.elf.dir/C_/ST/Repository/STM32-FreeRTOS-cpp/freertos/tasks.c.obj
 .debug_frame   0x000010c0       0xd8 CMakeFiles/firmware.elf.dir/C_/ST/Repository/STM32-FreeRTOS-cpp/freertos/list.c.obj
 .debug_frame   0x00001198      0x528 CMakeFiles/firmware.elf.dir/C_/ST/Repository/STM32-FreeRTOS-cpp/freertos/queue.c.obj
 .debug_frame   0x000016c0      0x438 CMakeFiles/firmware.elf.dir/C_/ST/Repository/STM32-FreeRTOS-cpp/freertos/timers.c.obj
 .debug_frame   0x00001af8      0x1a8 CMakeFiles/firmware.elf.dir/C_/ST/Repository/STM32-FreeRTOS-cpp/freertos/portable/GCC/ARM_CM4F/port.c.obj
 .debug_frame   0x00001ca0      0x194 CMakeFiles/firmware.elf.dir/C_/ST/Repository/STM32-FreeRTOS-cpp/freertos/portable/MemMang/heap_4.c.obj
 .debug_frame   0x00001e34       0x20 c:/ST/Repository/STM32-FreeRTOS-cpp/STM32TOOLS/GCC/bin/../lib/gcc/arm-none-eabi/13.3.1/../../../../arm-none-eabi/lib/thumb/v7e-m+fp/hard\libg_nano.a(libc_a-memset.o)
 .debug_frame   0x00001e54       0x2c c:/ST/Repository/STM32-FreeRTOS-cpp/STM32TOOLS/GCC/bin/../lib/gcc/arm-none-eabi/13.3.1/../../../../arm-none-eabi/lib/thumb/v7e-m+fp/hard\libg_nano.a(libc_a-init.o)
 .debug_frame   0x00001e80       0x28 c:/ST/Repository/STM32-FreeRTOS-cpp/STM32TOOLS/GCC/bin/../lib/gcc/arm-none-eabi/13.3.1/../../../../arm-none-eabi/lib/thumb/v7e-m+fp/hard\libg_nano.a(libc_a-memcpy-stub.o)

.debug_line_str
                0x00000000       0x86
 .debug_line_str
                0x00000000       0x86 CMakeFiles/firmware.elf.dir/src/startup_stm32g431xx.s.obj

.debug_loclists
                0x00000000      0x13e
 .debug_loclists
                0x00000000       0x4d c:/ST/Repository/STM32-FreeRTOS-cpp/STM32TOOLS/GCC/bin/../lib/gcc/arm-none-eabi/13.3.1/../../../../arm-none-eabi/lib/thumb/v7e-m+fp/hard\libg_nano.a(libc_a-memset.o)
 .debug_loclists
                0x0000004d       0x44 c:/ST/Repository/STM32-FreeRTOS-cpp/STM32TOOLS/GCC/bin/../lib/gcc/arm-none-eabi/13.3.1/../../../../arm-none-eabi/lib/thumb/v7e-m+fp/hard\libg_nano.a(libc_a-init.o)
 .debug_loclists
                0x00000091       0xad c:/ST/Repository/STM32-FreeRTOS-cpp/STM32TOOLS/GCC/bin/../lib/gcc/arm-none-eabi/13.3.1/../../../../arm-none-eabi/lib/thumb/v7e-m+fp/hard\libg_nano.a(libc_a-memcpy-stub.o)
