Archive member included to satisfy reference by file (symbol)

c:/ST/Repository/STM32-FreeRTOS-cpp/STM32TOOLS/GCC/bin/../lib/gcc/arm-none-eabi/13.3.1/../../../../arm-none-eabi/lib/thumb/v7e-m+fp/hard\libstdc++_nano.a(atexit_arm.o)
                              CMakeFiles/firmware.elf.dir/src/main.cpp.obj (__aeabi_atexit)
c:/ST/Repository/STM32-FreeRTOS-cpp/STM32TOOLS/GCC/bin/../lib/gcc/arm-none-eabi/13.3.1/../../../../arm-none-eabi/lib/thumb/v7e-m+fp/hard\libstdc++_nano.a(guard.o)
                              CMakeFiles/firmware.elf.dir/src/main.cpp.obj (__cxa_guard_acquire)
c:/ST/Repository/STM32-FreeRTOS-cpp/STM32TOOLS/GCC/bin/../lib/gcc/arm-none-eabi/13.3.1/thumb/v7e-m+fp/hard\libgcc.a(_arm_addsubdf3.o)
                              CMakeFiles/firmware.elf.dir/src/main.cpp.obj (__aeabi_f2d)
c:/ST/Repository/STM32-FreeRTOS-cpp/STM32TOOLS/GCC/bin/../lib/gcc/arm-none-eabi/13.3.1/thumb/v7e-m+fp/hard\libgcc.a(_aeabi_uldivmod.o)
                              CMakeFiles/firmware.elf.dir/src/watchdog.cpp.obj (__aeabi_uldivmod)
c:/ST/Repository/STM32-FreeRTOS-cpp/STM32TOOLS/GCC/bin/../lib/gcc/arm-none-eabi/13.3.1/thumb/v7e-m+fp/hard\libgcc.a(_udivmoddi4.o)
                              c:/ST/Repository/STM32-FreeRTOS-cpp/STM32TOOLS/GCC/bin/../lib/gcc/arm-none-eabi/13.3.1/thumb/v7e-m+fp/hard\libgcc.a(_aeabi_uldivmod.o) (__udivmoddi4)
c:/ST/Repository/STM32-FreeRTOS-cpp/STM32TOOLS/GCC/bin/../lib/gcc/arm-none-eabi/13.3.1/thumb/v7e-m+fp/hard\libgcc.a(_dvmd_tls.o)
                              c:/ST/Repository/STM32-FreeRTOS-cpp/STM32TOOLS/GCC/bin/../lib/gcc/arm-none-eabi/13.3.1/thumb/v7e-m+fp/hard\libgcc.a(_aeabi_uldivmod.o) (__aeabi_ldiv0)
c:/ST/Repository/STM32-FreeRTOS-cpp/STM32TOOLS/GCC/bin/../lib/gcc/arm-none-eabi/13.3.1/../../../../arm-none-eabi/lib/thumb/v7e-m+fp/hard\libg_nano.a(libc_a-cxa_atexit.o)
                              c:/ST/Repository/STM32-FreeRTOS-cpp/STM32TOOLS/GCC/bin/../lib/gcc/arm-none-eabi/13.3.1/../../../../arm-none-eabi/lib/thumb/v7e-m+fp/hard\libstdc++_nano.a(atexit_arm.o) (__cxa_atexit)
c:/ST/Repository/STM32-FreeRTOS-cpp/STM32TOOLS/GCC/bin/../lib/gcc/arm-none-eabi/13.3.1/../../../../arm-none-eabi/lib/thumb/v7e-m+fp/hard\libg_nano.a(libc_a-nano-vfprintf_float.o)
                              (_printf_float)
c:/ST/Repository/STM32-FreeRTOS-cpp/STM32TOOLS/GCC/bin/../lib/gcc/arm-none-eabi/13.3.1/../../../../arm-none-eabi/lib/thumb/v7e-m+fp/hard\libg_nano.a(libc_a-nano-vfprintf_i.o)
                              c:/ST/Repository/STM32-FreeRTOS-cpp/STM32TOOLS/GCC/bin/../lib/gcc/arm-none-eabi/13.3.1/../../../../arm-none-eabi/lib/thumb/v7e-m+fp/hard\libg_nano.a(libc_a-nano-vfprintf_float.o) (_printf_common)
c:/ST/Repository/STM32-FreeRTOS-cpp/STM32TOOLS/GCC/bin/../lib/gcc/arm-none-eabi/13.3.1/../../../../arm-none-eabi/lib/thumb/v7e-m+fp/hard\libg_nano.a(libc_a-snprintf.o)
                              CMakeFiles/firmware.elf.dir/src/main.cpp.obj (snprintf)
c:/ST/Repository/STM32-FreeRTOS-cpp/STM32TOOLS/GCC/bin/../lib/gcc/arm-none-eabi/13.3.1/../../../../arm-none-eabi/lib/thumb/v7e-m+fp/hard\libg_nano.a(libc_a-memset.o)
                              CMakeFiles/firmware.elf.dir/src/main.cpp.obj (memset)
c:/ST/Repository/STM32-FreeRTOS-cpp/STM32TOOLS/GCC/bin/../lib/gcc/arm-none-eabi/13.3.1/../../../../arm-none-eabi/lib/thumb/v7e-m+fp/hard\libg_nano.a(libc_a-localeconv.o)
                              c:/ST/Repository/STM32-FreeRTOS-cpp/STM32TOOLS/GCC/bin/../lib/gcc/arm-none-eabi/13.3.1/../../../../arm-none-eabi/lib/thumb/v7e-m+fp/hard\libg_nano.a(libc_a-nano-vfprintf_float.o) (_localeconv_r)
c:/ST/Repository/STM32-FreeRTOS-cpp/STM32TOOLS/GCC/bin/../lib/gcc/arm-none-eabi/13.3.1/../../../../arm-none-eabi/lib/thumb/v7e-m+fp/hard\libg_nano.a(libc_a-impure.o)
                              c:/ST/Repository/STM32-FreeRTOS-cpp/STM32TOOLS/GCC/bin/../lib/gcc/arm-none-eabi/13.3.1/../../../../arm-none-eabi/lib/thumb/v7e-m+fp/hard\libg_nano.a(libc_a-snprintf.o) (_impure_ptr)
c:/ST/Repository/STM32-FreeRTOS-cpp/STM32TOOLS/GCC/bin/../lib/gcc/arm-none-eabi/13.3.1/../../../../arm-none-eabi/lib/thumb/v7e-m+fp/hard\libg_nano.a(libc_a-init.o)
                              CMakeFiles/firmware.elf.dir/src/startup_stm32g431xx.s.obj (__libc_init_array)
c:/ST/Repository/STM32-FreeRTOS-cpp/STM32TOOLS/GCC/bin/../lib/gcc/arm-none-eabi/13.3.1/../../../../arm-none-eabi/lib/thumb/v7e-m+fp/hard\libg_nano.a(libc_a-memchr.o)
                              c:/ST/Repository/STM32-FreeRTOS-cpp/STM32TOOLS/GCC/bin/../lib/gcc/arm-none-eabi/13.3.1/../../../../arm-none-eabi/lib/thumb/v7e-m+fp/hard\libg_nano.a(libc_a-nano-vfprintf_i.o) (memchr)
c:/ST/Repository/STM32-FreeRTOS-cpp/STM32TOOLS/GCC/bin/../lib/gcc/arm-none-eabi/13.3.1/../../../../arm-none-eabi/lib/thumb/v7e-m+fp/hard\libg_nano.a(libc_a-memcpy-stub.o)
                              CMakeFiles/firmware.elf.dir/C_/ST/Repository/STM32-FreeRTOS-cpp/freertos/queue.c.obj (memcpy)
[...]
Memory Configuration

Name             Origin             Length             Attributes
FLASH            0x08000000         0x00020000         xr
RAM              0x20000000         0x00008000         xrw
*default*        0x00000000         0xffffffff

Linker script and memory map

LOAD CMakeFiles/firmware.elf.dir/src/crt_stubs.c.obj
LOAD CMakeFiles/firmware.elf.dir/src/main.cpp.obj
LOAD CMakeFiles/firmware.elf.dir/src/startup_stm32g431xx.s.obj
LOAD CMakeFiles/firmware.elf.dir/src/system_stm32g4xx.c.obj
LOAD CMakeFiles/firmware.elf.dir/src/task_template.cpp.obj
LOAD CMakeFiles/firmware.elf.dir/src/watchdog.cpp.obj
LOAD CMakeFiles/firmware.elf.dir/C_/ST/Repository/STM32-FreeRTOS-cpp/freertos/tasks.c.obj
LOAD CMakeFiles/firmware.elf.dir/C_/ST/Repository/STM32-FreeRTOS-cpp/freertos/list.c.obj
LOAD CMakeFiles/firmware.elf.dir/C_/ST/Repository/STM32-FreeRTOS-cpp/freertos/queue.c.obj
LOAD CMakeFiles/firmware.elf.dir/C_/ST/Repository/STM32-FreeRTOS-cpp/freertos/timers.c.obj
LOAD CMakeFiles/firmware.elf.dir/C_/ST/Repository/STM32-FreeRTOS-cpp/freertos/event_groups.c.obj
LOAD CMakeFiles/firmware.elf.dir/C_/ST/Repository/STM32-FreeRTOS-cpp/freertos/portable/GCC/ARM_CM4F/port.c.obj
LOAD CMakeFiles/firmware.elf.dir/C_/ST/Repository/STM32-FreeRTOS-cpp/freertos/portable/MemMang/heap_4.c.obj
LOAD c:/ST/Repository/STM32-FreeRTOS-cpp/STM32TOOLS/GCC/bin/../lib/gcc/arm-none-eabi/13.3.1/../../../../arm-none-eabi/lib/thumb/v7e-m+fp/hard\libstdc++_nano.a
LOAD c:/ST/Repository/STM32-FreeRTOS-cpp/STM32TOOLS/GCC/bin/../lib/gcc/arm-none-eabi/13.3.1/../../../../arm-none-eabi/lib/thumb/v7e-m+fp/hard\libm.a
START GROUP
LOAD c:/ST/Repository/STM32-FreeRTOS-cpp/STM32TOOLS/GCC/bin/../lib/gcc/arm-none-eabi/13.3.1/thumb/v7e-m+fp/hard\libgcc.a
LOAD c:/ST/Repository/STM32-FreeRTOS-cpp/STM32TOOLS/GCC/bin/../lib/gcc/arm-none-eabi/13.3.1/../../../../arm-none-eabi/lib/thumb/v7e-m+fp/hard\libg_nano.a
LOAD c:/ST/Repository/STM32-FreeRTOS-cpp/STM32TOOLS/GCC/bin/../lib/gcc/arm-none-eabi/13.3.1/../../../../arm-none-eabi/lib/thumb/v7e-m+fp/hard\libc_nano.a
END GROUP
START GROUP
LOAD c:/ST/Repository/STM32-FreeRTOS-cpp/STM32TOOLS/GCC/bin/../lib/gcc/arm-none-eabi/13.3.1/thumb/v7e-m+fp/hard\libgcc.a
LOAD c:/ST/Repository/STM32-FreeRTOS-cpp/STM32TOOLS/GCC/bin/../lib/gcc/arm-none-eabi/13.3.1/../../../../arm-none-eabi/lib/thumb/v7e-m+fp/hard\libc_nano.a
LOAD c:/ST/Repository/STM32-FreeRTOS-cpp/STM32TOOLS/GCC/bin/../lib/gcc/arm-none-eabi/13.3.1/../../../../arm-none-eabi/lib/thumb/v7e-m+fp/hard\libnosys.a
END GROUP
START GROUP
LOAD c:/ST/Repository/STM32-FreeRTOS-cpp/STM32TOOLS/GCC/bin/../lib/gcc/arm-none-eabi/13.3.1/thumb/v7e-m+fp/hard\libgcc.a
LOAD c:/ST/Repository/STM32-FreeRTOS-cpp/STM32TOOLS/GCC/bin/../lib/gcc/arm-none-eabi/13.3.1/../../../../arm-none-eabi/lib/thumb/v7e-m+fp/hard\libc_nano.a
LOAD c:/ST/Repository/STM32-FreeRTOS-cpp/STM32TOOLS/GCC/bin/../lib/gcc/arm-none-eabi/13.3.1/../../../../arm-none-eabi/lib/thumb/v7e-m+fp/hard\libnosys.a
END GROUP
                0x20008000                        _estack = (ORIGIN (RAM) + LENGTH (RAM))

.isr_vector     0x08000000      0x1d8
 *(.isr_vector)
 .isr_vector    0x08000000      0x1d8 CMakeFiles/firmware.elf.dir/src/startup_stm32g431xx.s.obj
                0x08000000                g_pfnVectors

.text           0x080001e0     0x8b69
 *(.text*)
 .text._init    0x080001e0        0xe CMakeFiles/firmware.elf.dir/src/crt_stubs.c.obj
                0x080001e0                _init
 .text._fini    0x080001ee        0xe CMakeFiles/firmware.elf.dir/src/crt_stubs.c.obj
                0x080001ee                _fini
 .text._sbrk    0x080001fc       0x40 CMakeFiles/firmware.elf.dir/src/crt_stubs.c.obj
                0x080001fc                _sbrk
 .text._ZN8UartPinsILi2EE4uartEv
                0x0800023c       0x14 CMakeFiles/firmware.elf.dir/src/main.cpp.obj
                0x0800023c                UartPins<2>::uart()
 .text._ZN8UartPinsILi2EE11enableClockEv
                0x08000250       0x20 CMakeFiles/firmware.elf.dir/src/main.cpp.obj
                0x08000250                UartPins<2>::enableClock()
 .text._ZN8UartPinsILi2EE12disableClockEv
                0x08000270       0x20 CMakeFiles/firmware.elf.dir/src/main.cpp.obj
                0x08000270                UartPins<2>::disableClock()
 .text._ZN4TaskC2EPKc
                0x08000290       0x30 CMakeFiles/firmware.elf.dir/src/main.cpp.obj
                0x08000290                Task::Task(char const*)
                0x08000290                Task::Task(char const*)
 .text._ZN4Task4initEv
                0x080002c0       0x14 CMakeFiles/firmware.elf.dir/src/main.cpp.obj
                0x080002c0                Task::init()
 .text._ZN4Task9taskEntryEPv
                0x080002d4       0x2a CMakeFiles/firmware.elf.dir/src/main.cpp.obj
                0x080002d4                Task::taskEntry(void*)
 *fill*         0x080002fe        0x2 
 .text._ZN14ProcessingTaskC2EP15QueueDefinitionS1_
                0x08000300       0x5c CMakeFiles/firmware.elf.dir/src/main.cpp.obj
                0x08000300                ProcessingTask::ProcessingTask(QueueDefinition*, QueueDefinition*)
                0x08000300                ProcessingTask::ProcessingTask(QueueDefinition*, QueueDefinition*)
 .text._ZN14ProcessingTask3runEv
                0x0800035c      0x104 CMakeFiles/firmware.elf.dir/src/main.cpp.obj
                0x0800035c                ProcessingTask::run()
 .text._ZN14ProcessingTask11raw_to_tempEt
                0x08000460       0x94 CMakeFiles/firmware.elf.dir/src/main.cpp.obj
                0x08000460                ProcessingTask::raw_to_temp(unsigned short)
 .text.main     0x080004f4      0x2ec CMakeFiles/firmware.elf.dir/src/main.cpp.obj
                0x080004f4                main
 .text._ZN19MovingAverageFilterILj10EEC2Ev
                0x080007e0       0x54 CMakeFiles/firmware.elf.dir/src/main.cpp.obj
                0x080007e0                MovingAverageFilter<10u>::MovingAverageFilter()
                0x080007e0                MovingAverageFilter<10u>::MovingAverageFilter()
 .text._ZN19MovingAverageFilterILj10EE6updateERf
                0x08000834       0xa8 CMakeFiles/firmware.elf.dir/src/main.cpp.obj
                0x08000834                MovingAverageFilter<10u>::update(float&)
 .text._ZN4UartILi2ELi115200EL7UartIRQ3ELh15EEC2Ev
                0x080008dc       0x54 CMakeFiles/firmware.elf.dir/src/main.cpp.obj
                0x080008dc                Uart<2, 115200, (UartIRQ)3, (unsigned char)15>::Uart()
                0x080008dc                Uart<2, 115200, (UartIRQ)3, (unsigned char)15>::Uart()
 .text._ZN4UartILi2ELi115200EL7UartIRQ3ELh15EED2Ev
                0x08000930       0x3a CMakeFiles/firmware.elf.dir/src/main.cpp.obj
                0x08000930                Uart<2, 115200, (UartIRQ)3, (unsigned char)15>::~Uart()
                0x08000930                Uart<2, 115200, (UartIRQ)3, (unsigned char)15>::~Uart()
 .text._ZN4GpioIL8GpioPort0ELh5EL8GpioMode1EL9GpioSpeed0EL8GpioPull0EL6GpioAF0EL9GpioOType0EL11GpioIrqEdge4EEC2Ev
                0x0800096a       0x16 CMakeFiles/firmware.elf.dir/src/main.cpp.obj
                0x0800096a                Gpio<(GpioPort)0, (unsigned char)5, (GpioMode)1, (GpioSpeed)0, (GpioPull)0, (GpioAF)0, (GpioOType)0, (GpioIrqEdge)4>::Gpio()
                0x0800096a                Gpio<(GpioPort)0, (unsigned char)5, (GpioMode)1, (GpioSpeed)0, (GpioPull)0, (GpioAF)0, (GpioOType)0, (GpioIrqEdge)4>::Gpio()
 .text._ZN4GpioIL8GpioPort0ELh5EL8GpioMode1EL9GpioSpeed0EL8GpioPull0EL6GpioAF0EL9GpioOType0EL11GpioIrqEdge4EED2Ev
                0x08000980       0x20 CMakeFiles/firmware.elf.dir/src/main.cpp.obj
                0x08000980                Gpio<(GpioPort)0, (unsigned char)5, (GpioMode)1, (GpioSpeed)0, (GpioPull)0, (GpioAF)0, (GpioOType)0, (GpioIrqEdge)4>::~Gpio()
                0x08000980                Gpio<(GpioPort)0, (unsigned char)5, (GpioMode)1, (GpioSpeed)0, (GpioPull)0, (GpioAF)0, (GpioOType)0, (GpioIrqEdge)4>::~Gpio()
 .text._ZN5Adc12IL11AdcInstance0EL6AdcPsc7EL10AdcClkMode3EL17AdcSpecialChannel8388608EL10AdcChannel16EL12AdcSamplTime7EvEC2Ev
                0x080009a0       0x26 CMakeFiles/firmware.elf.dir/src/main.cpp.obj
                0x080009a0                Adc12<(AdcInstance)0, (AdcPsc)7, (AdcClkMode)3, (AdcSpecialChannel)8388608, (AdcChannel)16, (AdcSamplTime)7, void>::Adc12()
                0x080009a0                Adc12<(AdcInstance)0, (AdcPsc)7, (AdcClkMode)3, (AdcSpecialChannel)8388608, (AdcChannel)16, (AdcSamplTime)7, void>::Adc12()
 *fill*         0x080009c6        0x2 
 .text._ZN5Adc12IL11AdcInstance0EL6AdcPsc7EL10AdcClkMode3EL17AdcSpecialChannel8388608EL10AdcChannel16EL12AdcSamplTime7EvED2Ev
                0x080009c8       0x30 CMakeFiles/firmware.elf.dir/src/main.cpp.obj
                0x080009c8                Adc12<(AdcInstance)0, (AdcPsc)7, (AdcClkMode)3, (AdcSpecialChannel)8388608, (AdcChannel)16, (AdcSamplTime)7, void>::~Adc12()
                0x080009c8                Adc12<(AdcInstance)0, (AdcPsc)7, (AdcClkMode)3, (AdcSpecialChannel)8388608, (AdcChannel)16, (AdcSamplTime)7, void>::~Adc12()
 .text._ZN10SensorTaskI5Adc12IL11AdcInstance0EL6AdcPsc7EL10AdcClkMode3EL17AdcSpecialChannel8388608EL10AdcChannel16EL12AdcSamplTime7EvEEC2ERS7_P15QueueDefinition
                0x080009f8       0x40 CMakeFiles/firmware.elf.dir/src/main.cpp.obj
                0x080009f8                SensorTask<Adc12<(AdcInstance)0, (AdcPsc)7, (AdcClkMode)3, (AdcSpecialChannel)8388608, (AdcChannel)16, (AdcSamplTime)7, void> >::SensorTask(Adc12<(AdcInstance)0, (AdcPsc)7, (AdcClkMode)3, (AdcSpecialChannel)8388608, (AdcChannel)16, (AdcSamplTime)7, void>&, QueueDefinition*)
                0x080009f8                SensorTask<Adc12<(AdcInstance)0, (AdcPsc)7, (AdcClkMode)3, (AdcSpecialChannel)8388608, (AdcChannel)16, (AdcSamplTime)7, void> >::SensorTask(Adc12<(AdcInstance)0, (AdcPsc)7, (AdcClkMode)3, (AdcSpecialChannel)8388608, (AdcChannel)16, (AdcSamplTime)7, void>&, QueueDefinition*)
 .text._ZN10LoggerTaskI4UartILi2ELi115200EL7UartIRQ3ELh15EEEC2ERS2_P15QueueDefinition
                0x08000a38       0x40 CMakeFiles/firmware.elf.dir/src/main.cpp.obj
                0x08000a38                LoggerTask<Uart<2, 115200, (UartIRQ)3, (unsigned char)15> >::LoggerTask(Uart<2, 115200, (UartIRQ)3, (unsigned char)15>&, QueueDefinition*)
                0x08000a38                LoggerTask<Uart<2, 115200, (UartIRQ)3, (unsigned char)15> >::LoggerTask(Uart<2, 115200, (UartIRQ)3, (unsigned char)15>&, QueueDefinition*)
 .text._ZN9BlinkTaskI4GpioIL8GpioPort0ELh5EL8GpioMode1EL9GpioSpeed0EL8GpioPull0EL6GpioAF0EL9GpioOType0EL11GpioIrqEdge4EEEC2ERS8_
                0x08000a78       0x34 CMakeFiles/firmware.elf.dir/src/main.cpp.obj
                0x08000a78                BlinkTask<Gpio<(GpioPort)0, (unsigned char)5, (GpioMode)1, (GpioSpeed)0, (GpioPull)0, (GpioAF)0, (GpioOType)0, (GpioIrqEdge)4> >::BlinkTask(Gpio<(GpioPort)0, (unsigned char)5, (GpioMode)1, (GpioSpeed)0, (GpioPull)0, (GpioAF)0, (GpioOType)0, (GpioIrqEdge)4>&)
                0x08000a78                BlinkTask<Gpio<(GpioPort)0, (unsigned char)5, (GpioMode)1, (GpioSpeed)0, (GpioPull)0, (GpioAF)0, (GpioOType)0, (GpioIrqEdge)4> >::BlinkTask(Gpio<(GpioPort)0, (unsigned char)5, (GpioMode)1, (GpioSpeed)0, (GpioPull)0, (GpioAF)0, (GpioOType)0, (GpioIrqEdge)4>&)
 .text._ZN4GpioIL8GpioPort0ELh2EL8GpioMode2EL9GpioSpeed3EL8GpioPull0EL6GpioAF7EL9GpioOType0EL11GpioIrqEdge4EEC2Ev
                0x08000aac       0x16 CMakeFiles/firmware.elf.dir/src/main.cpp.obj
                0x08000aac                Gpio<(GpioPort)0, (unsigned char)2, (GpioMode)2, (GpioSpeed)3, (GpioPull)0, (GpioAF)7, (GpioOType)0, (GpioIrqEdge)4>::Gpio()
                0x08000aac                Gpio<(GpioPort)0, (unsigned char)2, (GpioMode)2, (GpioSpeed)3, (GpioPull)0, (GpioAF)7, (GpioOType)0, (GpioIrqEdge)4>::Gpio()
 .text._ZN4GpioIL8GpioPort0ELh2EL8GpioMode2EL9GpioSpeed3EL8GpioPull0EL6GpioAF7EL9GpioOType0EL11GpioIrqEdge4EED2Ev
                0x08000ac2       0x20 CMakeFiles/firmware.elf.dir/src/main.cpp.obj
                0x08000ac2                Gpio<(GpioPort)0, (unsigned char)2, (GpioMode)2, (GpioSpeed)3, (GpioPull)0, (GpioAF)7, (GpioOType)0, (GpioIrqEdge)4>::~Gpio()
                0x08000ac2                Gpio<(GpioPort)0, (unsigned char)2, (GpioMode)2, (GpioSpeed)3, (GpioPull)0, (GpioAF)7, (GpioOType)0, (GpioIrqEdge)4>::~Gpio()
 .text._ZN4GpioIL8GpioPort0ELh3EL8GpioMode2EL9GpioSpeed3EL8GpioPull0EL6GpioAF7EL9GpioOType0EL11GpioIrqEdge4EEC2Ev
                0x08000ae2       0x16 CMakeFiles/firmware.elf.dir/src/main.cpp.obj
                0x08000ae2                Gpio<(GpioPort)0, (unsigned char)3, (GpioMode)2, (GpioSpeed)3, (GpioPull)0, (GpioAF)7, (GpioOType)0, (GpioIrqEdge)4>::Gpio()
                0x08000ae2                Gpio<(GpioPort)0, (unsigned char)3, (GpioMode)2, (GpioSpeed)3, (GpioPull)0, (GpioAF)7, (GpioOType)0, (GpioIrqEdge)4>::Gpio()
 .text._ZN4GpioIL8GpioPort0ELh3EL8GpioMode2EL9GpioSpeed3EL8GpioPull0EL6GpioAF7EL9GpioOType0EL11GpioIrqEdge4EED2Ev
                0x08000af8       0x20 CMakeFiles/firmware.elf.dir/src/main.cpp.obj
                0x08000af8                Gpio<(GpioPort)0, (unsigned char)3, (GpioMode)2, (GpioSpeed)3, (GpioPull)0, (GpioAF)7, (GpioOType)0, (GpioIrqEdge)4>::~Gpio()
                0x08000af8                Gpio<(GpioPort)0, (unsigned char)3, (GpioMode)2, (GpioSpeed)3, (GpioPull)0, (GpioAF)7, (GpioOType)0, (GpioIrqEdge)4>::~Gpio()
 .text._ZN4GpioIL8GpioPort0ELh5EL8GpioMode1EL9GpioSpeed0EL8GpioPull0EL6GpioAF0EL9GpioOType0EL11GpioIrqEdge4EE4initEv
                0x08000b18       0x2a CMakeFiles/firmware.elf.dir/src/main.cpp.obj
                0x08000b18                Gpio<(GpioPort)0, (unsigned char)5, (GpioMode)1, (GpioSpeed)0, (GpioPull)0, (GpioAF)0, (GpioOType)0, (GpioIrqEdge)4>::init()
 .text._ZN4GpioIL8GpioPort0ELh5EL8GpioMode1EL9GpioSpeed0EL8GpioPull0EL6GpioAF0EL9GpioOType0EL11GpioIrqEdge4EE4portEv
                0x08000b42       0x12 CMakeFiles/firmware.elf.dir/src/main.cpp.obj
                0x08000b42                Gpio<(GpioPort)0, (unsigned char)5, (GpioMode)1, (GpioSpeed)0, (GpioPull)0, (GpioAF)0, (GpioOType)0, (GpioIrqEdge)4>::port()
 .text._ZN5Adc12IL11AdcInstance0EL6AdcPsc7EL10AdcClkMode3EL17AdcSpecialChannel8388608EL10AdcChannel16EL12AdcSamplTime7EvE4initEv
                0x08000b54       0x68 CMakeFiles/firmware.elf.dir/src/main.cpp.obj
                0x08000b54                Adc12<(AdcInstance)0, (AdcPsc)7, (AdcClkMode)3, (AdcSpecialChannel)8388608, (AdcChannel)16, (AdcSamplTime)7, void>::init()
 .text._ZN5Adc12IL11AdcInstance0EL6AdcPsc7EL10AdcClkMode3EL17AdcSpecialChannel8388608EL10AdcChannel16EL12AdcSamplTime7EvE11getInstanceEv
                0x08000bbc       0x12 CMakeFiles/firmware.elf.dir/src/main.cpp.obj
                0x08000bbc                Adc12<(AdcInstance)0, (AdcPsc)7, (AdcClkMode)3, (AdcSpecialChannel)8388608, (AdcChannel)16, (AdcSamplTime)7, void>::getInstance()
 .text._ZN4GpioIL8GpioPort0ELh2EL8GpioMode2EL9GpioSpeed3EL8GpioPull0EL6GpioAF7EL9GpioOType0EL11GpioIrqEdge4EE4initEv
                0x08000bce       0x2a CMakeFiles/firmware.elf.dir/src/main.cpp.obj
                0x08000bce                Gpio<(GpioPort)0, (unsigned char)2, (GpioMode)2, (GpioSpeed)3, (GpioPull)0, (GpioAF)7, (GpioOType)0, (GpioIrqEdge)4>::init()
 .text._ZN4GpioIL8GpioPort0ELh2EL8GpioMode2EL9GpioSpeed3EL8GpioPull0EL6GpioAF7EL9GpioOType0EL11GpioIrqEdge4EE4portEv
                0x08000bf8       0x12 CMakeFiles/firmware.elf.dir/src/main.cpp.obj
                0x08000bf8                Gpio<(GpioPort)0, (unsigned char)2, (GpioMode)2, (GpioSpeed)3, (GpioPull)0, (GpioAF)7, (GpioOType)0, (GpioIrqEdge)4>::port()
 .text._ZN4GpioIL8GpioPort0ELh3EL8GpioMode2EL9GpioSpeed3EL8GpioPull0EL6GpioAF7EL9GpioOType0EL11GpioIrqEdge4EE4initEv
                0x08000c0a       0x2a CMakeFiles/firmware.elf.dir/src/main.cpp.obj
                0x08000c0a                Gpio<(GpioPort)0, (unsigned char)3, (GpioMode)2, (GpioSpeed)3, (GpioPull)0, (GpioAF)7, (GpioOType)0, (GpioIrqEdge)4>::init()
 .text._ZN4GpioIL8GpioPort0ELh3EL8GpioMode2EL9GpioSpeed3EL8GpioPull0EL6GpioAF7EL9GpioOType0EL11GpioIrqEdge4EE4portEv
                0x08000c34       0x12 CMakeFiles/firmware.elf.dir/src/main.cpp.obj
                0x08000c34                Gpio<(GpioPort)0, (unsigned char)3, (GpioMode)2, (GpioSpeed)3, (GpioPull)0, (GpioAF)7, (GpioOType)0, (GpioIrqEdge)4>::port()
 *fill*         0x08000c46        0x2 
 .text._ZN4GpioIL8GpioPort0ELh5EL8GpioMode1EL9GpioSpeed0EL8GpioPull0EL6GpioAF0EL9GpioOType0EL11GpioIrqEdge4EE11enableClockEv
                0x08000c48       0x20 CMakeFiles/firmware.elf.dir/src/main.cpp.obj
                0x08000c48                Gpio<(GpioPort)0, (unsigned char)5, (GpioMode)1, (GpioSpeed)0, (GpioPull)0, (GpioAF)0, (GpioOType)0, (GpioIrqEdge)4>::enableClock()
 .text._ZN4GpioIL8GpioPort0ELh5EL8GpioMode1EL9GpioSpeed0EL8GpioPull0EL6GpioAF0EL9GpioOType0EL11GpioIrqEdge4EE7setModeES1_
                0x08000c68       0x2e CMakeFiles/firmware.elf.dir/src/main.cpp.obj
                0x08000c68                Gpio<(GpioPort)0, (unsigned char)5, (GpioMode)1, (GpioSpeed)0, (GpioPull)0, (GpioAF)0, (GpioOType)0, (GpioIrqEdge)4>::setMode(GpioMode)
 .text._ZN4GpioIL8GpioPort0ELh5EL8GpioMode1EL9GpioSpeed0EL8GpioPull0EL6GpioAF0EL9GpioOType0EL11GpioIrqEdge4EE5setAFES4_
                0x08000c96       0x14 CMakeFiles/firmware.elf.dir/src/main.cpp.obj
                0x08000c96                Gpio<(GpioPort)0, (unsigned char)5, (GpioMode)1, (GpioSpeed)0, (GpioPull)0, (GpioAF)0, (GpioOType)0, (GpioIrqEdge)4>::setAF(GpioAF)
 .text._ZN4GpioIL8GpioPort0ELh5EL8GpioMode1EL9GpioSpeed0EL8GpioPull0EL6GpioAF0EL9GpioOType0EL11GpioIrqEdge4EE8setSpeedES2_
                0x08000caa       0x2e CMakeFiles/firmware.elf.dir/src/main.cpp.obj
                0x08000caa                Gpio<(GpioPort)0, (unsigned char)5, (GpioMode)1, (GpioSpeed)0, (GpioPull)0, (GpioAF)0, (GpioOType)0, (GpioIrqEdge)4>::setSpeed(GpioSpeed)
 .text._ZN4GpioIL8GpioPort0ELh5EL8GpioMode1EL9GpioSpeed0EL8GpioPull0EL6GpioAF0EL9GpioOType0EL11GpioIrqEdge4EE7setPullES3_
                0x08000cd8       0x2e CMakeFiles/firmware.elf.dir/src/main.cpp.obj
                0x08000cd8                Gpio<(GpioPort)0, (unsigned char)5, (GpioMode)1, (GpioSpeed)0, (GpioPull)0, (GpioAF)0, (GpioOType)0, (GpioIrqEdge)4>::setPull(GpioPull)
 .text._ZN4GpioIL8GpioPort0ELh5EL8GpioMode1EL9GpioSpeed0EL8GpioPull0EL6GpioAF0EL9GpioOType0EL11GpioIrqEdge4EE8setOTypeES5_
                0x08000d06       0x20 CMakeFiles/firmware.elf.dir/src/main.cpp.obj
                0x08000d06                Gpio<(GpioPort)0, (unsigned char)5, (GpioMode)1, (GpioSpeed)0, (GpioPull)0, (GpioAF)0, (GpioOType)0, (GpioIrqEdge)4>::setOType(GpioOType)
 *fill*         0x08000d26        0x2 
 .text._ZN5Adc12IL11AdcInstance0EL6AdcPsc7EL10AdcClkMode3EL17AdcSpecialChannel8388608EL10AdcChannel16EL12AdcSamplTime7EvE12clock_enableEv
                0x08000d28       0x48 CMakeFiles/firmware.elf.dir/src/main.cpp.obj
                0x08000d28                Adc12<(AdcInstance)0, (AdcPsc)7, (AdcClkMode)3, (AdcSpecialChannel)8388608, (AdcChannel)16, (AdcSamplTime)7, void>::clock_enable()
 .text._ZN5Adc12IL11AdcInstance0EL6AdcPsc7EL10AdcClkMode3EL17AdcSpecialChannel8388608EL10AdcChannel16EL12AdcSamplTime7EvE12power_enableEv
                0x08000d70       0x4a CMakeFiles/firmware.elf.dir/src/main.cpp.obj
                0x08000d70                Adc12<(AdcInstance)0, (AdcPsc)7, (AdcClkMode)3, (AdcSpecialChannel)8388608, (AdcChannel)16, (AdcSamplTime)7, void>::power_enable()
 *fill*         0x08000dba        0x2 
 .text._ZN5Adc12IL11AdcInstance0EL6AdcPsc7EL10AdcClkMode3EL17AdcSpecialChannel8388608EL10AdcChannel16EL12AdcSamplTime7EvE9init_waitER12AdcWaitTimes
                0x08000dbc       0x38 CMakeFiles/firmware.elf.dir/src/main.cpp.obj
                0x08000dbc                Adc12<(AdcInstance)0, (AdcPsc)7, (AdcClkMode)3, (AdcSpecialChannel)8388608, (AdcChannel)16, (AdcSamplTime)7, void>::init_wait(AdcWaitTimes&)
 .text._ZN5Adc12IL11AdcInstance0EL6AdcPsc7EL10AdcClkMode3EL17AdcSpecialChannel8388608EL10AdcChannel16EL12AdcSamplTime7EvE11calibrationER12AdcWaitTimes
                0x08000df4       0xfe CMakeFiles/firmware.elf.dir/src/main.cpp.obj
                0x08000df4                Adc12<(AdcInstance)0, (AdcPsc)7, (AdcClkMode)3, (AdcSpecialChannel)8388608, (AdcChannel)16, (AdcSamplTime)7, void>::calibration(AdcWaitTimes&)
 *fill*         0x08000ef2        0x2 
 .text._ZN5Adc12IL11AdcInstance0EL6AdcPsc7EL10AdcClkMode3EL17AdcSpecialChannel8388608EL10AdcChannel16EL12AdcSamplTime7EvE22enable_special_channelEv
                0x08000ef4       0x20 CMakeFiles/firmware.elf.dir/src/main.cpp.obj
                0x08000ef4                Adc12<(AdcInstance)0, (AdcPsc)7, (AdcClkMode)3, (AdcSpecialChannel)8388608, (AdcChannel)16, (AdcSamplTime)7, void>::enable_special_channel()
 .text._ZN5Adc12IL11AdcInstance0EL6AdcPsc7EL10AdcClkMode3EL17AdcSpecialChannel8388608EL10AdcChannel16EL12AdcSamplTime7EvE17configure_channelEv
                0x08000f14       0x82 CMakeFiles/firmware.elf.dir/src/main.cpp.obj
                0x08000f14                Adc12<(AdcInstance)0, (AdcPsc)7, (AdcClkMode)3, (AdcSpecialChannel)8388608, (AdcChannel)16, (AdcSamplTime)7, void>::configure_channel()
 .text._ZN5Adc12IL11AdcInstance0EL6AdcPsc7EL10AdcClkMode3EL17AdcSpecialChannel8388608EL10AdcChannel16EL12AdcSamplTime7EvE10adc_enableEv
                0x08000f96       0x66 CMakeFiles/firmware.elf.dir/src/main.cpp.obj
                0x08000f96                Adc12<(AdcInstance)0, (AdcPsc)7, (AdcClkMode)3, (AdcSpecialChannel)8388608, (AdcChannel)16, (AdcSamplTime)7, void>::adc_enable()
 .text._ZN5Adc12IL11AdcInstance0EL6AdcPsc7EL10AdcClkMode3EL17AdcSpecialChannel8388608EL10AdcChannel16EL12AdcSamplTime7EvE3logEPKc
                0x08000ffc       0x16 CMakeFiles/firmware.elf.dir/src/main.cpp.obj
                0x08000ffc                Adc12<(AdcInstance)0, (AdcPsc)7, (AdcClkMode)3, (AdcSpecialChannel)8388608, (AdcChannel)16, (AdcSamplTime)7, void>::log(char const*)
 *fill*         0x08001012        0x2 
 .text._ZN4GpioIL8GpioPort0ELh2EL8GpioMode2EL9GpioSpeed3EL8GpioPull0EL6GpioAF7EL9GpioOType0EL11GpioIrqEdge4EE11enableClockEv
                0x08001014       0x20 CMakeFiles/firmware.elf.dir/src/main.cpp.obj
                0x08001014                Gpio<(GpioPort)0, (unsigned char)2, (GpioMode)2, (GpioSpeed)3, (GpioPull)0, (GpioAF)7, (GpioOType)0, (GpioIrqEdge)4>::enableClock()
 .text._ZN4GpioIL8GpioPort0ELh2EL8GpioMode2EL9GpioSpeed3EL8GpioPull0EL6GpioAF7EL9GpioOType0EL11GpioIrqEdge4EE7setModeES1_
                0x08001034       0x2e CMakeFiles/firmware.elf.dir/src/main.cpp.obj
                0x08001034                Gpio<(GpioPort)0, (unsigned char)2, (GpioMode)2, (GpioSpeed)3, (GpioPull)0, (GpioAF)7, (GpioOType)0, (GpioIrqEdge)4>::setMode(GpioMode)
 .text._ZN4GpioIL8GpioPort0ELh2EL8GpioMode2EL9GpioSpeed3EL8GpioPull0EL6GpioAF7EL9GpioOType0EL11GpioIrqEdge4EE5setAFES4_
                0x08001062       0x2e CMakeFiles/firmware.elf.dir/src/main.cpp.obj
                0x08001062                Gpio<(GpioPort)0, (unsigned char)2, (GpioMode)2, (GpioSpeed)3, (GpioPull)0, (GpioAF)7, (GpioOType)0, (GpioIrqEdge)4>::setAF(GpioAF)
 .text._ZN4GpioIL8GpioPort0ELh2EL8GpioMode2EL9GpioSpeed3EL8GpioPull0EL6GpioAF7EL9GpioOType0EL11GpioIrqEdge4EE8setSpeedES2_
                0x08001090       0x2e CMakeFiles/firmware.elf.dir/src/main.cpp.obj
                0x08001090                Gpio<(GpioPort)0, (unsigned char)2, (GpioMode)2, (GpioSpeed)3, (GpioPull)0, (GpioAF)7, (GpioOType)0, (GpioIrqEdge)4>::setSpeed(GpioSpeed)
 .text._ZN4GpioIL8GpioPort0ELh2EL8GpioMode2EL9GpioSpeed3EL8GpioPull0EL6GpioAF7EL9GpioOType0EL11GpioIrqEdge4EE7setPullES3_
                0x080010be       0x2e CMakeFiles/firmware.elf.dir/src/main.cpp.obj
                0x080010be                Gpio<(GpioPort)0, (unsigned char)2, (GpioMode)2, (GpioSpeed)3, (GpioPull)0, (GpioAF)7, (GpioOType)0, (GpioIrqEdge)4>::setPull(GpioPull)
 .text._ZN4GpioIL8GpioPort0ELh2EL8GpioMode2EL9GpioSpeed3EL8GpioPull0EL6GpioAF7EL9GpioOType0EL11GpioIrqEdge4EE8setOTypeES5_
                0x080010ec       0x20 CMakeFiles/firmware.elf.dir/src/main.cpp.obj
                0x080010ec                Gpio<(GpioPort)0, (unsigned char)2, (GpioMode)2, (GpioSpeed)3, (GpioPull)0, (GpioAF)7, (GpioOType)0, (GpioIrqEdge)4>::setOType(GpioOType)
 .text._ZN4GpioIL8GpioPort0ELh3EL8GpioMode2EL9GpioSpeed3EL8GpioPull0EL6GpioAF7EL9GpioOType0EL11GpioIrqEdge4EE11enableClockEv
                0x0800110c       0x20 CMakeFiles/firmware.elf.dir/src/main.cpp.obj
                0x0800110c                Gpio<(GpioPort)0, (unsigned char)3, (GpioMode)2, (GpioSpeed)3, (GpioPull)0, (GpioAF)7, (GpioOType)0, (GpioIrqEdge)4>::enableClock()
 .text._ZN4GpioIL8GpioPort0ELh3EL8GpioMode2EL9GpioSpeed3EL8GpioPull0EL6GpioAF7EL9GpioOType0EL11GpioIrqEdge4EE7setModeES1_
                0x0800112c       0x2e CMakeFiles/firmware.elf.dir/src/main.cpp.obj
                0x0800112c                Gpio<(GpioPort)0, (unsigned char)3, (GpioMode)2, (GpioSpeed)3, (GpioPull)0, (GpioAF)7, (GpioOType)0, (GpioIrqEdge)4>::setMode(GpioMode)
 .text._ZN4GpioIL8GpioPort0ELh3EL8GpioMode2EL9GpioSpeed3EL8GpioPull0EL6GpioAF7EL9GpioOType0EL11GpioIrqEdge4EE5setAFES4_
                0x0800115a       0x2e CMakeFiles/firmware.elf.dir/src/main.cpp.obj
                0x0800115a                Gpio<(GpioPort)0, (unsigned char)3, (GpioMode)2, (GpioSpeed)3, (GpioPull)0, (GpioAF)7, (GpioOType)0, (GpioIrqEdge)4>::setAF(GpioAF)
 .text._ZN4GpioIL8GpioPort0ELh3EL8GpioMode2EL9GpioSpeed3EL8GpioPull0EL6GpioAF7EL9GpioOType0EL11GpioIrqEdge4EE8setSpeedES2_
                0x08001188       0x2e CMakeFiles/firmware.elf.dir/src/main.cpp.obj
                0x08001188                Gpio<(GpioPort)0, (unsigned char)3, (GpioMode)2, (GpioSpeed)3, (GpioPull)0, (GpioAF)7, (GpioOType)0, (GpioIrqEdge)4>::setSpeed(GpioSpeed)
 .text._ZN4GpioIL8GpioPort0ELh3EL8GpioMode2EL9GpioSpeed3EL8GpioPull0EL6GpioAF7EL9GpioOType0EL11GpioIrqEdge4EE7setPullES3_
                0x080011b6       0x2e CMakeFiles/firmware.elf.dir/src/main.cpp.obj
                0x080011b6                Gpio<(GpioPort)0, (unsigned char)3, (GpioMode)2, (GpioSpeed)3, (GpioPull)0, (GpioAF)7, (GpioOType)0, (GpioIrqEdge)4>::setPull(GpioPull)
 .text._ZN4GpioIL8GpioPort0ELh3EL8GpioMode2EL9GpioSpeed3EL8GpioPull0EL6GpioAF7EL9GpioOType0EL11GpioIrqEdge4EE8setOTypeES5_
                0x080011e4       0x20 CMakeFiles/firmware.elf.dir/src/main.cpp.obj
                0x080011e4                Gpio<(GpioPort)0, (unsigned char)3, (GpioMode)2, (GpioSpeed)3, (GpioPull)0, (GpioAF)7, (GpioOType)0, (GpioIrqEdge)4>::setOType(GpioOType)
 .text._ZN5Adc12IL11AdcInstance0EL6AdcPsc7EL10AdcClkMode3EL17AdcSpecialChannel8388608EL10AdcChannel16EL12AdcSamplTime7EvE11us_to_ticksEm
                0x08001204       0x18 CMakeFiles/firmware.elf.dir/src/main.cpp.obj
                0x08001204                Adc12<(AdcInstance)0, (AdcPsc)7, (AdcClkMode)3, (AdcSpecialChannel)8388608, (AdcChannel)16, (AdcSamplTime)7, void>::us_to_ticks(unsigned long)
 .text._ZN5Adc12IL11AdcInstance0EL6AdcPsc7EL10AdcClkMode3EL17AdcSpecialChannel8388608EL10AdcChannel16EL12AdcSamplTime7EvE17adc_ticks_to_hclkEmm
                0x0800121c       0x58 CMakeFiles/firmware.elf.dir/src/main.cpp.obj
                0x0800121c                Adc12<(AdcInstance)0, (AdcPsc)7, (AdcClkMode)3, (AdcSpecialChannel)8388608, (AdcChannel)16, (AdcSamplTime)7, void>::adc_ticks_to_hclk(unsigned long, unsigned long)
 .text._ZN9BlinkTaskI4GpioIL8GpioPort0ELh5EL8GpioMode1EL9GpioSpeed0EL8GpioPull0EL6GpioAF0EL9GpioOType0EL11GpioIrqEdge4EEE3runEv
                0x08001274       0x24 CMakeFiles/firmware.elf.dir/src/main.cpp.obj
                0x08001274                BlinkTask<Gpio<(GpioPort)0, (unsigned char)5, (GpioMode)1, (GpioSpeed)0, (GpioPull)0, (GpioAF)0, (GpioOType)0, (GpioIrqEdge)4> >::run()
 .text._ZN10LoggerTaskI4UartILi2ELi115200EL7UartIRQ3ELh15EEE3runEv
                0x08001298       0x84 CMakeFiles/firmware.elf.dir/src/main.cpp.obj
                0x08001298                LoggerTask<Uart<2, 115200, (UartIRQ)3, (unsigned char)15> >::run()
 .text._ZN10SensorTaskI5Adc12IL11AdcInstance0EL6AdcPsc7EL10AdcClkMode3EL17AdcSpecialChannel8388608EL10AdcChannel16EL12AdcSamplTime7EvEE3runEv
                0x0800131c       0xb8 CMakeFiles/firmware.elf.dir/src/main.cpp.obj
                0x0800131c                SensorTask<Adc12<(AdcInstance)0, (AdcPsc)7, (AdcClkMode)3, (AdcSpecialChannel)8388608, (AdcChannel)16, (AdcSamplTime)7, void> >::run()
 .text._ZN4GpioIL8GpioPort0ELh5EL8GpioMode1EL9GpioSpeed0EL8GpioPull0EL6GpioAF0EL9GpioOType0EL11GpioIrqEdge4EE6toggleEv
                0x080013d4       0x16 CMakeFiles/firmware.elf.dir/src/main.cpp.obj
                0x080013d4                Gpio<(GpioPort)0, (unsigned char)5, (GpioMode)1, (GpioSpeed)0, (GpioPull)0, (GpioAF)0, (GpioOType)0, (GpioIrqEdge)4>::toggle()
 .text._ZN4UartILi2ELi115200EL7UartIRQ3ELh15EE4sendEPKc
                0x080013ea       0x42 CMakeFiles/firmware.elf.dir/src/main.cpp.obj
                0x080013ea                Uart<2, 115200, (UartIRQ)3, (unsigned char)15>::send(char const*)
 .text._ZN5Adc12IL11AdcInstance0EL6AdcPsc7EL10AdcClkMode3EL17AdcSpecialChannel8388608EL10AdcChannel16EL12AdcSamplTime7EvE16start_conversionERt
                0x0800142c       0x7e CMakeFiles/firmware.elf.dir/src/main.cpp.obj
                0x0800142c                Adc12<(AdcInstance)0, (AdcPsc)7, (AdcClkMode)3, (AdcSpecialChannel)8388608, (AdcChannel)16, (AdcSamplTime)7, void>::start_conversion(unsigned short&)
 .text._ZN10SensorTaskI5Adc12IL11AdcInstance0EL6AdcPsc7EL10AdcClkMode3EL17AdcSpecialChannel8388608EL10AdcChannel16EL12AdcSamplTime7EvEE13map_adc_errorE8AdcError
                0x080014aa       0x22 CMakeFiles/firmware.elf.dir/src/main.cpp.obj
                0x080014aa                SensorTask<Adc12<(AdcInstance)0, (AdcPsc)7, (AdcClkMode)3, (AdcSpecialChannel)8388608, (AdcChannel)16, (AdcSamplTime)7, void> >::map_adc_error(AdcError)
 .text._ZN4UartILi2ELi115200EL7UartIRQ3ELh15EE8sendCharEct
                0x080014cc       0x5c CMakeFiles/firmware.elf.dir/src/main.cpp.obj
                0x080014cc                Uart<2, 115200, (UartIRQ)3, (unsigned char)15>::sendChar(char, unsigned short)
 .text._ZN4UartILi2ELi115200EL7UartIRQ3ELh15EE11us_to_ticksEm
                0x08001528       0x18 CMakeFiles/firmware.elf.dir/src/main.cpp.obj
                0x08001528                Uart<2, 115200, (UartIRQ)3, (unsigned char)15>::us_to_ticks(unsigned long)
 .text.Reset_Handler
                0x08001540       0x50 CMakeFiles/firmware.elf.dir/src/startup_stm32g431xx.s.obj
                0x08001540                Reset_Handler
 .text.Default_Handler
                0x08001590        0x2 CMakeFiles/firmware.elf.dir/src/startup_stm32g431xx.s.obj
                0x08001590                RTC_Alarm_IRQHandler
                0x08001590                EXTI2_IRQHandler
                0x08001590                TIM8_TRG_COM_IRQHandler
                0x08001590                TIM8_CC_IRQHandler
                0x08001590                DebugMon_Handler
                0x08001590                TIM1_CC_IRQHandler
                0x08001590                HardFault_Handler
                0x08001590                USB_HP_IRQHandler
                0x08001590                CORDIC_IRQHandler
                0x08001590                NMI_Handler
                0x08001590                EXTI3_IRQHandler
                0x08001590                I2C3_ER_IRQHandler
                0x08001590                EXTI0_IRQHandler
                0x08001590                I2C2_EV_IRQHandler
                0x08001590                FPU_IRQHandler
                0x08001590                FDCAN1_IT1_IRQHandler
                0x08001590                TIM1_UP_TIM16_IRQHandler
                0x08001590                UsageFault_Handler
                0x08001590                ADC1_2_IRQHandler
                0x08001590                SPI1_IRQHandler
                0x08001590                TIM6_DAC_IRQHandler
                0x08001590                TIM8_UP_IRQHandler
                0x08001590                DMA2_Channel2_IRQHandler
                0x08001590                DMA1_Channel4_IRQHandler
                0x08001590                USART3_IRQHandler
                0x08001590                TIM4_IRQHandler
                0x08001590                DMA2_Channel1_IRQHandler
                0x08001590                I2C1_EV_IRQHandler
                0x08001590                DMA1_Channel6_IRQHandler
                0x08001590                UART4_IRQHandler
                0x08001590                DMA2_Channel4_IRQHandler
                0x08001590                TIM3_IRQHandler
                0x08001590                RCC_IRQHandler
                0x08001590                DMA1_Channel1_IRQHandler
                0x08001590                Default_Handler
                0x08001590                RTC_TAMP_LSECSS_IRQHandler
                0x08001590                FMAC_IRQHandler
                0x08001590                EXTI15_10_IRQHandler
                0x08001590                TIM7_IRQHandler
                0x08001590                UCPD1_IRQHandler
                0x08001590                I2C3_EV_IRQHandler
                0x08001590                EXTI9_5_IRQHandler
                0x08001590                RTC_WKUP_IRQHandler
                0x08001590                PVD_PVM_IRQHandler
                0x08001590                SPI2_IRQHandler
                0x08001590                MemManage_Handler
                0x08001590                DMA2_Channel5_IRQHandler
                0x08001590                CRS_IRQHandler
                0x08001590                DMA1_Channel5_IRQHandler
                0x08001590                USB_LP_IRQHandler
                0x08001590                EXTI4_IRQHandler
                0x08001590                RNG_IRQHandler
                0x08001590                TIM1_TRG_COM_TIM17_IRQHandler
                0x08001590                DMA1_Channel3_IRQHandler
                0x08001590                WWDG_IRQHandler
                0x08001590                LPUART1_IRQHandler
                0x08001590                DMA2_Channel6_IRQHandler
                0x08001590                FDCAN1_IT0_IRQHandler
                0x08001590                TIM2_IRQHandler
                0x08001590                COMP1_2_3_IRQHandler
                0x08001590                EXTI1_IRQHandler
                0x08001590                USART2_IRQHandler
                0x08001590                I2C2_ER_IRQHandler
                0x08001590                DMA1_Channel2_IRQHandler
                0x08001590                TIM8_BRK_IRQHandler
                0x08001590                FLASH_IRQHandler
                0x08001590                BusFault_Handler
                0x08001590                USART1_IRQHandler
                0x08001590                SPI3_IRQHandler
                0x08001590                I2C1_ER_IRQHandler
                0x08001590                LPTIM1_IRQHandler
                0x08001590                DMAMUX_OVR_IRQHandler
                0x08001590                USBWakeUp_IRQHandler
                0x08001590                SAI1_IRQHandler
                0x08001590                DMA2_Channel3_IRQHandler
                0x08001590                COMP4_IRQHandler
                0x08001590                TIM1_BRK_TIM15_IRQHandler
 *fill*         0x08001592        0x2 
 .text.SystemInit
                0x08001594      0x10c CMakeFiles/firmware.elf.dir/src/system_stm32g4xx.c.obj
                0x08001594                SystemInit
 .text.SystemCoreClockUpdate
                0x080016a0       0xd4 CMakeFiles/firmware.elf.dir/src/system_stm32g4xx.c.obj
                0x080016a0                SystemCoreClockUpdate
 .text._ZN4Task18registerToWatchdogEm
                0x08001774       0x1c CMakeFiles/firmware.elf.dir/src/task_template.cpp.obj
                0x08001774                Task::registerToWatchdog(unsigned long)
 .text._ZN4Task11notifyAliveEv
                0x08001790       0x22 CMakeFiles/firmware.elf.dir/src/task_template.cpp.obj
                0x08001790                Task::notifyAlive()
 *fill*         0x080017b2        0x2 
 .text._ZN18WatchdogSupervisor4initEm
                0x080017b4       0xa8 CMakeFiles/firmware.elf.dir/src/watchdog.cpp.obj
                0x080017b4                WatchdogSupervisor::init(unsigned long)
 .text._ZN18WatchdogSupervisor12registerTaskEP4Task
                0x0800185c       0x44 CMakeFiles/firmware.elf.dir/src/watchdog.cpp.obj
                0x0800185c                WatchdogSupervisor::registerTask(Task*)
 .text._ZN18WatchdogSupervisor9taskEntryEPv
                0x080018a0       0x90 CMakeFiles/firmware.elf.dir/src/watchdog.cpp.obj
                0x080018a0                WatchdogSupervisor::taskEntry(void*)
 .text._ZN18WatchdogSupervisor6notifyEm
                0x08001930       0x28 CMakeFiles/firmware.elf.dir/src/watchdog.cpp.obj
                0x08001930                WatchdogSupervisor::notify(unsigned long)
 .text._ZN18WatchdogSupervisor6initHwE7IWDG_PRm
                0x08001958       0x40 CMakeFiles/firmware.elf.dir/src/watchdog.cpp.obj
                0x08001958                WatchdogSupervisor::initHw(IWDG_PR, unsigned long)
 .text._ZN18WatchdogSupervisor4kickEv
                0x08001998       0x1c CMakeFiles/firmware.elf.dir/src/watchdog.cpp.obj
                0x08001998                WatchdogSupervisor::kick()
 .text.prvCreateStaticTask
                0x080019b4       0xc2 CMakeFiles/firmware.elf.dir/C_/ST/Repository/STM32-FreeRTOS-cpp/freertos/tasks.c.obj
 .text.xTaskCreateStatic
                0x08001a76       0x48 CMakeFiles/firmware.elf.dir/C_/ST/Repository/STM32-FreeRTOS-cpp/freertos/tasks.c.obj
                0x08001a76                xTaskCreateStatic
 .text.prvCreateTask
                0x08001abe       0x80 CMakeFiles/firmware.elf.dir/C_/ST/Repository/STM32-FreeRTOS-cpp/freertos/tasks.c.obj
 .text.xTaskCreate
                0x08001b3e       0x46 CMakeFiles/firmware.elf.dir/C_/ST/Repository/STM32-FreeRTOS-cpp/freertos/tasks.c.obj
                0x08001b3e                xTaskCreate
 .text.prvInitialiseNewTask
                0x08001b84      0x122 CMakeFiles/firmware.elf.dir/C_/ST/Repository/STM32-FreeRTOS-cpp/freertos/tasks.c.obj
 *fill*         0x08001ca6        0x2 
 .text.prvAddNewTaskToReadyList
                0x08001ca8      0x12c CMakeFiles/firmware.elf.dir/C_/ST/Repository/STM32-FreeRTOS-cpp/freertos/tasks.c.obj
 .text.xTaskDelayUntil
                0x08001dd4      0x150 CMakeFiles/firmware.elf.dir/C_/ST/Repository/STM32-FreeRTOS-cpp/freertos/tasks.c.obj
                0x08001dd4                xTaskDelayUntil
 .text.vTaskDelay
                0x08001f24       0x70 CMakeFiles/firmware.elf.dir/C_/ST/Repository/STM32-FreeRTOS-cpp/freertos/tasks.c.obj
                0x08001f24                vTaskDelay
 .text.prvCreateIdleTasks
                0x08001f94       0xec CMakeFiles/firmware.elf.dir/C_/ST/Repository/STM32-FreeRTOS-cpp/freertos/tasks.c.obj
 .text.vTaskStartScheduler
                0x08002080       0x98 CMakeFiles/firmware.elf.dir/C_/ST/Repository/STM32-FreeRTOS-cpp/freertos/tasks.c.obj
                0x08002080                vTaskStartScheduler
 .text.vTaskSuspendAll
                0x08002118       0x1c CMakeFiles/firmware.elf.dir/C_/ST/Repository/STM32-FreeRTOS-cpp/freertos/tasks.c.obj
                0x08002118                vTaskSuspendAll
 .text.xTaskResumeAll
                0x08002134      0x22c CMakeFiles/firmware.elf.dir/C_/ST/Repository/STM32-FreeRTOS-cpp/freertos/tasks.c.obj
                0x08002134                xTaskResumeAll
 .text.xTaskGetTickCount
                0x08002360       0x2c CMakeFiles/firmware.elf.dir/C_/ST/Repository/STM32-FreeRTOS-cpp/freertos/tasks.c.obj
                0x08002360                xTaskGetTickCount
 .text.xTaskIncrementTick
                0x0800238c      0x26c CMakeFiles/firmware.elf.dir/C_/ST/Repository/STM32-FreeRTOS-cpp/freertos/tasks.c.obj
                0x0800238c                xTaskIncrementTick
 .text.vTaskSwitchContext
                0x080025f8       0xc0 CMakeFiles/firmware.elf.dir/C_/ST/Repository/STM32-FreeRTOS-cpp/freertos/tasks.c.obj
                0x080025f8                vTaskSwitchContext
 .text.vTaskPlaceOnEventList
                0x080026b8       0x50 CMakeFiles/firmware.elf.dir/C_/ST/Repository/STM32-FreeRTOS-cpp/freertos/tasks.c.obj
                0x080026b8                vTaskPlaceOnEventList
 .text.vTaskPlaceOnEventListRestricted
                0x08002708       0x94 CMakeFiles/firmware.elf.dir/C_/ST/Repository/STM32-FreeRTOS-cpp/freertos/tasks.c.obj
                0x08002708                vTaskPlaceOnEventListRestricted
 .text.xTaskRemoveFromEventList
                0x0800279c      0x1b8 CMakeFiles/firmware.elf.dir/C_/ST/Repository/STM32-FreeRTOS-cpp/freertos/tasks.c.obj
                0x0800279c                xTaskRemoveFromEventList
 .text.vTaskRemoveFromUnorderedEventList
                0x08002954      0x194 CMakeFiles/firmware.elf.dir/C_/ST/Repository/STM32-FreeRTOS-cpp/freertos/tasks.c.obj
                0x08002954                vTaskRemoveFromUnorderedEventList
 .text.vTaskInternalSetTimeOutState
                0x08002ae8       0x30 CMakeFiles/firmware.elf.dir/C_/ST/Repository/STM32-FreeRTOS-cpp/freertos/tasks.c.obj
                0x08002ae8                vTaskInternalSetTimeOutState
 .text.xTaskCheckForTimeOut
                0x08002b18      0x114 CMakeFiles/firmware.elf.dir/C_/ST/Repository/STM32-FreeRTOS-cpp/freertos/tasks.c.obj
                0x08002b18                xTaskCheckForTimeOut
 .text.vTaskMissedYield
                0x08002c2c       0x18 CMakeFiles/firmware.elf.dir/C_/ST/Repository/STM32-FreeRTOS-cpp/freertos/tasks.c.obj
                0x08002c2c                vTaskMissedYield
 .text.prvIdleTask
                0x08002c44       0x30 CMakeFiles/firmware.elf.dir/C_/ST/Repository/STM32-FreeRTOS-cpp/freertos/tasks.c.obj
 .text.prvInitialiseTaskLists
                0x08002c74       0x80 CMakeFiles/firmware.elf.dir/C_/ST/Repository/STM32-FreeRTOS-cpp/freertos/tasks.c.obj
 .text.prvCheckTasksWaitingTermination
                0x08002cf4       0x5c CMakeFiles/firmware.elf.dir/C_/ST/Repository/STM32-FreeRTOS-cpp/freertos/tasks.c.obj
 .text.prvDeleteTCB
                0x08002d50       0x60 CMakeFiles/firmware.elf.dir/C_/ST/Repository/STM32-FreeRTOS-cpp/freertos/tasks.c.obj
 .text.prvResetNextTaskUnblockTime
                0x08002db0       0x40 CMakeFiles/firmware.elf.dir/C_/ST/Repository/STM32-FreeRTOS-cpp/freertos/tasks.c.obj
 .text.xTaskGetSchedulerState
                0x08002df0       0x3c CMakeFiles/firmware.elf.dir/C_/ST/Repository/STM32-FreeRTOS-cpp/freertos/tasks.c.obj
                0x08002df0                xTaskGetSchedulerState
 .text.xTaskPriorityDisinherit
                0x08002e2c      0x148 CMakeFiles/firmware.elf.dir/C_/ST/Repository/STM32-FreeRTOS-cpp/freertos/tasks.c.obj
                0x08002e2c                xTaskPriorityDisinherit
 .text.prvAddCurrentTaskToDelayedList
                0x08002f74      0x114 CMakeFiles/firmware.elf.dir/C_/ST/Repository/STM32-FreeRTOS-cpp/freertos/tasks.c.obj
 .text.vApplicationGetIdleTaskMemory
                0x08003088       0x34 CMakeFiles/firmware.elf.dir/C_/ST/Repository/STM32-FreeRTOS-cpp/freertos/tasks.c.obj
                0x08003088                vApplicationGetIdleTaskMemory
 .text.vApplicationGetTimerTaskMemory
                0x080030bc       0x34 CMakeFiles/firmware.elf.dir/C_/ST/Repository/STM32-FreeRTOS-cpp/freertos/tasks.c.obj
                0x080030bc                vApplicationGetTimerTaskMemory
 .text.vListInitialise
                0x080030f0       0x46 CMakeFiles/firmware.elf.dir/C_/ST/Repository/STM32-FreeRTOS-cpp/freertos/list.c.obj
                0x080030f0                vListInitialise
 .text.vListInitialiseItem
                0x08003136       0x1a CMakeFiles/firmware.elf.dir/C_/ST/Repository/STM32-FreeRTOS-cpp/freertos/list.c.obj
                0x08003136                vListInitialiseItem
 .text.vListInsert
                0x08003150       0x86 CMakeFiles/firmware.elf.dir/C_/ST/Repository/STM32-FreeRTOS-cpp/freertos/list.c.obj
                0x08003150                vListInsert
 .text.uxListRemove
                0x080031d6       0x54 CMakeFiles/firmware.elf.dir/C_/ST/Repository/STM32-FreeRTOS-cpp/freertos/list.c.obj
                0x080031d6                uxListRemove
 *fill*         0x0800322a        0x2 
 .text.xQueueGenericReset
                0x0800322c      0x124 CMakeFiles/firmware.elf.dir/C_/ST/Repository/STM32-FreeRTOS-cpp/freertos/queue.c.obj
                0x0800322c                xQueueGenericReset
 .text.xQueueGenericCreateStatic
                0x08003350       0xc2 CMakeFiles/firmware.elf.dir/C_/ST/Repository/STM32-FreeRTOS-cpp/freertos/queue.c.obj
                0x08003350                xQueueGenericCreateStatic
 .text.xQueueGenericCreate
                0x08003412       0xa6 CMakeFiles/firmware.elf.dir/C_/ST/Repository/STM32-FreeRTOS-cpp/freertos/queue.c.obj
                0x08003412                xQueueGenericCreate
 .text.prvInitialiseNewQueue
                0x080034b8       0x3e CMakeFiles/firmware.elf.dir/C_/ST/Repository/STM32-FreeRTOS-cpp/freertos/queue.c.obj
 *fill*         0x080034f6        0x2 
 .text.xQueueGenericSend
                0x080034f8      0x20c CMakeFiles/firmware.elf.dir/C_/ST/Repository/STM32-FreeRTOS-cpp/freertos/queue.c.obj
                0x080034f8                xQueueGenericSend
 .text.xQueueReceive
                0x08003704      0x1cc CMakeFiles/firmware.elf.dir/C_/ST/Repository/STM32-FreeRTOS-cpp/freertos/queue.c.obj
                0x08003704                xQueueReceive
 .text.prvCopyDataToQueue
                0x080038d0       0xd4 CMakeFiles/firmware.elf.dir/C_/ST/Repository/STM32-FreeRTOS-cpp/freertos/queue.c.obj
 .text.prvCopyDataFromQueue
                0x080039a4       0x4c CMakeFiles/firmware.elf.dir/C_/ST/Repository/STM32-FreeRTOS-cpp/freertos/queue.c.obj
 .text.prvUnlockQueue
                0x080039f0       0xa4 CMakeFiles/firmware.elf.dir/C_/ST/Repository/STM32-FreeRTOS-cpp/freertos/queue.c.obj
 .text.prvIsQueueEmpty
                0x08003a94       0x2c CMakeFiles/firmware.elf.dir/C_/ST/Repository/STM32-FreeRTOS-cpp/freertos/queue.c.obj
 .text.prvIsQueueFull
                0x08003ac0       0x30 CMakeFiles/firmware.elf.dir/C_/ST/Repository/STM32-FreeRTOS-cpp/freertos/queue.c.obj
 .text.vQueueWaitForMessageRestricted
                0x08003af0       0x6e CMakeFiles/firmware.elf.dir/C_/ST/Repository/STM32-FreeRTOS-cpp/freertos/queue.c.obj
                0x08003af0                vQueueWaitForMessageRestricted
 *fill*         0x08003b5e        0x2 
 .text.xTimerCreateTimerTask
                0x08003b60       0x94 CMakeFiles/firmware.elf.dir/C_/ST/Repository/STM32-FreeRTOS-cpp/freertos/timers.c.obj
                0x08003b60                xTimerCreateTimerTask
 .text.prvReloadTimer
                0x08003bf4       0x6a CMakeFiles/firmware.elf.dir/C_/ST/Repository/STM32-FreeRTOS-cpp/freertos/timers.c.obj
 *fill*         0x08003c5e        0x2 
 .text.prvProcessExpiredTimer
                0x08003c60       0x6c CMakeFiles/firmware.elf.dir/C_/ST/Repository/STM32-FreeRTOS-cpp/freertos/timers.c.obj
 .text.prvTimerTask
                0x08003ccc       0x2a CMakeFiles/firmware.elf.dir/C_/ST/Repository/STM32-FreeRTOS-cpp/freertos/timers.c.obj
 *fill*         0x08003cf6        0x2 
 .text.prvProcessTimerOrBlockTask
                0x08003cf8       0xb8 CMakeFiles/firmware.elf.dir/C_/ST/Repository/STM32-FreeRTOS-cpp/freertos/timers.c.obj
 .text.prvGetNextExpireTime
                0x08003db0       0x58 CMakeFiles/firmware.elf.dir/C_/ST/Repository/STM32-FreeRTOS-cpp/freertos/timers.c.obj
 .text.prvSampleTimeNow
                0x08003e08       0x50 CMakeFiles/firmware.elf.dir/C_/ST/Repository/STM32-FreeRTOS-cpp/freertos/timers.c.obj
 .text.prvInsertTimerInActiveList
                0x08003e58       0xac CMakeFiles/firmware.elf.dir/C_/ST/Repository/STM32-FreeRTOS-cpp/freertos/timers.c.obj
 .text.prvProcessReceivedCommands
                0x08003f04      0x1f4 CMakeFiles/firmware.elf.dir/C_/ST/Repository/STM32-FreeRTOS-cpp/freertos/timers.c.obj
 .text.prvSwitchTimerLists
                0x080040f8       0x54 CMakeFiles/firmware.elf.dir/C_/ST/Repository/STM32-FreeRTOS-cpp/freertos/timers.c.obj
 .text.prvCheckForValidListAndQueue
                0x0800414c       0x68 CMakeFiles/firmware.elf.dir/C_/ST/Repository/STM32-FreeRTOS-cpp/freertos/timers.c.obj
 .text.xEventGroupCreate
                0x080041b4       0x3e CMakeFiles/firmware.elf.dir/C_/ST/Repository/STM32-FreeRTOS-cpp/freertos/event_groups.c.obj
                0x080041b4                xEventGroupCreate
 .text.xEventGroupClearBits
                0x080041f2       0x90 CMakeFiles/firmware.elf.dir/C_/ST/Repository/STM32-FreeRTOS-cpp/freertos/event_groups.c.obj
                0x080041f2                xEventGroupClearBits
 .text.xEventGroupSetBits
                0x08004282      0x200 CMakeFiles/firmware.elf.dir/C_/ST/Repository/STM32-FreeRTOS-cpp/freertos/event_groups.c.obj
                0x08004282                xEventGroupSetBits
 *fill*         0x08004482        0x2 
 .text.pxPortInitialiseStack
                0x08004484       0x68 CMakeFiles/firmware.elf.dir/C_/ST/Repository/STM32-FreeRTOS-cpp/freertos/portable/GCC/ARM_CM4F/port.c.obj
                0x08004484                pxPortInitialiseStack
 .text.prvTaskExitError
                0x080044ec       0x5c CMakeFiles/firmware.elf.dir/C_/ST/Repository/STM32-FreeRTOS-cpp/freertos/portable/GCC/ARM_CM4F/port.c.obj
 .text.vPortSVCHandler
                0x08004548       0x24 CMakeFiles/firmware.elf.dir/C_/ST/Repository/STM32-FreeRTOS-cpp/freertos/portable/GCC/ARM_CM4F/port.c.obj
                0x08004548                vPortSVCHandler
 .text.prvPortStartFirstTask
                0x0800456c       0x2c CMakeFiles/firmware.elf.dir/C_/ST/Repository/STM32-FreeRTOS-cpp/freertos/portable/GCC/ARM_CM4F/port.c.obj
 .text.xPortStartScheduler
                0x08004598      0x1e0 CMakeFiles/firmware.elf.dir/C_/ST/Repository/STM32-FreeRTOS-cpp/freertos/portable/GCC/ARM_CM4F/port.c.obj
                0x08004598                xPortStartScheduler
 .text.vPortEnterCritical
                0x08004778       0x64 CMakeFiles/firmware.elf.dir/C_/ST/Repository/STM32-FreeRTOS-cpp/freertos/portable/GCC/ARM_CM4F/port.c.obj
                0x08004778                vPortEnterCritical
 .text.vPortExitCritical
                0x080047dc       0x54 CMakeFiles/firmware.elf.dir/C_/ST/Repository/STM32-FreeRTOS-cpp/freertos/portable/GCC/ARM_CM4F/port.c.obj
                0x080047dc                vPortExitCritical
 .text.xPortPendSVHandler
                0x08004830       0x64 CMakeFiles/firmware.elf.dir/C_/ST/Repository/STM32-FreeRTOS-cpp/freertos/portable/GCC/ARM_CM4F/port.c.obj
                0x08004830                xPortPendSVHandler
 .text.xPortSysTickHandler
                0x08004894       0x44 CMakeFiles/firmware.elf.dir/C_/ST/Repository/STM32-FreeRTOS-cpp/freertos/portable/GCC/ARM_CM4F/port.c.obj
                0x08004894                xPortSysTickHandler
 .text.vPortSetupTimerInterrupt
                0x080048d8       0x38 CMakeFiles/firmware.elf.dir/C_/ST/Repository/STM32-FreeRTOS-cpp/freertos/portable/GCC/ARM_CM4F/port.c.obj
                0x080048d8                vPortSetupTimerInterrupt
 .text.vPortEnableVFP
                0x08004910       0x18 CMakeFiles/firmware.elf.dir/C_/ST/Repository/STM32-FreeRTOS-cpp/freertos/portable/GCC/ARM_CM4F/port.c.obj
 .text.pvPortMalloc
                0x08004928      0x270 CMakeFiles/firmware.elf.dir/C_/ST/Repository/STM32-FreeRTOS-cpp/freertos/portable/MemMang/heap_4.c.obj
                0x08004928                pvPortMalloc
 .text.vPortFree
                0x08004b98      0x10c CMakeFiles/firmware.elf.dir/C_/ST/Repository/STM32-FreeRTOS-cpp/freertos/portable/MemMang/heap_4.c.obj
                0x08004b98                vPortFree
 .text.prvHeapInit
                0x08004ca4       0xb4 CMakeFiles/firmware.elf.dir/C_/ST/Repository/STM32-FreeRTOS-cpp/freertos/portable/MemMang/heap_4.c.obj
 .text.prvInsertBlockIntoFreeList
                0x08004d58       0xf4 CMakeFiles/firmware.elf.dir/C_/ST/Repository/STM32-FreeRTOS-cpp/freertos/portable/MemMang/heap_4.c.obj
 .text.__aeabi_atexit
                0x08004e4c        0xa c:/ST/Repository/STM32-FreeRTOS-cpp/STM32TOOLS/GCC/bin/../lib/gcc/arm-none-eabi/13.3.1/../../../../arm-none-eabi/lib/thumb/v7e-m+fp/hard\libstdc++_nano.a(atexit_arm.o)
                0x08004e4c                __aeabi_atexit
 .text.__cxa_guard_acquire
                0x08004e56       0x18 c:/ST/Repository/STM32-FreeRTOS-cpp/STM32TOOLS/GCC/bin/../lib/gcc/arm-none-eabi/13.3.1/../../../../arm-none-eabi/lib/thumb/v7e-m+fp/hard\libstdc++_nano.a(guard.o)
                0x08004e56                __cxa_guard_acquire
 .text.__cxa_guard_release
                0x08004e6e        0x6 c:/ST/Repository/STM32-FreeRTOS-cpp/STM32TOOLS/GCC/bin/../lib/gcc/arm-none-eabi/13.3.1/../../../../arm-none-eabi/lib/thumb/v7e-m+fp/hard\libstdc++_nano.a(guard.o)
                0x08004e6e                __cxa_guard_release
 .text          0x08004e74      0x378 c:/ST/Repository/STM32-FreeRTOS-cpp/STM32TOOLS/GCC/bin/../lib/gcc/arm-none-eabi/13.3.1/thumb/v7e-m+fp/hard\libgcc.a(_arm_addsubdf3.o)
                0x08004e74                __aeabi_drsub
                0x08004e7c                __aeabi_dsub
                0x08004e7c                __subdf3
                0x08004e80                __aeabi_dadd
                0x08004e80                __adddf3
                0x080050f8                __floatunsidf
                0x080050f8                __aeabi_ui2d
                0x08005118                __floatsidf
                0x08005118                __aeabi_i2d
                0x0800513c                __aeabi_f2d
                0x0800513c                __extendsfdf2
                0x08005180                __floatundidf
                0x08005180                __aeabi_ul2d
                0x08005190                __floatdidf
                0x08005190                __aeabi_l2d
 .text          0x080051ec       0x30 c:/ST/Repository/STM32-FreeRTOS-cpp/STM32TOOLS/GCC/bin/../lib/gcc/arm-none-eabi/13.3.1/thumb/v7e-m+fp/hard\libgcc.a(_aeabi_uldivmod.o)
                0x080051ec                __aeabi_uldivmod
 .text          0x0800521c      0x2f8 c:/ST/Repository/STM32-FreeRTOS-cpp/STM32TOOLS/GCC/bin/../lib/gcc/arm-none-eabi/13.3.1/thumb/v7e-m+fp/hard\libgcc.a(_udivmoddi4.o)
                0x0800521c                __udivmoddi4
 .text          0x08005514        0x4 c:/ST/Repository/STM32-FreeRTOS-cpp/STM32TOOLS/GCC/bin/../lib/gcc/arm-none-eabi/13.3.1/thumb/v7e-m+fp/hard\libgcc.a(_dvmd_tls.o)
                0x08005514                __aeabi_idiv0
                0x08005514                __aeabi_ldiv0
 .text.__cxa_atexit
                0x08005518       0x1c c:/ST/Repository/STM32-FreeRTOS-cpp/STM32TOOLS/GCC/bin/../lib/gcc/arm-none-eabi/13.3.1/../../../../arm-none-eabi/lib/thumb/v7e-m+fp/hard\libg_nano.a(libc_a-cxa_atexit.o)
                0x08005518                __cxa_atexit
 .text.__cvt    0x08005534       0xca c:/ST/Repository/STM32-FreeRTOS-cpp/STM32TOOLS/GCC/bin/../lib/gcc/arm-none-eabi/13.3.1/../../../../arm-none-eabi/lib/thumb/v7e-m+fp/hard\libg_nano.a(libc_a-nano-vfprintf_float.o)
                0x08005534                __cvt
 .text.__exponent
                0x080055fe       0x74 c:/ST/Repository/STM32-FreeRTOS-cpp/STM32TOOLS/GCC/bin/../lib/gcc/arm-none-eabi/13.3.1/../../../../arm-none-eabi/lib/thumb/v7e-m+fp/hard\libg_nano.a(libc_a-nano-vfprintf_float.o)
                0x080055fe                __exponent
 *fill*         0x08005672        0x2 
 .text._printf_float
                0x08005674      0x454 c:/ST/Repository/STM32-FreeRTOS-cpp/STM32TOOLS/GCC/bin/../lib/gcc/arm-none-eabi/13.3.1/../../../../arm-none-eabi/lib/thumb/v7e-m+fp/hard\libg_nano.a(libc_a-nano-vfprintf_float.o)
                0x08005674                _printf_float
 .text._printf_common
                0x08005ac8       0xda c:/ST/Repository/STM32-FreeRTOS-cpp/STM32TOOLS/GCC/bin/../lib/gcc/arm-none-eabi/13.3.1/../../../../arm-none-eabi/lib/thumb/v7e-m+fp/hard\libg_nano.a(libc_a-nano-vfprintf_i.o)
                0x08005ac8                _printf_common
 *fill*         0x08005ba2        0x2 
 .text._printf_i
                0x08005ba4      0x23c c:/ST/Repository/STM32-FreeRTOS-cpp/STM32TOOLS/GCC/bin/../lib/gcc/arm-none-eabi/13.3.1/../../../../arm-none-eabi/lib/thumb/v7e-m+fp/hard\libg_nano.a(libc_a-nano-vfprintf_i.o)
                0x08005ba4                _printf_i
 .text.snprintf
                0x08005de0       0x6c c:/ST/Repository/STM32-FreeRTOS-cpp/STM32TOOLS/GCC/bin/../lib/gcc/arm-none-eabi/13.3.1/../../../../arm-none-eabi/lib/thumb/v7e-m+fp/hard\libg_nano.a(libc_a-snprintf.o)
                0x08005de0                sniprintf
                0x08005de0                snprintf
 .text.memset   0x08005e4c       0x10 c:/ST/Repository/STM32-FreeRTOS-cpp/STM32TOOLS/GCC/bin/../lib/gcc/arm-none-eabi/13.3.1/../../../../arm-none-eabi/lib/thumb/v7e-m+fp/hard\libg_nano.a(libc_a-memset.o)
                0x08005e4c                memset
 .text._localeconv_r
                0x08005e5c        0x8 c:/ST/Repository/STM32-FreeRTOS-cpp/STM32TOOLS/GCC/bin/../lib/gcc/arm-none-eabi/13.3.1/../../../../arm-none-eabi/lib/thumb/v7e-m+fp/hard\libg_nano.a(libc_a-localeconv.o)
                0x08005e5c                _localeconv_r
 .text.__libc_init_array
                0x08005e64       0x48 c:/ST/Repository/STM32-FreeRTOS-cpp/STM32TOOLS/GCC/bin/../lib/gcc/arm-none-eabi/13.3.1/../../../../arm-none-eabi/lib/thumb/v7e-m+fp/hard\libg_nano.a(libc_a-init.o)
                0x08005e64                __libc_init_array
 *fill*         0x08005eac        0x4 
 .text          0x08005eb0       0xa0 c:/ST/Repository/STM32-FreeRTOS-cpp/STM32TOOLS/GCC/bin/../lib/gcc/arm-none-eabi/13.3.1/../../../../arm-none-eabi/lib/thumb/v7e-m+fp/hard\libg_nano.a(libc_a-memchr.o)
                0x08005eb0                memchr
 .text.memcpy   0x08005f50       0x1c c:/ST/Repository/STM32-FreeRTOS-cpp/STM32TOOLS/GCC/bin/../lib/gcc/arm-none-eabi/13.3.1/../../../../arm-none-eabi/lib/thumb/v7e-m+fp/hard\libg_nano.a(libc_a-memcpy-stub.o)
                0x08005f50                memcpy
 .text          0x08005f6c       0x10 c:/ST/Repository/STM32-FreeRTOS-cpp/STM32TOOLS/GCC/bin/../lib/gcc/arm-none-eabi/13.3.1/../../../../arm-none-eabi/lib/thumb/v7e-m+fp/hard\libg_nano.a(libc_a-strlen.o)
                0x08005f6c                strlen
 .text.quorem   0x08005f7c      0x110 c:/ST/Repository/STM32-FreeRTOS-cpp/STM32TOOLS/GCC/bin/../lib/gcc/arm-none-eabi/13.3.1/../../../../arm-none-eabi/lib/thumb/v7e-m+fp/hard\libg_nano.a(libc_a-dtoa.o)
 *fill*         0x0800608c        0x4 
 .text._dtoa_r  0x08006090      0xba0 c:/ST/Repository/STM32-FreeRTOS-cpp/STM32TOOLS/GCC/bin/../lib/gcc/arm-none-eabi/13.3.1/../../../../arm-none-eabi/lib/thumb/v7e-m+fp/hard\libg_nano.a(libc_a-dtoa.o)
                0x08006090                _dtoa_r
 .text.malloc   0x08006c30       0x10 c:/ST/Repository/STM32-FreeRTOS-cpp/STM32TOOLS/GCC/bin/../lib/gcc/arm-none-eabi/13.3.1/../../../../arm-none-eabi/lib/thumb/v7e-m+fp/hard\libg_nano.a(libc_a-malloc.o)
                0x08006c30                malloc
 .text.sbrk_aligned
                0x08006c40       0x44 c:/ST/Repository/STM32-FreeRTOS-cpp/STM32TOOLS/GCC/bin/../lib/gcc/arm-none-eabi/13.3.1/../../../../arm-none-eabi/lib/thumb/v7e-m+fp/hard\libg_nano.a(libc_a-mallocr.o)
 .text._malloc_r
                0x08006c84      0x100 c:/ST/Repository/STM32-FreeRTOS-cpp/STM32TOOLS/GCC/bin/../lib/gcc/arm-none-eabi/13.3.1/../../../../arm-none-eabi/lib/thumb/v7e-m+fp/hard\libg_nano.a(libc_a-mallocr.o)
                0x08006c84                _malloc_r
 .text.__malloc_lock
                0x08006d84        0xc c:/ST/Repository/STM32-FreeRTOS-cpp/STM32TOOLS/GCC/bin/../lib/gcc/arm-none-eabi/13.3.1/../../../../arm-none-eabi/lib/thumb/v7e-m+fp/hard\libg_nano.a(libc_a-mlock.o)
                0x08006d84                __malloc_lock
 .text.__malloc_unlock
                0x08006d90        0xc c:/ST/Repository/STM32-FreeRTOS-cpp/STM32TOOLS/GCC/bin/../lib/gcc/arm-none-eabi/13.3.1/../../../../arm-none-eabi/lib/thumb/v7e-m+fp/hard\libg_nano.a(libc_a-mlock.o)
                0x08006d90                __malloc_unlock
 .text._Balloc  0x08006d9c       0x80 c:/ST/Repository/STM32-FreeRTOS-cpp/STM32TOOLS/GCC/bin/../lib/gcc/arm-none-eabi/13.3.1/../../../../arm-none-eabi/lib/thumb/v7e-m+fp/hard\libg_nano.a(libc_a-mprec.o)
                0x08006d9c                _Balloc
 .text._Bfree   0x08006e1c       0x44 c:/ST/Repository/STM32-FreeRTOS-cpp/STM32TOOLS/GCC/bin/../lib/gcc/arm-none-eabi/13.3.1/../../../../arm-none-eabi/lib/thumb/v7e-m+fp/hard\libg_nano.a(libc_a-mprec.o)
                0x08006e1c                _Bfree
 .text.__multadd
                0x08006e60       0x8c c:/ST/Repository/STM32-FreeRTOS-cpp/STM32TOOLS/GCC/bin/../lib/gcc/arm-none-eabi/13.3.1/../../../../arm-none-eabi/lib/thumb/v7e-m+fp/hard\libg_nano.a(libc_a-mprec.o)
                0x08006e60                __multadd
 .text.__hi0bits
                0x08006eec       0x3e c:/ST/Repository/STM32-FreeRTOS-cpp/STM32TOOLS/GCC/bin/../lib/gcc/arm-none-eabi/13.3.1/../../../../arm-none-eabi/lib/thumb/v7e-m+fp/hard\libg_nano.a(libc_a-mprec.o)
                0x08006eec                __hi0bits
 .text.__lo0bits
                0x08006f2a       0x5a c:/ST/Repository/STM32-FreeRTOS-cpp/STM32TOOLS/GCC/bin/../lib/gcc/arm-none-eabi/13.3.1/../../../../arm-none-eabi/lib/thumb/v7e-m+fp/hard\libg_nano.a(libc_a-mprec.o)
                0x08006f2a                __lo0bits
 .text.__i2b    0x08006f84       0x2c c:/ST/Repository/STM32-FreeRTOS-cpp/STM32TOOLS/GCC/bin/../lib/gcc/arm-none-eabi/13.3.1/../../../../arm-none-eabi/lib/thumb/v7e-m+fp/hard\libg_nano.a(libc_a-mprec.o)
                0x08006f84                __i2b
 .text.__multiply
                0x08006fb0      0x144 c:/ST/Repository/STM32-FreeRTOS-cpp/STM32TOOLS/GCC/bin/../lib/gcc/arm-none-eabi/13.3.1/../../../../arm-none-eabi/lib/thumb/v7e-m+fp/hard\libg_nano.a(libc_a-mprec.o)
                0x08006fb0                __multiply
 .text.__pow5mult
                0x080070f4       0xb4 c:/ST/Repository/STM32-FreeRTOS-cpp/STM32TOOLS/GCC/bin/../lib/gcc/arm-none-eabi/13.3.1/../../../../arm-none-eabi/lib/thumb/v7e-m+fp/hard\libg_nano.a(libc_a-mprec.o)
                0x080070f4                __pow5mult
 .text.__lshift
                0x080071a8       0xd8 c:/ST/Repository/STM32-FreeRTOS-cpp/STM32TOOLS/GCC/bin/../lib/gcc/arm-none-eabi/13.3.1/../../../../arm-none-eabi/lib/thumb/v7e-m+fp/hard\libg_nano.a(libc_a-mprec.o)
                0x080071a8                __lshift
 .text.__mcmp   0x08007280       0x36 c:/ST/Repository/STM32-FreeRTOS-cpp/STM32TOOLS/GCC/bin/../lib/gcc/arm-none-eabi/13.3.1/../../../../arm-none-eabi/lib/thumb/v7e-m+fp/hard\libg_nano.a(libc_a-mprec.o)
                0x08007280                __mcmp
 *fill*         0x080072b6        0x2 
 .text.__mdiff  0x080072b8      0x128 c:/ST/Repository/STM32-FreeRTOS-cpp/STM32TOOLS/GCC/bin/../lib/gcc/arm-none-eabi/13.3.1/../../../../arm-none-eabi/lib/thumb/v7e-m+fp/hard\libg_nano.a(libc_a-mprec.o)
                0x080072b8                __mdiff
 .text.__d2b    0x080073e0       0xb0 c:/ST/Repository/STM32-FreeRTOS-cpp/STM32TOOLS/GCC/bin/../lib/gcc/arm-none-eabi/13.3.1/../../../../arm-none-eabi/lib/thumb/v7e-m+fp/hard\libg_nano.a(libc_a-mprec.o)
                0x080073e0                __d2b
 .text.__ssputs_r
                0x08007490       0xb6 c:/ST/Repository/STM32-FreeRTOS-cpp/STM32TOOLS/GCC/bin/../lib/gcc/arm-none-eabi/13.3.1/../../../../arm-none-eabi/lib/thumb/v7e-m+fp/hard\libg_nano.a(libc_a-nano-svfprintf.o)
                0x08007490                __ssputs_r
 *fill*         0x08007546        0x2 
 .text._svfprintf_r
                0x08007548      0x1f8 c:/ST/Repository/STM32-FreeRTOS-cpp/STM32TOOLS/GCC/bin/../lib/gcc/arm-none-eabi/13.3.1/../../../../arm-none-eabi/lib/thumb/v7e-m+fp/hard\libg_nano.a(libc_a-nano-svfprintf.o)
                0x08007548                _svfiprintf_r
                0x08007548                _svfprintf_r
 .text.memmove  0x08007740       0x34 c:/ST/Repository/STM32-FreeRTOS-cpp/STM32TOOLS/GCC/bin/../lib/gcc/arm-none-eabi/13.3.1/../../../../arm-none-eabi/lib/thumb/v7e-m+fp/hard\libg_nano.a(libc_a-memmove.o)
                0x08007740                memmove
 .text._sbrk_r  0x08007774       0x20 c:/ST/Repository/STM32-FreeRTOS-cpp/STM32TOOLS/GCC/bin/../lib/gcc/arm-none-eabi/13.3.1/../../../../arm-none-eabi/lib/thumb/v7e-m+fp/hard\libg_nano.a(libc_a-sbrkr.o)
                0x08007774                _sbrk_r
 .text.__retarget_lock_init_recursive
                0x08007794        0x2 c:/ST/Repository/STM32-FreeRTOS-cpp/STM32TOOLS/GCC/bin/../lib/gcc/arm-none-eabi/13.3.1/../../../../arm-none-eabi/lib/thumb/v7e-m+fp/hard\libg_nano.a(libc_a-lock.o)
                0x08007794                __retarget_lock_init_recursive
 .text.__retarget_lock_acquire_recursive
                0x08007796        0x2 c:/ST/Repository/STM32-FreeRTOS-cpp/STM32TOOLS/GCC/bin/../lib/gcc/arm-none-eabi/13.3.1/../../../../arm-none-eabi/lib/thumb/v7e-m+fp/hard\libg_nano.a(libc_a-lock.o)
                0x08007796                __retarget_lock_acquire_recursive
 .text.__retarget_lock_release_recursive
                0x08007798        0x2 c:/ST/Repository/STM32-FreeRTOS-cpp/STM32TOOLS/GCC/bin/../lib/gcc/arm-none-eabi/13.3.1/../../../../arm-none-eabi/lib/thumb/v7e-m+fp/hard\libg_nano.a(libc_a-lock.o)
                0x08007798                __retarget_lock_release_recursive
 *fill*         0x0800779a        0x2 
 .text.__assert_func
                0x0800779c       0x3c c:/ST/Repository/STM32-FreeRTOS-cpp/STM32TOOLS/GCC/bin/../lib/gcc/arm-none-eabi/13.3.1/../../../../arm-none-eabi/lib/thumb/v7e-m+fp/hard\libg_nano.a(libc_a-assert.o)
                0x0800779c                __assert_func
 .text._calloc_r
                0x080077d8       0x28 c:/ST/Repository/STM32-FreeRTOS-cpp/STM32TOOLS/GCC/bin/../lib/gcc/arm-none-eabi/13.3.1/../../../../arm-none-eabi/lib/thumb/v7e-m+fp/hard\libg_nano.a(libc_a-callocr.o)
                0x080077d8                _calloc_r
 .text._free_r  0x08007800       0x94 c:/ST/Repository/STM32-FreeRTOS-cpp/STM32TOOLS/GCC/bin/../lib/gcc/arm-none-eabi/13.3.1/../../../../arm-none-eabi/lib/thumb/v7e-m+fp/hard\libg_nano.a(libc_a-freer.o)
                0x08007800                _free_r
 .text.__ascii_mbtowc
                0x08007894       0x24 c:/ST/Repository/STM32-FreeRTOS-cpp/STM32TOOLS/GCC/bin/../lib/gcc/arm-none-eabi/13.3.1/../../../../arm-none-eabi/lib/thumb/v7e-m+fp/hard\libg_nano.a(libc_a-mbtowc_r.o)
                0x08007894                __ascii_mbtowc
 .text._realloc_r
                0x080078b8       0x5c c:/ST/Repository/STM32-FreeRTOS-cpp/STM32TOOLS/GCC/bin/../lib/gcc/arm-none-eabi/13.3.1/../../../../arm-none-eabi/lib/thumb/v7e-m+fp/hard\libg_nano.a(libc_a-reallocr.o)
                0x080078b8                _realloc_r
 .text.__ascii_wctomb
                0x08007914       0x1a c:/ST/Repository/STM32-FreeRTOS-cpp/STM32TOOLS/GCC/bin/../lib/gcc/arm-none-eabi/13.3.1/../../../../arm-none-eabi/lib/thumb/v7e-m+fp/hard\libg_nano.a(libc_a-wctomb_r.o)
                0x08007914                __ascii_wctomb
 *fill*         0x0800792e        0x2 
 .text.fprintf  0x08007930       0x24 c:/ST/Repository/STM32-FreeRTOS-cpp/STM32TOOLS/GCC/bin/../lib/gcc/arm-none-eabi/13.3.1/../../../../arm-none-eabi/lib/thumb/v7e-m+fp/hard\libg_nano.a(libc_a-fprintf.o)
                0x08007930                fiprintf
                0x08007930                fprintf
 .text.abort    0x08007954        0xe c:/ST/Repository/STM32-FreeRTOS-cpp/STM32TOOLS/GCC/bin/../lib/gcc/arm-none-eabi/13.3.1/../../../../arm-none-eabi/lib/thumb/v7e-m+fp/hard\libg_nano.a(libc_a-abort.o)
                0x08007954                abort
 .text._malloc_usable_size_r
                0x08007962       0x10 c:/ST/Repository/STM32-FreeRTOS-cpp/STM32TOOLS/GCC/bin/../lib/gcc/arm-none-eabi/13.3.1/../../../../arm-none-eabi/lib/thumb/v7e-m+fp/hard\libg_nano.a(libc_a-msizer.o)
                0x08007962                _malloc_usable_size_r
 .text.__sfputc_r
                0x08007972       0x2e c:/ST/Repository/STM32-FreeRTOS-cpp/STM32TOOLS/GCC/bin/../lib/gcc/arm-none-eabi/13.3.1/../../../../arm-none-eabi/lib/thumb/v7e-m+fp/hard\libg_nano.a(libc_a-nano-vfprintf.o)
 .text.__sfputs_r
                0x080079a0       0x24 c:/ST/Repository/STM32-FreeRTOS-cpp/STM32TOOLS/GCC/bin/../lib/gcc/arm-none-eabi/13.3.1/../../../../arm-none-eabi/lib/thumb/v7e-m+fp/hard\libg_nano.a(libc_a-nano-vfprintf.o)
                0x080079a0                __sfputs_r
 .text._vfprintf_r
                0x080079c4      0x230 c:/ST/Repository/STM32-FreeRTOS-cpp/STM32TOOLS/GCC/bin/../lib/gcc/arm-none-eabi/13.3.1/../../../../arm-none-eabi/lib/thumb/v7e-m+fp/hard\libg_nano.a(libc_a-nano-vfprintf.o)
                0x080079c4                _vfprintf_r
                0x080079c4                _vfiprintf_r
 .text.std      0x08007bf4       0x6c c:/ST/Repository/STM32-FreeRTOS-cpp/STM32TOOLS/GCC/bin/../lib/gcc/arm-none-eabi/13.3.1/../../../../arm-none-eabi/lib/thumb/v7e-m+fp/hard\libg_nano.a(libc_a-findfp.o)
 .text.stdio_exit_handler
                0x08007c60       0x18 c:/ST/Repository/STM32-FreeRTOS-cpp/STM32TOOLS/GCC/bin/../lib/gcc/arm-none-eabi/13.3.1/../../../../arm-none-eabi/lib/thumb/v7e-m+fp/hard\libg_nano.a(libc_a-findfp.o)
 .text.cleanup_stdio
                0x08007c78       0x40 c:/ST/Repository/STM32-FreeRTOS-cpp/STM32TOOLS/GCC/bin/../lib/gcc/arm-none-eabi/13.3.1/../../../../arm-none-eabi/lib/thumb/v7e-m+fp/hard\libg_nano.a(libc_a-findfp.o)
 .text.global_stdio_init.part.0
                0x08007cb8       0x3c c:/ST/Repository/STM32-FreeRTOS-cpp/STM32TOOLS/GCC/bin/../lib/gcc/arm-none-eabi/13.3.1/../../../../arm-none-eabi/lib/thumb/v7e-m+fp/hard\libg_nano.a(libc_a-findfp.o)
 .text.__sfp_lock_acquire
                0x08007cf4        0xc c:/ST/Repository/STM32-FreeRTOS-cpp/STM32TOOLS/GCC/bin/../lib/gcc/arm-none-eabi/13.3.1/../../../../arm-none-eabi/lib/thumb/v7e-m+fp/hard\libg_nano.a(libc_a-findfp.o)
                0x08007cf4                __sfp_lock_acquire
 .text.__sfp_lock_release
                0x08007d00        0xc c:/ST/Repository/STM32-FreeRTOS-cpp/STM32TOOLS/GCC/bin/../lib/gcc/arm-none-eabi/13.3.1/../../../../arm-none-eabi/lib/thumb/v7e-m+fp/hard\libg_nano.a(libc_a-findfp.o)
                0x08007d00                __sfp_lock_release
 .text.__sinit  0x08007d0c       0x30 c:/ST/Repository/STM32-FreeRTOS-cpp/STM32TOOLS/GCC/bin/../lib/gcc/arm-none-eabi/13.3.1/../../../../arm-none-eabi/lib/thumb/v7e-m+fp/hard\libg_nano.a(libc_a-findfp.o)
                0x08007d0c                __sinit
 .text._fwalk_sglue
                0x08007d3c       0x3c c:/ST/Repository/STM32-FreeRTOS-cpp/STM32TOOLS/GCC/bin/../lib/gcc/arm-none-eabi/13.3.1/../../../../arm-none-eabi/lib/thumb/v7e-m+fp/hard\libg_nano.a(libc_a-fwalk.o)
                0x08007d3c                _fwalk_sglue
 .text.__sread  0x08007d78       0x22 c:/ST/Repository/STM32-FreeRTOS-cpp/STM32TOOLS/GCC/bin/../lib/gcc/arm-none-eabi/13.3.1/../../../../arm-none-eabi/lib/thumb/v7e-m+fp/hard\libg_nano.a(libc_a-stdio.o)
                0x08007d78                __sread
 .text.__swrite
                0x08007d9a       0x38 c:/ST/Repository/STM32-FreeRTOS-cpp/STM32TOOLS/GCC/bin/../lib/gcc/arm-none-eabi/13.3.1/../../../../arm-none-eabi/lib/thumb/v7e-m+fp/hard\libg_nano.a(libc_a-stdio.o)
                0x08007d9a                __swrite
 .text.__sseek  0x08007dd2       0x24 c:/ST/Repository/STM32-FreeRTOS-cpp/STM32TOOLS/GCC/bin/../lib/gcc/arm-none-eabi/13.3.1/../../../../arm-none-eabi/lib/thumb/v7e-m+fp/hard\libg_nano.a(libc_a-stdio.o)
                0x08007dd2                __sseek
 .text.__sclose
                0x08007df6        0x8 c:/ST/Repository/STM32-FreeRTOS-cpp/STM32TOOLS/GCC/bin/../lib/gcc/arm-none-eabi/13.3.1/../../../../arm-none-eabi/lib/thumb/v7e-m+fp/hard\libg_nano.a(libc_a-stdio.o)
                0x08007df6                __sclose
 .text.__swbuf_r
                0x08007dfe       0x7c c:/ST/Repository/STM32-FreeRTOS-cpp/STM32TOOLS/GCC/bin/../lib/gcc/arm-none-eabi/13.3.1/../../../../arm-none-eabi/lib/thumb/v7e-m+fp/hard\libg_nano.a(libc_a-wbuf.o)
                0x08007dfe                __swbuf_r
 *fill*         0x08007e7a        0x2 
 .text.__swsetup_r
                0x08007e7c       0xac c:/ST/Repository/STM32-FreeRTOS-cpp/STM32TOOLS/GCC/bin/../lib/gcc/arm-none-eabi/13.3.1/../../../../arm-none-eabi/lib/thumb/v7e-m+fp/hard\libg_nano.a(libc_a-wsetup.o)
                0x08007e7c                __swsetup_r
 .text._raise_r
                0x08007f28       0x50 c:/ST/Repository/STM32-FreeRTOS-cpp/STM32TOOLS/GCC/bin/../lib/gcc/arm-none-eabi/13.3.1/../../../../arm-none-eabi/lib/thumb/v7e-m+fp/hard\libg_nano.a(libc_a-signal.o)
                0x08007f28                _raise_r
 .text.raise    0x08007f78       0x10 c:/ST/Repository/STM32-FreeRTOS-cpp/STM32TOOLS/GCC/bin/../lib/gcc/arm-none-eabi/13.3.1/../../../../arm-none-eabi/lib/thumb/v7e-m+fp/hard\libg_nano.a(libc_a-signal.o)
                0x08007f78                raise
 .text._close_r
                0x08007f88       0x20 c:/ST/Repository/STM32-FreeRTOS-cpp/STM32TOOLS/GCC/bin/../lib/gcc/arm-none-eabi/13.3.1/../../../../arm-none-eabi/lib/thumb/v7e-m+fp/hard\libg_nano.a(libc_a-closer.o)
                0x08007f88                _close_r
 .text._lseek_r
                0x08007fa8       0x24 c:/ST/Repository/STM32-FreeRTOS-cpp/STM32TOOLS/GCC/bin/../lib/gcc/arm-none-eabi/13.3.1/../../../../arm-none-eabi/lib/thumb/v7e-m+fp/hard\libg_nano.a(libc_a-lseekr.o)
                0x08007fa8                _lseek_r
 .text._read_r  0x08007fcc       0x24 c:/ST/Repository/STM32-FreeRTOS-cpp/STM32TOOLS/GCC/bin/../lib/gcc/arm-none-eabi/13.3.1/../../../../arm-none-eabi/lib/thumb/v7e-m+fp/hard\libg_nano.a(libc_a-readr.o)
                0x08007fcc                _read_r
 .text._kill_r  0x08007ff0       0x24 c:/ST/Repository/STM32-FreeRTOS-cpp/STM32TOOLS/GCC/bin/../lib/gcc/arm-none-eabi/13.3.1/../../../../arm-none-eabi/lib/thumb/v7e-m+fp/hard\libg_nano.a(libc_a-signalr.o)
                0x08007ff0                _kill_r
 .text._getpid_r
                0x08008014        0x4 c:/ST/Repository/STM32-FreeRTOS-cpp/STM32TOOLS/GCC/bin/../lib/gcc/arm-none-eabi/13.3.1/../../../../arm-none-eabi/lib/thumb/v7e-m+fp/hard\libg_nano.a(libc_a-signalr.o)
                0x08008014                _getpid_r
 .text._write_r
                0x08008018       0x24 c:/ST/Repository/STM32-FreeRTOS-cpp/STM32TOOLS/GCC/bin/../lib/gcc/arm-none-eabi/13.3.1/../../../../arm-none-eabi/lib/thumb/v7e-m+fp/hard\libg_nano.a(libc_a-writer.o)
                0x08008018                _write_r
 .text.__sflush_r
                0x0800803c      0x108 c:/ST/Repository/STM32-FreeRTOS-cpp/STM32TOOLS/GCC/bin/../lib/gcc/arm-none-eabi/13.3.1/../../../../arm-none-eabi/lib/thumb/v7e-m+fp/hard\libg_nano.a(libc_a-fflush.o)
                0x0800803c                __sflush_r
 .text._fflush_r
                0x08008144       0x50 c:/ST/Repository/STM32-FreeRTOS-cpp/STM32TOOLS/GCC/bin/../lib/gcc/arm-none-eabi/13.3.1/../../../../arm-none-eabi/lib/thumb/v7e-m+fp/hard\libg_nano.a(libc_a-fflush.o)
                0x08008144                _fflush_r
 .text.__swhatbuf_r
                0x08008194       0x4c c:/ST/Repository/STM32-FreeRTOS-cpp/STM32TOOLS/GCC/bin/../lib/gcc/arm-none-eabi/13.3.1/../../../../arm-none-eabi/lib/thumb/v7e-m+fp/hard\libg_nano.a(libc_a-makebuf.o)
                0x08008194                __swhatbuf_r
 .text.__smakebuf_r
                0x080081e0       0x78 c:/ST/Repository/STM32-FreeRTOS-cpp/STM32TOOLS/GCC/bin/../lib/gcc/arm-none-eabi/13.3.1/../../../../arm-none-eabi/lib/thumb/v7e-m+fp/hard\libg_nano.a(libc_a-makebuf.o)
                0x080081e0                __smakebuf_r
 .text._fstat_r
                0x08008258       0x24 c:/ST/Repository/STM32-FreeRTOS-cpp/STM32TOOLS/GCC/bin/../lib/gcc/arm-none-eabi/13.3.1/../../../../arm-none-eabi/lib/thumb/v7e-m+fp/hard\libg_nano.a(libc_a-fstatr.o)
                0x08008258                _fstat_r
 .text._isatty_r
                0x0800827c       0x20 c:/ST/Repository/STM32-FreeRTOS-cpp/STM32TOOLS/GCC/bin/../lib/gcc/arm-none-eabi/13.3.1/../../../../arm-none-eabi/lib/thumb/v7e-m+fp/hard\libg_nano.a(libc_a-isattyr.o)
                0x0800827c                _isatty_r
 .text          0x0800829c      0x424 c:/ST/Repository/STM32-FreeRTOS-cpp/STM32TOOLS/GCC/bin/../lib/gcc/arm-none-eabi/13.3.1/thumb/v7e-m+fp/hard\libgcc.a(_arm_muldivdf3.o)
                0x0800829c                __aeabi_dmul
                0x0800829c                __muldf3
                0x080084f0                __divdf3
                0x080084f0                __aeabi_ddiv
 .text          0x080086c0      0x110 c:/ST/Repository/STM32-FreeRTOS-cpp/STM32TOOLS/GCC/bin/../lib/gcc/arm-none-eabi/13.3.1/thumb/v7e-m+fp/hard\libgcc.a(_arm_cmpdf2.o)
                0x080086c0                __gtdf2
                0x080086c0                __gedf2
                0x080086c8                __ltdf2
                0x080086c8                __ledf2
                0x080086d0                __nedf2
                0x080086d0                __eqdf2
                0x080086d0                __cmpdf2
                0x0800874c                __aeabi_cdrcmple
                0x0800875c                __aeabi_cdcmpeq
                0x0800875c                __aeabi_cdcmple
                0x0800876c                __aeabi_dcmpeq
                0x08008780                __aeabi_dcmplt
                0x08008794                __aeabi_dcmple
                0x080087a8                __aeabi_dcmpge
                0x080087bc                __aeabi_dcmpgt
 .text          0x080087d0       0x2c c:/ST/Repository/STM32-FreeRTOS-cpp/STM32TOOLS/GCC/bin/../lib/gcc/arm-none-eabi/13.3.1/thumb/v7e-m+fp/hard\libgcc.a(_arm_unorddf2.o)
                0x080087d0                __unorddf2
                0x080087d0                __aeabi_dcmpun
 .text          0x080087fc       0x50 c:/ST/Repository/STM32-FreeRTOS-cpp/STM32TOOLS/GCC/bin/../lib/gcc/arm-none-eabi/13.3.1/thumb/v7e-m+fp/hard\libgcc.a(_arm_fixdfsi.o)
                0x080087fc                __aeabi_d2iz
                0x080087fc                __fixdfsi
 .text._close   0x0800884c       0x10 c:/ST/Repository/STM32-FreeRTOS-cpp/STM32TOOLS/GCC/bin/../lib/gcc/arm-none-eabi/13.3.1/../../../../arm-none-eabi/lib/thumb/v7e-m+fp/hard\libnosys.a(close.o)
                0x0800884c                _close
 .text._fstat   0x0800885c       0x10 c:/ST/Repository/STM32-FreeRTOS-cpp/STM32TOOLS/GCC/bin/../lib/gcc/arm-none-eabi/13.3.1/../../../../arm-none-eabi/lib/thumb/v7e-m+fp/hard\libnosys.a(fstat.o)
                0x0800885c                _fstat
 .text._getpid  0x0800886c       0x10 c:/ST/Repository/STM32-FreeRTOS-cpp/STM32TOOLS/GCC/bin/../lib/gcc/arm-none-eabi/13.3.1/../../../../arm-none-eabi/lib/thumb/v7e-m+fp/hard\libnosys.a(getpid.o)
                0x0800886c                _getpid
 .text._isatty  0x0800887c       0x10 c:/ST/Repository/STM32-FreeRTOS-cpp/STM32TOOLS/GCC/bin/../lib/gcc/arm-none-eabi/13.3.1/../../../../arm-none-eabi/lib/thumb/v7e-m+fp/hard\libnosys.a(isatty.o)
                0x0800887c                _isatty
 .text._kill    0x0800888c       0x10 c:/ST/Repository/STM32-FreeRTOS-cpp/STM32TOOLS/GCC/bin/../lib/gcc/arm-none-eabi/13.3.1/../../../../arm-none-eabi/lib/thumb/v7e-m+fp/hard\libnosys.a(kill.o)
                0x0800888c                _kill
 .text._lseek   0x0800889c       0x10 c:/ST/Repository/STM32-FreeRTOS-cpp/STM32TOOLS/GCC/bin/../lib/gcc/arm-none-eabi/13.3.1/../../../../arm-none-eabi/lib/thumb/v7e-m+fp/hard\libnosys.a(lseek.o)
                0x0800889c                _lseek
 .text._read    0x080088ac       0x10 c:/ST/Repository/STM32-FreeRTOS-cpp/STM32TOOLS/GCC/bin/../lib/gcc/arm-none-eabi/13.3.1/../../../../arm-none-eabi/lib/thumb/v7e-m+fp/hard\libnosys.a(read.o)
                0x080088ac                _read
 .text._write   0x080088bc       0x10 c:/ST/Repository/STM32-FreeRTOS-cpp/STM32TOOLS/GCC/bin/../lib/gcc/arm-none-eabi/13.3.1/../../../../arm-none-eabi/lib/thumb/v7e-m+fp/hard\libnosys.a(write.o)
                0x080088bc                _write
 .text._exit    0x080088cc        0x2 c:/ST/Repository/STM32-FreeRTOS-cpp/STM32TOOLS/GCC/bin/../lib/gcc/arm-none-eabi/13.3.1/../../../../arm-none-eabi/lib/thumb/v7e-m+fp/hard\libnosys.a(_exit.o)
                0x080088cc                _exit
 *(.rodata*)
 *fill*         0x080088ce        0x2 
 .rodata        0x080088d0       0x8e CMakeFiles/firmware.elf.dir/src/main.cpp.obj
 *fill*         0x0800895e        0x2 
 .rodata._ZTV9BlinkTaskI4GpioIL8GpioPort0ELh5EL8GpioMode1EL9GpioSpeed0EL8GpioPull0EL6GpioAF0EL9GpioOType0EL11GpioIrqEdge4EEE
                0x08008960       0x10 CMakeFiles/firmware.elf.dir/src/main.cpp.obj
                0x08008960                vtable for BlinkTask<Gpio<(GpioPort)0, (unsigned char)5, (GpioMode)1, (GpioSpeed)0, (GpioPull)0, (GpioAF)0, (GpioOType)0, (GpioIrqEdge)4> >
 .rodata._ZTV10LoggerTaskI4UartILi2ELi115200EL7UartIRQ3ELh15EEE
                0x08008970       0x10 CMakeFiles/firmware.elf.dir/src/main.cpp.obj
                0x08008970                vtable for LoggerTask<Uart<2, 115200, (UartIRQ)3, (unsigned char)15> >
 .rodata._ZTV10SensorTaskI5Adc12IL11AdcInstance0EL6AdcPsc7EL10AdcClkMode3EL17AdcSpecialChannel8388608EL10AdcChannel16EL12AdcSamplTime7EvEE
                0x08008980       0x10 CMakeFiles/firmware.elf.dir/src/main.cpp.obj
                0x08008980                vtable for SensorTask<Adc12<(AdcInstance)0, (AdcPsc)7, (AdcClkMode)3, (AdcSpecialChannel)8388608, (AdcChannel)16, (AdcSamplTime)7, void> >
 .rodata._ZTV14ProcessingTask
                0x08008990       0x10 CMakeFiles/firmware.elf.dir/src/main.cpp.obj
                0x08008990                vtable for ProcessingTask
 .rodata._ZTV4Task
                0x080089a0       0x10 CMakeFiles/firmware.elf.dir/src/main.cpp.obj
                0x080089a0                vtable for Task
 .rodata.AHBPrescTable
                0x080089b0       0x10 CMakeFiles/firmware.elf.dir/src/system_stm32g4xx.c.obj
                0x080089b0                AHBPrescTable
 .rodata.uxTopUsedPriority
                0x080089c0        0x4 CMakeFiles/firmware.elf.dir/C_/ST/Repository/STM32-FreeRTOS-cpp/freertos/tasks.c.obj
 .rodata        0x080089c4        0x5 CMakeFiles/firmware.elf.dir/C_/ST/Repository/STM32-FreeRTOS-cpp/freertos/tasks.c.obj
 *fill*         0x080089c9        0x3 
 .rodata        0x080089cc        0x8 CMakeFiles/firmware.elf.dir/C_/ST/Repository/STM32-FreeRTOS-cpp/freertos/timers.c.obj
 .rodata._printf_float.str1.1
                0x080089d4      0x171 c:/ST/Repository/STM32-FreeRTOS-cpp/STM32TOOLS/GCC/bin/../lib/gcc/arm-none-eabi/13.3.1/../../../../arm-none-eabi/lib/thumb/v7e-m+fp/hard\libg_nano.a(libc_a-nano-vfprintf_float.o)
                                 0x12 (size before relaxing)
 .rodata._printf_i.str1.1
                0x08008b45       0x22 c:/ST/Repository/STM32-FreeRTOS-cpp/STM32TOOLS/GCC/bin/../lib/gcc/arm-none-eabi/13.3.1/../../../../arm-none-eabi/lib/thumb/v7e-m+fp/hard\libg_nano.a(libc_a-nano-vfprintf_i.o)
 .rodata._dtoa_r.str1.1
                0x08008b45       0x8f c:/ST/Repository/STM32-FreeRTOS-cpp/STM32TOOLS/GCC/bin/../lib/gcc/arm-none-eabi/13.3.1/../../../../arm-none-eabi/lib/thumb/v7e-m+fp/hard\libg_nano.a(libc_a-dtoa.o)
 .rodata._Balloc.str1.1
                0x08008b45       0x70 c:/ST/Repository/STM32-FreeRTOS-cpp/STM32TOOLS/GCC/bin/../lib/gcc/arm-none-eabi/13.3.1/../../../../arm-none-eabi/lib/thumb/v7e-m+fp/hard\libg_nano.a(libc_a-mprec.o)
 .rodata.__multadd.str1.1
                0x08008b45       0x11 c:/ST/Repository/STM32-FreeRTOS-cpp/STM32TOOLS/GCC/bin/../lib/gcc/arm-none-eabi/13.3.1/../../../../arm-none-eabi/lib/thumb/v7e-m+fp/hard\libg_nano.a(libc_a-mprec.o)
 *fill*         0x08008b45        0x3 
 .rodata.p05.0  0x08008b48        0xc c:/ST/Repository/STM32-FreeRTOS-cpp/STM32TOOLS/GCC/bin/../lib/gcc/arm-none-eabi/13.3.1/../../../../arm-none-eabi/lib/thumb/v7e-m+fp/hard\libg_nano.a(libc_a-mprec.o)
 *fill*         0x08008b54        0x4 
 .rodata.__mprec_bigtens
                0x08008b58       0x28 c:/ST/Repository/STM32-FreeRTOS-cpp/STM32TOOLS/GCC/bin/../lib/gcc/arm-none-eabi/13.3.1/../../../../arm-none-eabi/lib/thumb/v7e-m+fp/hard\libg_nano.a(libc_a-mprec.o)
                0x08008b58                __mprec_bigtens
 .rodata.__mprec_tens
                0x08008b80       0xc8 c:/ST/Repository/STM32-FreeRTOS-cpp/STM32TOOLS/GCC/bin/../lib/gcc/arm-none-eabi/13.3.1/../../../../arm-none-eabi/lib/thumb/v7e-m+fp/hard\libg_nano.a(libc_a-mprec.o)
                0x08008b80                __mprec_tens
 .rodata._svfprintf_r.str1.1
                0x08008c48       0x11 c:/ST/Repository/STM32-FreeRTOS-cpp/STM32TOOLS/GCC/bin/../lib/gcc/arm-none-eabi/13.3.1/../../../../arm-none-eabi/lib/thumb/v7e-m+fp/hard\libg_nano.a(libc_a-nano-svfprintf.o)
 .rodata._setlocale_r.str1.1
                0x08008c48        0x9 c:/ST/Repository/STM32-FreeRTOS-cpp/STM32TOOLS/GCC/bin/../lib/gcc/arm-none-eabi/13.3.1/../../../../arm-none-eabi/lib/thumb/v7e-m+fp/hard\libg_nano.a(libc_a-locale.o)
 .rodata.str1.1
                0x08008c48        0x2 c:/ST/Repository/STM32-FreeRTOS-cpp/STM32TOOLS/GCC/bin/../lib/gcc/arm-none-eabi/13.3.1/../../../../arm-none-eabi/lib/thumb/v7e-m+fp/hard\libg_nano.a(libc_a-locale.o)
 .rodata.__assert_func.str1.1
                0x08008c48       0x3d c:/ST/Repository/STM32-FreeRTOS-cpp/STM32TOOLS/GCC/bin/../lib/gcc/arm-none-eabi/13.3.1/../../../../arm-none-eabi/lib/thumb/v7e-m+fp/hard\libg_nano.a(libc_a-assert.o)
 .rodata._ctype_
                0x08008c48      0x101 c:/ST/Repository/STM32-FreeRTOS-cpp/STM32TOOLS/GCC/bin/../lib/gcc/arm-none-eabi/13.3.1/../../../../arm-none-eabi/lib/thumb/v7e-m+fp/hard\libg_nano.a(libc_a-ctype_.o)
                0x08008c48                _ctype_
 .rodata._vfprintf_r.str1.1
                0x08008d49       0x11 c:/ST/Repository/STM32-FreeRTOS-cpp/STM32TOOLS/GCC/bin/../lib/gcc/arm-none-eabi/13.3.1/../../../../arm-none-eabi/lib/thumb/v7e-m+fp/hard\libg_nano.a(libc_a-nano-vfprintf.o)

.glue_7         0x08008d4c        0x0
 .glue_7        0x08008d4c        0x0 linker stubs

.glue_7t        0x08008d4c        0x0
 .glue_7t       0x08008d4c        0x0 linker stubs

.vfp11_veneer   0x08008d4c        0x0
 .vfp11_veneer  0x08008d4c        0x0 linker stubs

.v4_bx          0x08008d4c        0x0
 .v4_bx         0x08008d4c        0x0 linker stubs

.iplt           0x08008d4c        0x0
 .iplt          0x08008d4c        0x0 CMakeFiles/firmware.elf.dir/src/crt_stubs.c.obj

.rel.dyn        0x08008d4c        0x0
 .rel.iplt      0x08008d4c        0x0 CMakeFiles/firmware.elf.dir/src/crt_stubs.c.obj

.data           0x20000000      0x1d0 load address 0x08008d49
                0x20000000                        _sdata = .
 *(.data*)
 .data.SystemCoreClock
                0x20000000        0x4 CMakeFiles/firmware.elf.dir/src/system_stm32g4xx.c.obj
                0x20000000                SystemCoreClock
 .data.uxCriticalNesting
                0x20000004        0x4 CMakeFiles/firmware.elf.dir/C_/ST/Repository/STM32-FreeRTOS-cpp/freertos/portable/GCC/ARM_CM4F/port.c.obj
 .data._impure_ptr
                0x20000008        0x4 c:/ST/Repository/STM32-FreeRTOS-cpp/STM32TOOLS/GCC/bin/../lib/gcc/arm-none-eabi/13.3.1/../../../../arm-none-eabi/lib/thumb/v7e-m+fp/hard\libg_nano.a(libc_a-impure.o)
                0x20000008                _impure_ptr
 .data._impure_data
                0x2000000c       0x4c c:/ST/Repository/STM32-FreeRTOS-cpp/STM32TOOLS/GCC/bin/../lib/gcc/arm-none-eabi/13.3.1/../../../../arm-none-eabi/lib/thumb/v7e-m+fp/hard\libg_nano.a(libc_a-impure.o)
                0x2000000c                _impure_data
 .data.__global_locale
                0x20000058      0x16c c:/ST/Repository/STM32-FreeRTOS-cpp/STM32TOOLS/GCC/bin/../lib/gcc/arm-none-eabi/13.3.1/../../../../arm-none-eabi/lib/thumb/v7e-m+fp/hard\libg_nano.a(libc_a-locale.o)
                0x20000058                __global_locale
 .data.__sglue  0x200001c4        0xc c:/ST/Repository/STM32-FreeRTOS-cpp/STM32TOOLS/GCC/bin/../lib/gcc/arm-none-eabi/13.3.1/../../../../arm-none-eabi/lib/thumb/v7e-m+fp/hard\libg_nano.a(libc_a-findfp.o)
                0x200001c4                __sglue
                0x200001d0                        _edata = .

.igot.plt       0x200001d0        0x0 load address 0x08008f1c
 .igot.plt      0x200001d0        0x0 CMakeFiles/firmware.elf.dir/src/crt_stubs.c.obj

.bss            0x200001d0     0x31f0 load address 0x08008f20
                0x200001d0                        _sbss = .
 *(.bss*)
 .bss.__dso_handle
                0x200001d0        0x4 CMakeFiles/firmware.elf.dir/src/crt_stubs.c.obj
                0x200001d0                __dso_handle
 .bss.heap_end.0
                0x200001d4        0x4 CMakeFiles/firmware.elf.dir/src/crt_stubs.c.obj
 .bss._ZZ4mainE8uart_log
                0x200001d8        0x2 CMakeFiles/firmware.elf.dir/src/main.cpp.obj
 *fill*         0x200001da        0x2 
 .bss._ZGVZ4mainE8uart_log
                0x200001dc        0x4 CMakeFiles/firmware.elf.dir/src/main.cpp.obj
 .bss._ZZ4mainE9led_green
                0x200001e0        0x1 CMakeFiles/firmware.elf.dir/src/main.cpp.obj
 *fill*         0x200001e1        0x3 
 .bss._ZGVZ4mainE9led_green
                0x200001e4        0x4 CMakeFiles/firmware.elf.dir/src/main.cpp.obj
 .bss._ZN5Adc12IL11AdcInstance0EL6AdcPsc7EL10AdcClkMode3EL17AdcSpecialChannel8388608EL10AdcChannel16EL12AdcSamplTime7EvE5timesE
                0x200001e8        0x8 CMakeFiles/firmware.elf.dir/src/main.cpp.obj
                0x200001e8                Adc12<(AdcInstance)0, (AdcPsc)7, (AdcClkMode)3, (AdcSpecialChannel)8388608, (AdcChannel)16, (AdcSamplTime)7, void>::times
 .bss._ZZ4mainE8adc_temp
                0x200001f0        0x8 CMakeFiles/firmware.elf.dir/src/main.cpp.obj
 .bss._ZGVZ4mainE8adc_temp
                0x200001f8        0x4 CMakeFiles/firmware.elf.dir/src/main.cpp.obj
 .bss._ZZ4mainE6sensor
                0x200001fc       0x18 CMakeFiles/firmware.elf.dir/src/main.cpp.obj
 .bss._ZGVZ4mainE6sensor
                0x20000214        0x4 CMakeFiles/firmware.elf.dir/src/main.cpp.obj
 .bss._ZZ4mainE6logger
                0x20000218       0x18 CMakeFiles/firmware.elf.dir/src/main.cpp.obj
 .bss._ZGVZ4mainE6logger
                0x20000230        0x4 CMakeFiles/firmware.elf.dir/src/main.cpp.obj
 .bss._ZZ4mainE10processing
                0x20000234       0x50 CMakeFiles/firmware.elf.dir/src/main.cpp.obj
 .bss._ZGVZ4mainE10processing
                0x20000284        0x4 CMakeFiles/firmware.elf.dir/src/main.cpp.obj
 .bss._ZZ4mainE9heartbeat
                0x20000288       0x10 CMakeFiles/firmware.elf.dir/src/main.cpp.obj
 .bss._ZGVZ4mainE9heartbeat
                0x20000298        0x4 CMakeFiles/firmware.elf.dir/src/main.cpp.obj
 *fill*         0x2000029c        0x4 
 .bss._ZZN10SensorTaskI5Adc12IL11AdcInstance0EL6AdcPsc7EL10AdcClkMode3EL17AdcSpecialChannel8388608EL10AdcChannel16EL12AdcSamplTime7EvEE3runEvE4last
                0x200002a0        0x8 CMakeFiles/firmware.elf.dir/src/main.cpp.obj
                0x200002a0                SensorTask<Adc12<(AdcInstance)0, (AdcPsc)7, (AdcClkMode)3, (AdcSpecialChannel)8388608, (AdcChannel)16, (AdcSamplTime)7, void> >::run()::last
 .bss._ZGVZN10SensorTaskI5Adc12IL11AdcInstance0EL6AdcPsc7EL10AdcClkMode3EL17AdcSpecialChannel8388608EL10AdcChannel16EL12AdcSamplTime7EvEE3runEvE4last
                0x200002a8        0x4 CMakeFiles/firmware.elf.dir/src/main.cpp.obj
                0x200002a8                guard variable for SensorTask<Adc12<(AdcInstance)0, (AdcPsc)7, (AdcClkMode)3, (AdcSpecialChannel)8388608, (AdcChannel)16, (AdcSamplTime)7, void> >::run()::last
 .bss._ZN18WatchdogSupervisor10aliveFlagsE
                0x200002ac        0x4 CMakeFiles/firmware.elf.dir/src/watchdog.cpp.obj
                0x200002ac                WatchdogSupervisor::aliveFlags
 .bss._ZN18WatchdogSupervisor14registredTasksE
                0x200002b0        0x4 CMakeFiles/firmware.elf.dir/src/watchdog.cpp.obj
                0x200002b0                WatchdogSupervisor::registredTasks
 .bss._ZN18WatchdogSupervisor9ALL_ALIVEE
                0x200002b4        0x4 CMakeFiles/firmware.elf.dir/src/watchdog.cpp.obj
                0x200002b4                WatchdogSupervisor::ALL_ALIVE
 .bss._ZN18WatchdogSupervisor11periodTicksE
                0x200002b8        0x8 CMakeFiles/firmware.elf.dir/src/watchdog.cpp.obj
                0x200002b8                WatchdogSupervisor::periodTicks
 .bss.pxCurrentTCB
                0x200002c0        0x4 CMakeFiles/firmware.elf.dir/C_/ST/Repository/STM32-FreeRTOS-cpp/freertos/tasks.c.obj
                0x200002c0                pxCurrentTCB
 *fill*         0x200002c4        0x4 
 .bss.pxReadyTasksLists
                0x200002c8       0x78 CMakeFiles/firmware.elf.dir/C_/ST/Repository/STM32-FreeRTOS-cpp/freertos/tasks.c.obj
 .bss.xDelayedTaskList1
                0x20000340       0x18 CMakeFiles/firmware.elf.dir/C_/ST/Repository/STM32-FreeRTOS-cpp/freertos/tasks.c.obj
 .bss.xDelayedTaskList2
                0x20000358       0x18 CMakeFiles/firmware.elf.dir/C_/ST/Repository/STM32-FreeRTOS-cpp/freertos/tasks.c.obj
 .bss.pxDelayedTaskList
                0x20000370        0x4 CMakeFiles/firmware.elf.dir/C_/ST/Repository/STM32-FreeRTOS-cpp/freertos/tasks.c.obj
 .bss.pxOverflowDelayedTaskList
                0x20000374        0x4 CMakeFiles/firmware.elf.dir/C_/ST/Repository/STM32-FreeRTOS-cpp/freertos/tasks.c.obj
 .bss.xPendingReadyList
                0x20000378       0x18 CMakeFiles/firmware.elf.dir/C_/ST/Repository/STM32-FreeRTOS-cpp/freertos/tasks.c.obj
 .bss.xTasksWaitingTermination
                0x20000390       0x18 CMakeFiles/firmware.elf.dir/C_/ST/Repository/STM32-FreeRTOS-cpp/freertos/tasks.c.obj
 .bss.uxDeletedTasksWaitingCleanUp
                0x200003a8        0x4 CMakeFiles/firmware.elf.dir/C_/ST/Repository/STM32-FreeRTOS-cpp/freertos/tasks.c.obj
 *fill*         0x200003ac        0x4 
 .bss.xSuspendedTaskList
                0x200003b0       0x18 CMakeFiles/firmware.elf.dir/C_/ST/Repository/STM32-FreeRTOS-cpp/freertos/tasks.c.obj
 .bss.uxCurrentNumberOfTasks