Archive member included to satisfy reference by file (symbol)

c:/ST/Repository/STM32-FreeRTOS-cpp/STM32TOOLS/GCC/bin/../lib/gcc/arm-none-eabi/13.3.1/../../../../arm-none-eabi/lib/thumb/v7e-m+fp/hard\libstdc++_nano.a(atexit_arm.o)
                              CMakeFiles/firmware.elf.dir/src/main.cpp.obj (__aeabi_atexit)
c:/ST/Repository/STM32-FreeRTOS-cpp/STM32TOOLS/GCC/bin/../lib/gcc/arm-none-eabi/13.3.1/../../../../arm-none-eabi/lib/thumb/v7e-m+fp/hard\libstdc++_nano.a(guard.o)
                              CMakeFiles/firmware.elf.dir/src/main.cpp.obj (__cxa_guard_acquire)
c:/ST/Repository/STM32-FreeRTOS-cpp/STM32TOOLS/GCC/bin/../lib/gcc/arm-none-eabi/13.3.1/thumb/v7e-m+fp/hard\libgcc.a(_arm_addsubdf3.o)
                              CMakeFiles/firmware.elf.dir/src/main.cpp.obj (__aeabi_f2d)
c:/ST/Repository/STM32-FreeRTOS-cpp/STM32TOOLS/GCC/bin/../lib/gcc/arm-none-eabi/13.3.1/thumb/v7e-m+fp/hard\libgcc.a(_aeabi_uldivmod.o)
                              CMakeFiles/firmware.elf.dir/src/watchdog.cpp.obj (__aeabi_uldivmod)
c:/ST/Repository/STM32-FreeRTOS-cpp/STM32TOOLS/GCC/bin/../lib/gcc/arm-none-eabi/13.3.1/thumb/v7e-m+fp/hard\libgcc.a(_udivmoddi4.o)
                              c:/ST/Repository/STM32-FreeRTOS-cpp/STM32TOOLS/GCC/bin/../lib/gcc/arm-none-eabi/13.3.1/thumb/v7e-m+fp/hard\libgcc.a(_aeabi_uldivmod.o) (__udivmoddi4)
c:/ST/Repository/STM32-FreeRTOS-cpp/STM32TOOLS/GCC/bin/../lib/gcc/arm-none-eabi/13.3.1/thumb/v7e-m+fp/hard\libgcc.a(_dvmd_tls.o)
                              c:/ST/Repository/STM32-FreeRTOS-cpp/STM32TOOLS/GCC/bin/../lib/gcc/arm-none-eabi/13.3.1/thumb/v7e-m+fp/hard\libgcc.a(_aeabi_uldivmod.o) (__aeabi_ldiv0)
c:/ST/Repository/STM32-FreeRTOS-cpp/STM32TOOLS/GCC/bin/../lib/gcc/arm-none-eabi/13.3.1/../../../../arm-none-eabi/lib/thumb/v7e-m+fp/hard\libg_nano.a(libc_a-cxa_atexit.o)
                              c:/ST/Repository/STM32-FreeRTOS-cpp/STM32TOOLS/GCC/bin/../lib/gcc/arm-none-eabi/13.3.1/../../../../arm-none-eabi/lib/thumb/v7e-m+fp/hard\libstdc++_nano.a(atexit_arm.o) (__cxa_atexit)
c:/ST/Repository/STM32-FreeRTOS-cpp/STM32TOOLS/GCC/bin/../lib/gcc/arm-none-eabi/13.3.1/../../../../arm-none-eabi/lib/thumb/v7e-m+fp/hard\libg_nano.a(libc_a-nano-vfprintf_float.o)
                              (_printf_float)
c:/ST/Repository/STM32-FreeRTOS-cpp/STM32TOOLS/GCC/bin/../lib/gcc/arm-none-eabi/13.3.1/../../../../arm-none-eabi/lib/thumb/v7e-m+fp/hard\libg_nano.a(libc_a-nano-vfprintf_i.o)
                              c:/ST/Repository/STM32-FreeRTOS-cpp/STM32TOOLS/GCC/bin/../lib/gcc/arm-none-eabi/13.3.1/../../../../arm-none-eabi/lib/thumb/v7e-m+fp/hard\libg_nano.a(libc_a-nano-vfprintf_float.o) (_printf_common)
c:/ST/Repository/STM32-FreeRTOS-cpp/STM32TOOLS/GCC/bin/../lib/gcc/arm-none-eabi/13.3.1/../../../../arm-none-eabi/lib/thumb/v7e-m+fp/hard\libg_nano.a(libc_a-snprintf.o)
                              CMakeFiles/firmware.elf.dir/src/main.cpp.obj (snprintf)
c:/ST/Repository/STM32-FreeRTOS-cpp/STM32TOOLS/GCC/bin/../lib/gcc/arm-none-eabi/13.3.1/../../../../arm-none-eabi/lib/thumb/v7e-m+fp/hard\libg_nano.a(libc_a-memset.o)
                              CMakeFiles/firmware.elf.dir/src/main.cpp.obj (memset)
c:/ST/Repository/STM32-FreeRTOS-cpp/STM32TOOLS/GCC/bin/../lib/gcc/arm-none-eabi/13.3.1/../../../../arm-none-eabi/lib/thumb/v7e-m+fp/hard\libg_nano.a(libc_a-localeconv.o)
                              c:/ST/Repository/STM32-FreeRTOS-cpp/STM32TOOLS/GCC/bin/../lib/gcc/arm-none-eabi/13.3.1/../../../../arm-none-eabi/lib/thumb/v7e-m+fp/hard\libg_nano.a(libc_a-nano-vfprintf_float.o) (_localeconv_r)
c:/ST/Repository/STM32-FreeRTOS-cpp/STM32TOOLS/GCC/bin/../lib/gcc/arm-none-eabi/13.3.1/../../../../arm-none-eabi/lib/thumb/v7e-m+fp/hard\libg_nano.a(libc_a-impure.o)
                              c:/ST/Repository/STM32-FreeRTOS-cpp/STM32TOOLS/GCC/bin/../lib/gcc/arm-none-eabi/13.3.1/../../../../arm-none-eabi/lib/thumb/v7e-m+fp/hard\libg_nano.a(libc_a-snprintf.o) (_impure_ptr)
c:/ST/Repository/STM32-FreeRTOS-cpp/STM32TOOLS/GCC/bin/../lib/gcc/arm-none-eabi/13.3.1/../../../../arm-none-eabi/lib/thumb/v7e-m+fp/hard\libg_nano.a(libc_a-init.o)
                              CMakeFiles/firmware.elf.dir/src/startup_stm32g431xx.s.obj (__libc_init_array)
c:/ST/Repository/STM32-FreeRTOS-cpp/STM32TOOLS/GCC/bin/../lib/gcc/arm-none-eabi/13.3.1/../../../../arm-none-eabi/lib/thumb/v7e-m+fp/hard\libg_nano.a(libc_a-memchr.o)
                              c:/ST/Repository/STM32-FreeRTOS-cpp/STM32TOOLS/GCC/bin/../lib/gcc/arm-none-eabi/13.3.1/../../../../arm-none-eabi/lib/thumb/v7e-m+fp/hard\libg_nano.a(libc_a-nano-vfprintf_i.o) (memchr)
c:/ST/Repository/STM32-FreeRTOS-cpp/STM32TOOLS/GCC/bin/../lib/gcc/arm-none-eabi/13.3.1/../../../../arm-none-eabi/lib/thumb/v7e-m+fp/hard\libg_nano.a(libc_a-memcpy-stub.o)
                              CMakeFiles/firmware.elf.dir/C_/ST/Repository/STM32-FreeRTOS-cpp/freertos/queue.c.obj (memcpy)
[...]
Memory Configuration

Name             Origin             Length             Attributes
FLASH            0x08000000         0x00020000         xr
RAM              0x20000000         0x00008000         xrw
*default*        0x00000000         0xffffffff

Linker script and memory map

LOAD CMakeFiles/firmware.elf.dir/src/crt_stubs.c.obj
LOAD CMakeFiles/firmware.elf.dir/src/main.cpp.obj
LOAD CMakeFiles/firmware.elf.dir/src/startup_stm32g431xx.s.obj
LOAD CMakeFiles/firmware.elf.dir/src/system_stm32g4xx.c.obj
LOAD CMakeFiles/firmware.elf.dir/src/task_template.cpp.obj
LOAD CMakeFiles/firmware.elf.dir/src/watchdog.cpp.obj
LOAD CMakeFiles/firmware.elf.dir/C_/ST/Repository/STM32-FreeRTOS-cpp/freertos/tasks.c.obj
LOAD CMakeFiles/firmware.elf.dir/C_/ST/Repository/STM32-FreeRTOS-cpp/freertos/list.c.obj
LOAD CMakeFiles/firmware.elf.dir/C_/ST/Repository/STM32-FreeRTOS-cpp/freertos/queue.c.obj
LOAD CMakeFiles/firmware.elf.dir/C_/ST/Repository/STM32-FreeRTOS-cpp/freertos/timers.c.obj
LOAD CMakeFiles/firmware.elf.dir/C_/ST/Repository/STM32-FreeRTOS-cpp/freertos/event_groups.c.obj
LOAD CMakeFiles/firmware.elf.dir/C_/ST/Repository/STM32-FreeRTOS-cpp/freertos/portable/GCC/ARM_CM4F/port.c.obj
LOAD CMakeFiles/firmware.elf.dir/C_/ST/Repository/STM32-FreeRTOS-cpp/freertos/portable/MemMang/heap_4.c.obj
LOAD c:/ST/Repository/STM32-FreeRTOS-cpp/STM32TOOLS/GCC/bin/../lib/gcc/arm-none-eabi/13.3.1/../../../../arm-none-eabi/lib/thumb/v7e-m+fp/hard\libstdc++_nano.a
LOAD c:/ST/Repository/STM32-FreeRTOS-cpp/STM32TOOLS/GCC/bin/../lib/gcc/arm-none-eabi/13.3.1/../../../../arm-none-eabi/lib/thumb/v7e-m+fp/hard\libm.a
START GROUP
LOAD c:/ST/Repository/STM32-FreeRTOS-cpp/STM32TOOLS/GCC/bin/../lib/gcc/arm-none-eabi/13.3.1/thumb/v7e-m+fp/hard\libgcc.a
LOAD c:/ST/Repository/STM32-FreeRTOS-cpp/STM32TOOLS/GCC/bin/../lib/gcc/arm-none-eabi/13.3.1/../../../../arm-none-eabi/lib/thumb/v7e-m+fp/hard\libg_nano.a
LOAD c:/ST/Repository/STM32-FreeRTOS-cpp/STM32TOOLS/GCC/bin/../lib/gcc/arm-none-eabi/13.3.1/../../../../arm-none-eabi/lib/thumb/v7e-m+fp/hard\libc_nano.a
END GROUP
START GROUP
LOAD c:/ST/Repository/STM32-FreeRTOS-cpp/STM32TOOLS/GCC/bin/../lib/gcc/arm-none-eabi/13.3.1/thumb/v7e-m+fp/hard\libgcc.a
LOAD c:/ST/Repository/STM32-FreeRTOS-cpp/STM32TOOLS/GCC/bin/../lib/gcc/arm-none-eabi/13.3.1/../../../../arm-none-eabi/lib/thumb/v7e-m+fp/hard\libc_nano.a
LOAD c:/ST/Repository/STM32-FreeRTOS-cpp/STM32TOOLS/GCC/bin/../lib/gcc/arm-none-eabi/13.3.1/../../../../arm-none-eabi/lib/thumb/v7e-m+fp/hard\libnosys.a
END GROUP
START GROUP
LOAD c:/ST/Repository/STM32-FreeRTOS-cpp/STM32TOOLS/GCC/bin/../lib/gcc/arm-none-eabi/13.3.1/thumb/v7e-m+fp/hard\libgcc.a
LOAD c:/ST/Repository/STM32-FreeRTOS-cpp/STM32TOOLS/GCC/bin/../lib/gcc/arm-none-eabi/13.3.1/../../../../arm-none-eabi/lib/thumb/v7e-m+fp/hard\libc_nano.a
LOAD c:/ST/Repository/STM32-FreeRTOS-cpp/STM32TOOLS/GCC/bin/../lib/gcc/arm-none-eabi/13.3.1/../../../../arm-none-eabi/lib/thumb/v7e-m+fp/hard\libnosys.a
END GROUP
                0x20008000                        _estack = (ORIGIN (RAM) + LENGTH (RAM))

.isr_vector     0x08000000      0x1d8
 *(.isr_vector)
 .isr_vector    0x08000000      0x1d8 CMakeFiles/firmware.elf.dir/src/startup_stm32g431xx.s.obj
                0x08000000                g_pfnVectors

.text           0x080001e0     0x8139
 *(.text*)
 .text._init    0x080001e0        0xe CMakeFiles/firmware.elf.dir/src/crt_stubs.c.obj
                0x080001e0                _init
 .text._fini    0x080001ee        0xe CMakeFiles/firmware.elf.dir/src/crt_stubs.c.obj
                0x080001ee                _fini
 .text._sbrk    0x080001fc       0x40 CMakeFiles/firmware.elf.dir/src/crt_stubs.c.obj
                0x080001fc                _sbrk
 .text._ZN8UartPinsILi2EE4uartEv
                0x0800023c       0x14 CMakeFiles/firmware.elf.dir/src/main.cpp.obj
                0x0800023c                UartPins<2>::uart()
 .text._ZN8UartPinsILi2EE11enableClockEv
                0x08000250       0x20 CMakeFiles/firmware.elf.dir/src/main.cpp.obj
                0x08000250                UartPins<2>::enableClock()
 .text._ZN8UartPinsILi2EE12disableClockEv
                0x08000270       0x20 CMakeFiles/firmware.elf.dir/src/main.cpp.obj
                0x08000270                UartPins<2>::disableClock()
 .text._ZN4TaskC2EPKc
                0x08000290       0x30 CMakeFiles/firmware.elf.dir/src/main.cpp.obj
                0x08000290                Task::Task(char const*)
                0x08000290                Task::Task(char const*)
 .text._ZN4Task4initEv
                0x080002c0       0x14 CMakeFiles/firmware.elf.dir/src/main.cpp.obj
                0x080002c0                Task::init()
 .text._ZN4Task9taskEntryEPv
                0x080002d4       0x2a CMakeFiles/firmware.elf.dir/src/main.cpp.obj
                0x080002d4                Task::taskEntry(void*)
 *fill*         0x080002fe        0x2 
 .text._ZN14ProcessingTaskC2EP15QueueDefinitionS1_
                0x08000300       0x5c CMakeFiles/firmware.elf.dir/src/main.cpp.obj
                0x08000300                ProcessingTask::ProcessingTask(QueueDefinition*, QueueDefinition*)
                0x08000300                ProcessingTask::ProcessingTask(QueueDefinition*, QueueDefinition*)
 .text._ZN14ProcessingTask3runEv
                0x0800035c      0x100 CMakeFiles/firmware.elf.dir/src/main.cpp.obj
                0x0800035c                ProcessingTask::run()
 .text._ZN14ProcessingTask11raw_to_tempEt
                0x0800045c       0x94 CMakeFiles/firmware.elf.dir/src/main.cpp.obj
                0x0800045c                ProcessingTask::raw_to_temp(unsigned short)
 .text.main     0x080004f0      0x2b0 CMakeFiles/firmware.elf.dir/src/main.cpp.obj
                0x080004f0                main
 .text._ZN19MovingAverageFilterILj10EEC2Ev
                0x080007a0       0x54 CMakeFiles/firmware.elf.dir/src/main.cpp.obj
                0x080007a0                MovingAverageFilter<10u>::MovingAverageFilter()
                0x080007a0                MovingAverageFilter<10u>::MovingAverageFilter()
 .text._ZN19MovingAverageFilterILj10EE6updateERf
                0x080007f4       0xa8 CMakeFiles/firmware.elf.dir/src/main.cpp.obj
                0x080007f4                MovingAverageFilter<10u>::update(float&)
 .text._ZN4UartILi2ELi115200EL7UartIRQ3ELh15EEC2Ev
                0x0800089c       0x54 CMakeFiles/firmware.elf.dir/src/main.cpp.obj
                0x0800089c                Uart<2, 115200, (UartIRQ)3, (unsigned char)15>::Uart()
                0x0800089c                Uart<2, 115200, (UartIRQ)3, (unsigned char)15>::Uart()
 .text._ZN4UartILi2ELi115200EL7UartIRQ3ELh15EED2Ev
                0x080008f0       0x3a CMakeFiles/firmware.elf.dir/src/main.cpp.obj
                0x080008f0                Uart<2, 115200, (UartIRQ)3, (unsigned char)15>::~Uart()
                0x080008f0                Uart<2, 115200, (UartIRQ)3, (unsigned char)15>::~Uart()
 .text._ZN4GpioIL8GpioPort0ELh5EL8GpioMode1EL9GpioSpeed0EL8GpioPull0EL6GpioAF0EL9GpioOType0EL11GpioIrqEdge4EEC2Ev
                0x0800092a       0x16 CMakeFiles/firmware.elf.dir/src/main.cpp.obj
                0x0800092a                Gpio<(GpioPort)0, (unsigned char)5, (GpioMode)1, (GpioSpeed)0, (GpioPull)0, (GpioAF)0, (GpioOType)0, (GpioIrqEdge)4>::Gpio()
                0x0800092a                Gpio<(GpioPort)0, (unsigned char)5, (GpioMode)1, (GpioSpeed)0, (GpioPull)0, (GpioAF)0, (GpioOType)0, (GpioIrqEdge)4>::Gpio()
 .text._ZN4GpioIL8GpioPort0ELh5EL8GpioMode1EL9GpioSpeed0EL8GpioPull0EL6GpioAF0EL9GpioOType0EL11GpioIrqEdge4EED2Ev
                0x08000940       0x20 CMakeFiles/firmware.elf.dir/src/main.cpp.obj
                0x08000940                Gpio<(GpioPort)0, (unsigned char)5, (GpioMode)1, (GpioSpeed)0, (GpioPull)0, (GpioAF)0, (GpioOType)0, (GpioIrqEdge)4>::~Gpio()
                0x08000940                Gpio<(GpioPort)0, (unsigned char)5, (GpioMode)1, (GpioSpeed)0, (GpioPull)0, (GpioAF)0, (GpioOType)0, (GpioIrqEdge)4>::~Gpio()
 .text._ZN5Adc12IL11AdcInstance0EL6AdcPsc7EL10AdcClkMode3EL17AdcSpecialChannel8388608EL10AdcChannel16EL12AdcSamplTime7EvEC2Ev
                0x08000960       0x26 CMakeFiles/firmware.elf.dir/src/main.cpp.obj
                0x08000960                Adc12<(AdcInstance)0, (AdcPsc)7, (AdcClkMode)3, (AdcSpecialChannel)8388608, (AdcChannel)16, (AdcSamplTime)7, void>::Adc12()
                0x08000960                Adc12<(AdcInstance)0, (AdcPsc)7, (AdcClkMode)3, (AdcSpecialChannel)8388608, (AdcChannel)16, (AdcSamplTime)7, void>::Adc12()
 *fill*         0x08000986        0x2 
 .text._ZN5Adc12IL11AdcInstance0EL6AdcPsc7EL10AdcClkMode3EL17AdcSpecialChannel8388608EL10AdcChannel16EL12AdcSamplTime7EvED2Ev
                0x08000988       0x30 CMakeFiles/firmware.elf.dir/src/main.cpp.obj
                0x08000988                Adc12<(AdcInstance)0, (AdcPsc)7, (AdcClkMode)3, (AdcSpecialChannel)8388608, (AdcChannel)16, (AdcSamplTime)7, void>::~Adc12()
                0x08000988                Adc12<(AdcInstance)0, (AdcPsc)7, (AdcClkMode)3, (AdcSpecialChannel)8388608, (AdcChannel)16, (AdcSamplTime)7, void>::~Adc12()
 .text._ZN10SensorTaskI5Adc12IL11AdcInstance0EL6AdcPsc7EL10AdcClkMode3EL17AdcSpecialChannel8388608EL10AdcChannel16EL12AdcSamplTime7EvEEC2ERS7_P15QueueDefinition
                0x080009b8       0x40 CMakeFiles/firmware.elf.dir/src/main.cpp.obj
                0x080009b8                SensorTask<Adc12<(AdcInstance)0, (AdcPsc)7, (AdcClkMode)3, (AdcSpecialChannel)8388608, (AdcChannel)16, (AdcSamplTime)7, void> >::SensorTask(Adc12<(AdcInstance)0, (AdcPsc)7, (AdcClkMode)3, (AdcSpecialChannel)8388608, (AdcChannel)16, (AdcSamplTime)7, void>&, QueueDefinition*)
                0x080009b8                SensorTask<Adc12<(AdcInstance)0, (AdcPsc)7, (AdcClkMode)3, (AdcSpecialChannel)8388608, (AdcChannel)16, (AdcSamplTime)7, void> >::SensorTask(Adc12<(AdcInstance)0, (AdcPsc)7, (AdcClkMode)3, (AdcSpecialChannel)8388608, (AdcChannel)16, (AdcSamplTime)7, void>&, QueueDefinition*)
 .text._ZN10LoggerTaskI4UartILi2ELi115200EL7UartIRQ3ELh15EEEC2ERS2_P15QueueDefinition
                0x080009f8       0x40 CMakeFiles/firmware.elf.dir/src/main.cpp.obj
                0x080009f8                LoggerTask<Uart<2, 115200, (UartIRQ)3, (unsigned char)15> >::LoggerTask(Uart<2, 115200, (UartIRQ)3, (unsigned char)15>&, QueueDefinition*)
                0x080009f8                LoggerTask<Uart<2, 115200, (UartIRQ)3, (unsigned char)15> >::LoggerTask(Uart<2, 115200, (UartIRQ)3, (unsigned char)15>&, QueueDefinition*)
 .text._ZN9BlinkTaskI4GpioIL8GpioPort0ELh5EL8GpioMode1EL9GpioSpeed0EL8GpioPull0EL6GpioAF0EL9GpioOType0EL11GpioIrqEdge4EEEC2ERS8_
                0x08000a38       0x34 CMakeFiles/firmware.elf.dir/src/main.cpp.obj
                0x08000a38                BlinkTask<Gpio<(GpioPort)0, (unsigned char)5, (GpioMode)1, (GpioSpeed)0, (GpioPull)0, (GpioAF)0, (GpioOType)0, (GpioIrqEdge)4> >::BlinkTask(Gpio<(GpioPort)0, (unsigned char)5, (GpioMode)1, (GpioSpeed)0, (GpioPull)0, (GpioAF)0, (GpioOType)0, (GpioIrqEdge)4>&)
                0x08000a38                BlinkTask<Gpio<(GpioPort)0, (unsigned char)5, (GpioMode)1, (GpioSpeed)0, (GpioPull)0, (GpioAF)0, (GpioOType)0, (GpioIrqEdge)4> >::BlinkTask(Gpio<(GpioPort)0, (unsigned char)5, (GpioMode)1, (GpioSpeed)0, (GpioPull)0, (GpioAF)0, (GpioOType)0, (GpioIrqEdge)4>&)
 .text._ZN4GpioIL8GpioPort0ELh2EL8GpioMode2EL9GpioSpeed3EL8GpioPull0EL6GpioAF7EL9GpioOType0EL11GpioIrqEdge4EEC2Ev
                0x08000a6c       0x16 CMakeFiles/firmware.elf.dir/src/main.cpp.obj
                0x08000a6c                Gpio<(GpioPort)0, (unsigned char)2, (GpioMode)2, (GpioSpeed)3, (GpioPull)0, (GpioAF)7, (GpioOType)0, (GpioIrqEdge)4>::Gpio()
                0x08000a6c                Gpio<(GpioPort)0, (unsigned char)2, (GpioMode)2, (GpioSpeed)3, (GpioPull)0, (GpioAF)7, (GpioOType)0, (GpioIrqEdge)4>::Gpio()
 .text._ZN4GpioIL8GpioPort0ELh2EL8GpioMode2EL9GpioSpeed3EL8GpioPull0EL6GpioAF7EL9GpioOType0EL11GpioIrqEdge4EED2Ev
                0x08000a82       0x20 CMakeFiles/firmware.elf.dir/src/main.cpp.obj
                0x08000a82                Gpio<(GpioPort)0, (unsigned char)2, (GpioMode)2, (GpioSpeed)3, (GpioPull)0, (GpioAF)7, (GpioOType)0, (GpioIrqEdge)4>::~Gpio()
                0x08000a82                Gpio<(GpioPort)0, (unsigned char)2, (GpioMode)2, (GpioSpeed)3, (GpioPull)0, (GpioAF)7, (GpioOType)0, (GpioIrqEdge)4>::~Gpio()
 .text._ZN4GpioIL8GpioPort0ELh3EL8GpioMode2EL9GpioSpeed3EL8GpioPull0EL6GpioAF7EL9GpioOType0EL11GpioIrqEdge4EEC2Ev
                0x08000aa2       0x16 CMakeFiles/firmware.elf.dir/src/main.cpp.obj
                0x08000aa2                Gpio<(GpioPort)0, (unsigned char)3, (GpioMode)2, (GpioSpeed)3, (GpioPull)0, (GpioAF)7, (GpioOType)0, (GpioIrqEdge)4>::Gpio()
                0x08000aa2                Gpio<(GpioPort)0, (unsigned char)3, (GpioMode)2, (GpioSpeed)3, (GpioPull)0, (GpioAF)7, (GpioOType)0, (GpioIrqEdge)4>::Gpio()
 .text._ZN4GpioIL8GpioPort0ELh3EL8GpioMode2EL9GpioSpeed3EL8GpioPull0EL6GpioAF7EL9GpioOType0EL11GpioIrqEdge4EED2Ev
                0x08000ab8       0x20 CMakeFiles/firmware.elf.dir/src/main.cpp.obj
                0x08000ab8                Gpio<(GpioPort)0, (unsigned char)3, (GpioMode)2, (GpioSpeed)3, (GpioPull)0, (GpioAF)7, (GpioOType)0, (GpioIrqEdge)4>::~Gpio()
                0x08000ab8                Gpio<(GpioPort)0, (unsigned char)3, (GpioMode)2, (GpioSpeed)3, (GpioPull)0, (GpioAF)7, (GpioOType)0, (GpioIrqEdge)4>::~Gpio()
 .text._ZN4GpioIL8GpioPort0ELh5EL8GpioMode1EL9GpioSpeed0EL8GpioPull0EL6GpioAF0EL9GpioOType0EL11GpioIrqEdge4EE4initEv
                0x08000ad8       0x2a CMakeFiles/firmware.elf.dir/src/main.cpp.obj
                0x08000ad8                Gpio<(GpioPort)0, (unsigned char)5, (GpioMode)1, (GpioSpeed)0, (GpioPull)0, (GpioAF)0, (GpioOType)0, (GpioIrqEdge)4>::init()
 .text._ZN4GpioIL8GpioPort0ELh5EL8GpioMode1EL9GpioSpeed0EL8GpioPull0EL6GpioAF0EL9GpioOType0EL11GpioIrqEdge4EE4portEv
                0x08000b02       0x12 CMakeFiles/firmware.elf.dir/src/main.cpp.obj
                0x08000b02                Gpio<(GpioPort)0, (unsigned char)5, (GpioMode)1, (GpioSpeed)0, (GpioPull)0, (GpioAF)0, (GpioOType)0, (GpioIrqEdge)4>::port()
 .text._ZN5Adc12IL11AdcInstance0EL6AdcPsc7EL10AdcClkMode3EL17AdcSpecialChannel8388608EL10AdcChannel16EL12AdcSamplTime7EvE4initEv
                0x08000b14       0x68 CMakeFiles/firmware.elf.dir/src/main.cpp.obj
                0x08000b14                Adc12<(AdcInstance)0, (AdcPsc)7, (AdcClkMode)3, (AdcSpecialChannel)8388608, (AdcChannel)16, (AdcSamplTime)7, void>::init()
 .text._ZN5Adc12IL11AdcInstance0EL6AdcPsc7EL10AdcClkMode3EL17AdcSpecialChannel8388608EL10AdcChannel16EL12AdcSamplTime7EvE11getInstanceEv
                0x08000b7c       0x12 CMakeFiles/firmware.elf.dir/src/main.cpp.obj
                0x08000b7c                Adc12<(AdcInstance)0, (AdcPsc)7, (AdcClkMode)3, (AdcSpecialChannel)8388608, (AdcChannel)16, (AdcSamplTime)7, void>::getInstance()
 .text._ZN4GpioIL8GpioPort0ELh2EL8GpioMode2EL9GpioSpeed3EL8GpioPull0EL6GpioAF7EL9GpioOType0EL11GpioIrqEdge4EE4initEv
                0x08000b8e       0x2a CMakeFiles/firmware.elf.dir/src/main.cpp.obj
                0x08000b8e                Gpio<(GpioPort)0, (unsigned char)2, (GpioMode)2, (GpioSpeed)3, (GpioPull)0, (GpioAF)7, (GpioOType)0, (GpioIrqEdge)4>::init()
 .text._ZN4GpioIL8GpioPort0ELh2EL8GpioMode2EL9GpioSpeed3EL8GpioPull0EL6GpioAF7EL9GpioOType0EL11GpioIrqEdge4EE4portEv
                0x08000bb8       0x12 CMakeFiles/firmware.elf.dir/src/main.cpp.obj
                0x08000bb8                Gpio<(GpioPort)0, (unsigned char)2, (GpioMode)2, (GpioSpeed)3, (GpioPull)0, (GpioAF)7, (GpioOType)0, (GpioIrqEdge)4>::port()
 .text._ZN4GpioIL8GpioPort0ELh3EL8GpioMode2EL9GpioSpeed3EL8GpioPull0EL6GpioAF7EL9GpioOType0EL11GpioIrqEdge4EE4initEv
                0x08000bca       0x2a CMakeFiles/firmware.elf.dir/src/main.cpp.obj
                0x08000bca                Gpio<(GpioPort)0, (unsigned char)3, (GpioMode)2, (GpioSpeed)3, (GpioPull)0, (GpioAF)7, (GpioOType)0, (GpioIrqEdge)4>::init()
 .text._ZN4GpioIL8GpioPort0ELh3EL8GpioMode2EL9GpioSpeed3EL8GpioPull0EL6GpioAF7EL9GpioOType0EL11GpioIrqEdge4EE4portEv
                0x08000bf4       0x12 CMakeFiles/firmware.elf.dir/src/main.cpp.obj
                0x08000bf4                Gpio<(GpioPort)0, (unsigned char)3, (GpioMode)2, (GpioSpeed)3, (GpioPull)0, (GpioAF)7, (GpioOType)0, (GpioIrqEdge)4>::port()
 *fill*         0x08000c06        0x2 
 .text._ZN4GpioIL8GpioPort0ELh5EL8GpioMode1EL9GpioSpeed0EL8GpioPull0EL6GpioAF0EL9GpioOType0EL11GpioIrqEdge4EE11enableClockEv
                0x08000c08       0x20 CMakeFiles/firmware.elf.dir/src/main.cpp.obj
                0x08000c08                Gpio<(GpioPort)0, (unsigned char)5, (GpioMode)1, (GpioSpeed)0, (GpioPull)0, (GpioAF)0, (GpioOType)0, (GpioIrqEdge)4>::enableClock()
 .text._ZN4GpioIL8GpioPort0ELh5EL8GpioMode1EL9GpioSpeed0EL8GpioPull0EL6GpioAF0EL9GpioOType0EL11GpioIrqEdge4EE7setModeES1_
                0x08000c28       0x2e CMakeFiles/firmware.elf.dir/src/main.cpp.obj
                0x08000c28                Gpio<(GpioPort)0, (unsigned char)5, (GpioMode)1, (GpioSpeed)0, (GpioPull)0, (GpioAF)0, (GpioOType)0, (GpioIrqEdge)4>::setMode(GpioMode)
 .text._ZN4GpioIL8GpioPort0ELh5EL8GpioMode1EL9GpioSpeed0EL8GpioPull0EL6GpioAF0EL9GpioOType0EL11GpioIrqEdge4EE5setAFES4_
                0x08000c56       0x14 CMakeFiles/firmware.elf.dir/src/main.cpp.obj
                0x08000c56                Gpio<(GpioPort)0, (unsigned char)5, (GpioMode)1, (GpioSpeed)0, (GpioPull)0, (GpioAF)0, (GpioOType)0, (GpioIrqEdge)4>::setAF(GpioAF)
 .text._ZN4GpioIL8GpioPort0ELh5EL8GpioMode1EL9GpioSpeed0EL8GpioPull0EL6GpioAF0EL9GpioOType0EL11GpioIrqEdge4EE8setSpeedES2_
                0x08000c6a       0x2e CMakeFiles/firmware.elf.dir/src/main.cpp.obj
                0x08000c6a                Gpio<(GpioPort)0, (unsigned char)5, (GpioMode)1, (GpioSpeed)0, (GpioPull)0, (GpioAF)0, (GpioOType)0, (GpioIrqEdge)4>::setSpeed(GpioSpeed)
 .text._ZN4GpioIL8GpioPort0ELh5EL8GpioMode1EL9GpioSpeed0EL8GpioPull0EL6GpioAF0EL9GpioOType0EL11GpioIrqEdge4EE7setPullES3_
                0x08000c98       0x2e CMakeFiles/firmware.elf.dir/src/main.cpp.obj
                0x08000c98                Gpio<(GpioPort)0, (unsigned char)5, (GpioMode)1, (GpioSpeed)0, (GpioPull)0, (GpioAF)0, (GpioOType)0, (GpioIrqEdge)4>::setPull(GpioPull)
 .text._ZN4GpioIL8GpioPort0ELh5EL8GpioMode1EL9GpioSpeed0EL8GpioPull0EL6GpioAF0EL9GpioOType0EL11GpioIrqEdge4EE8setOTypeES5_
                0x08000cc6       0x20 CMakeFiles/firmware.elf.dir/src/main.cpp.obj
                0x08000cc6                Gpio<(GpioPort)0, (unsigned char)5, (GpioMode)1, (GpioSpeed)0, (GpioPull)0, (GpioAF)0, (GpioOType)0, (GpioIrqEdge)4>::setOType(GpioOType)
 *fill*         0x08000ce6        0x2 
 .text._ZN5Adc12IL11AdcInstance0EL6AdcPsc7EL10AdcClkMode3EL17AdcSpecialChannel8388608EL10AdcChannel16EL12AdcSamplTime7EvE12clock_enableEv
                0x08000ce8       0x48 CMakeFiles/firmware.elf.dir/src/main.cpp.obj
                0x08000ce8                Adc12<(AdcInstance)0, (AdcPsc)7, (AdcClkMode)3, (AdcSpecialChannel)8388608, (AdcChannel)16, (AdcSamplTime)7, void>::clock_enable()
 .text._ZN5Adc12IL11AdcInstance0EL6AdcPsc7EL10AdcClkMode3EL17AdcSpecialChannel8388608EL10AdcChannel16EL12AdcSamplTime7EvE12power_enableEv
                0x08000d30       0x4a CMakeFiles/firmware.elf.dir/src/main.cpp.obj
                0x08000d30                Adc12<(AdcInstance)0, (AdcPsc)7, (AdcClkMode)3, (AdcSpecialChannel)8388608, (AdcChannel)16, (AdcSamplTime)7, void>::power_enable()
 *fill*         0x08000d7a        0x2 
 .text._ZN5Adc12IL11AdcInstance0EL6AdcPsc7EL10AdcClkMode3EL17AdcSpecialChannel8388608EL10AdcChannel16EL12AdcSamplTime7EvE9init_waitER12AdcWaitTimes
                0x08000d7c       0x38 CMakeFiles/firmware.elf.dir/src/main.cpp.obj
                0x08000d7c                Adc12<(AdcInstance)0, (AdcPsc)7, (AdcClkMode)3, (AdcSpecialChannel)8388608, (AdcChannel)16, (AdcSamplTime)7, void>::init_wait(AdcWaitTimes&)
 .text._ZN5Adc12IL11AdcInstance0EL6AdcPsc7EL10AdcClkMode3EL17AdcSpecialChannel8388608EL10AdcChannel16EL12AdcSamplTime7EvE11calibrationER12AdcWaitTimes
                0x08000db4       0xfe CMakeFiles/firmware.elf.dir/src/main.cpp.obj
                0x08000db4                Adc12<(AdcInstance)0, (AdcPsc)7, (AdcClkMode)3, (AdcSpecialChannel)8388608, (AdcChannel)16, (AdcSamplTime)7, void>::calibration(AdcWaitTimes&)
 *fill*         0x08000eb2        0x2 
 .text._ZN5Adc12IL11AdcInstance0EL6AdcPsc7EL10AdcClkMode3EL17AdcSpecialChannel8388608EL10AdcChannel16EL12AdcSamplTime7EvE22enable_special_channelEv
                0x08000eb4       0x20 CMakeFiles/firmware.elf.dir/src/main.cpp.obj
                0x08000eb4                Adc12<(AdcInstance)0, (AdcPsc)7, (AdcClkMode)3, (AdcSpecialChannel)8388608, (AdcChannel)16, (AdcSamplTime)7, void>::enable_special_channel()
 .text._ZN5Adc12IL11AdcInstance0EL6AdcPsc7EL10AdcClkMode3EL17AdcSpecialChannel8388608EL10AdcChannel16EL12AdcSamplTime7EvE17configure_channelEv
                0x08000ed4       0x82 CMakeFiles/firmware.elf.dir/src/main.cpp.obj
                0x08000ed4                Adc12<(AdcInstance)0, (AdcPsc)7, (AdcClkMode)3, (AdcSpecialChannel)8388608, (AdcChannel)16, (AdcSamplTime)7, void>::configure_channel()
 .text._ZN5Adc12IL11AdcInstance0EL6AdcPsc7EL10AdcClkMode3EL17AdcSpecialChannel8388608EL10AdcChannel16EL12AdcSamplTime7EvE10adc_enableEv
                0x08000f56       0x66 CMakeFiles/firmware.elf.dir/src/main.cpp.obj
                0x08000f56                Adc12<(AdcInstance)0, (AdcPsc)7, (AdcClkMode)3, (AdcSpecialChannel)8388608, (AdcChannel)16, (AdcSamplTime)7, void>::adc_enable()
 .text._ZN5Adc12IL11AdcInstance0EL6AdcPsc7EL10AdcClkMode3EL17AdcSpecialChannel8388608EL10AdcChannel16EL12AdcSamplTime7EvE3logEPKc
                0x08000fbc       0x16 CMakeFiles/firmware.elf.dir/src/main.cpp.obj
                0x08000fbc                Adc12<(AdcInstance)0, (AdcPsc)7, (AdcClkMode)3, (AdcSpecialChannel)8388608, (AdcChannel)16, (AdcSamplTime)7, void>::log(char const*)
 *fill*         0x08000fd2        0x2 
 .text._ZN4GpioIL8GpioPort0ELh2EL8GpioMode2EL9GpioSpeed3EL8GpioPull0EL6GpioAF7EL9GpioOType0EL11GpioIrqEdge4EE11enableClockEv
                0x08000fd4       0x20 CMakeFiles/firmware.elf.dir/src/main.cpp.obj
                0x08000fd4                Gpio<(GpioPort)0, (unsigned char)2, (GpioMode)2, (GpioSpeed)3, (GpioPull)0, (GpioAF)7, (GpioOType)0, (GpioIrqEdge)4>::enableClock()
 .text._ZN4GpioIL8GpioPort0ELh2EL8GpioMode2EL9GpioSpeed3EL8GpioPull0EL6GpioAF7EL9GpioOType0EL11GpioIrqEdge4EE7setModeES1_
                0x08000ff4       0x2e CMakeFiles/firmware.elf.dir/src/main.cpp.obj
                0x08000ff4                Gpio<(GpioPort)0, (unsigned char)2, (GpioMode)2, (GpioSpeed)3, (GpioPull)0, (GpioAF)7, (GpioOType)0, (GpioIrqEdge)4>::setMode(GpioMode)
 .text._ZN4GpioIL8GpioPort0ELh2EL8GpioMode2EL9GpioSpeed3EL8GpioPull0EL6GpioAF7EL9GpioOType0EL11GpioIrqEdge4EE5setAFES4_
                0x08001022       0x2e CMakeFiles/firmware.elf.dir/src/main.cpp.obj
                0x08001022                Gpio<(GpioPort)0, (unsigned char)2, (GpioMode)2, (GpioSpeed)3, (GpioPull)0, (GpioAF)7, (GpioOType)0, (GpioIrqEdge)4>::setAF(GpioAF)
 .text._ZN4GpioIL8GpioPort0ELh2EL8GpioMode2EL9GpioSpeed3EL8GpioPull0EL6GpioAF7EL9GpioOType0EL11GpioIrqEdge4EE8setSpeedES2_
                0x08001050       0x2e CMakeFiles/firmware.elf.dir/src/main.cpp.obj
                0x08001050                Gpio<(GpioPort)0, (unsigned char)2, (GpioMode)2, (GpioSpeed)3, (GpioPull)0, (GpioAF)7, (GpioOType)0, (GpioIrqEdge)4>::setSpeed(GpioSpeed)
 .text._ZN4GpioIL8GpioPort0ELh2EL8GpioMode2EL9GpioSpeed3EL8GpioPull0EL6GpioAF7EL9GpioOType0EL11GpioIrqEdge4EE7setPullES3_
                0x0800107e       0x2e CMakeFiles/firmware.elf.dir/src/main.cpp.obj
                0x0800107e                Gpio<(GpioPort)0, (unsigned char)2, (GpioMode)2, (GpioSpeed)3, (GpioPull)0, (GpioAF)7, (GpioOType)0, (GpioIrqEdge)4>::setPull(GpioPull)
 .text._ZN4GpioIL8GpioPort0ELh2EL8GpioMode2EL9GpioSpeed3EL8GpioPull0EL6GpioAF7EL9GpioOType0EL11GpioIrqEdge4EE8setOTypeES5_
                0x080010ac       0x20 CMakeFiles/firmware.elf.dir/src/main.cpp.obj
                0x080010ac                Gpio<(GpioPort)0, (unsigned char)2, (GpioMode)2, (GpioSpeed)3, (GpioPull)0, (GpioAF)7, (GpioOType)0, (GpioIrqEdge)4>::setOType(GpioOType)
 .text._ZN4GpioIL8GpioPort0ELh3EL8GpioMode2EL9GpioSpeed3EL8GpioPull0EL6GpioAF7EL9GpioOType0EL11GpioIrqEdge4EE11enableClockEv
                0x080010cc       0x20 CMakeFiles/firmware.elf.dir/src/main.cpp.obj
                0x080010cc                Gpio<(GpioPort)0, (unsigned char)3, (GpioMode)2, (GpioSpeed)3, (GpioPull)0, (GpioAF)7, (GpioOType)0, (GpioIrqEdge)4>::enableClock()
 .text._ZN4GpioIL8GpioPort0ELh3EL8GpioMode2EL9GpioSpeed3EL8GpioPull0EL6GpioAF7EL9GpioOType0EL11GpioIrqEdge4EE7setModeES1_
                0x080010ec       0x2e CMakeFiles/firmware.elf.dir/src/main.cpp.obj
                0x080010ec                Gpio<(GpioPort)0, (unsigned char)3, (GpioMode)2, (GpioSpeed)3, (GpioPull)0, (GpioAF)7, (GpioOType)0, (GpioIrqEdge)4>::setMode(GpioMode)
 .text._ZN4GpioIL8GpioPort0ELh3EL8GpioMode2EL9GpioSpeed3EL8GpioPull0EL6GpioAF7EL9GpioOType0EL11GpioIrqEdge4EE5setAFES4_
                0x0800111a       0x2e CMakeFiles/firmware.elf.dir/src/main.cpp.obj
                0x0800111a                Gpio<(GpioPort)0, (unsigned char)3, (GpioMode)2, (GpioSpeed)3, (GpioPull)0, (GpioAF)7, (GpioOType)0, (GpioIrqEdge)4>::setAF(GpioAF)
 .text._ZN4GpioIL8GpioPort0ELh3EL8GpioMode2EL9GpioSpeed3EL8GpioPull0EL6GpioAF7EL9GpioOType0EL11GpioIrqEdge4EE8setSpeedES2_
                0x08001148       0x2e CMakeFiles/firmware.elf.dir/src/main.cpp.obj
                0x08001148                Gpio<(GpioPort)0, (unsigned char)3, (GpioMode)2, (GpioSpeed)3, (GpioPull)0, (GpioAF)7, (GpioOType)0, (GpioIrqEdge)4>::setSpeed(GpioSpeed)
 .text._ZN4GpioIL8GpioPort0ELh3EL8GpioMode2EL9GpioSpeed3EL8GpioPull0EL6GpioAF7EL9GpioOType0EL11GpioIrqEdge4EE7setPullES3_
                0x08001176       0x2e CMakeFiles/firmware.elf.dir/src/main.cpp.obj
                0x08001176                Gpio<(GpioPort)0, (unsigned char)3, (GpioMode)2, (GpioSpeed)3, (GpioPull)0, (GpioAF)7, (GpioOType)0, (GpioIrqEdge)4>::setPull(GpioPull)
 .text._ZN4GpioIL8GpioPort0ELh3EL8GpioMode2EL9GpioSpeed3EL8GpioPull0EL6GpioAF7EL9GpioOType0EL11GpioIrqEdge4EE8setOTypeES5_
                0x080011a4       0x20 CMakeFiles/firmware.elf.dir/src/main.cpp.obj
                0x080011a4                Gpio<(GpioPort)0, (unsigned char)3, (GpioMode)2, (GpioSpeed)3, (GpioPull)0, (GpioAF)7, (GpioOType)0, (GpioIrqEdge)4>::setOType(GpioOType)
 .text._ZN5Adc12IL11AdcInstance0EL6AdcPsc7EL10AdcClkMode3EL17AdcSpecialChannel8388608EL10AdcChannel16EL12AdcSamplTime7EvE11us_to_ticksEm
                0x080011c4       0x18 CMakeFiles/firmware.elf.dir/src/main.cpp.obj
                0x080011c4                Adc12<(AdcInstance)0, (AdcPsc)7, (AdcClkMode)3, (AdcSpecialChannel)8388608, (AdcChannel)16, (AdcSamplTime)7, void>::us_to_ticks(unsigned long)
 .text._ZN5Adc12IL11AdcInstance0EL6AdcPsc7EL10AdcClkMode3EL17AdcSpecialChannel8388608EL10AdcChannel16EL12AdcSamplTime7EvE17adc_ticks_to_hclkEmm
                0x080011dc       0x58 CMakeFiles/firmware.elf.dir/src/main.cpp.obj
                0x080011dc                Adc12<(AdcInstance)0, (AdcPsc)7, (AdcClkMode)3, (AdcSpecialChannel)8388608, (AdcChannel)16, (AdcSamplTime)7, void>::adc_ticks_to_hclk(unsigned long, unsigned long)
 .text._ZN9BlinkTaskI4GpioIL8GpioPort0ELh5EL8GpioMode1EL9GpioSpeed0EL8GpioPull0EL6GpioAF0EL9GpioOType0EL11GpioIrqEdge4EEE3runEv
                0x08001234       0x1c CMakeFiles/firmware.elf.dir/src/main.cpp.obj
                0x08001234                BlinkTask<Gpio<(GpioPort)0, (unsigned char)5, (GpioMode)1, (GpioSpeed)0, (GpioPull)0, (GpioAF)0, (GpioOType)0, (GpioIrqEdge)4> >::run()
 .text._ZN10LoggerTaskI4UartILi2ELi115200EL7UartIRQ3ELh15EEE3runEv
                0x08001250       0x7c CMakeFiles/firmware.elf.dir/src/main.cpp.obj
                0x08001250                LoggerTask<Uart<2, 115200, (UartIRQ)3, (unsigned char)15> >::run()
 .text._ZN10SensorTaskI5Adc12IL11AdcInstance0EL6AdcPsc7EL10AdcClkMode3EL17AdcSpecialChannel8388608EL10AdcChannel16EL12AdcSamplTime7EvEE3runEv
                0x080012cc       0xb0 CMakeFiles/firmware.elf.dir/src/main.cpp.obj
                0x080012cc                SensorTask<Adc12<(AdcInstance)0, (AdcPsc)7, (AdcClkMode)3, (AdcSpecialChannel)8388608, (AdcChannel)16, (AdcSamplTime)7, void> >::run()
 .text._ZN4GpioIL8GpioPort0ELh5EL8GpioMode1EL9GpioSpeed0EL8GpioPull0EL6GpioAF0EL9GpioOType0EL11GpioIrqEdge4EE6toggleEv
                0x0800137c       0x16 CMakeFiles/firmware.elf.dir/src/main.cpp.obj
                0x0800137c                Gpio<(GpioPort)0, (unsigned char)5, (GpioMode)1, (GpioSpeed)0, (GpioPull)0, (GpioAF)0, (GpioOType)0, (GpioIrqEdge)4>::toggle()
 .text._ZN4UartILi2ELi115200EL7UartIRQ3ELh15EE4sendEPKc
                0x08001392       0x42 CMakeFiles/firmware.elf.dir/src/main.cpp.obj
                0x08001392                Uart<2, 115200, (UartIRQ)3, (unsigned char)15>::send(char const*)
 .text._ZN5Adc12IL11AdcInstance0EL6AdcPsc7EL10AdcClkMode3EL17AdcSpecialChannel8388608EL10AdcChannel16EL12AdcSamplTime7EvE16start_conversionERt
                0x080013d4       0x7e CMakeFiles/firmware.elf.dir/src/main.cpp.obj
                0x080013d4                Adc12<(AdcInstance)0, (AdcPsc)7, (AdcClkMode)3, (AdcSpecialChannel)8388608, (AdcChannel)16, (AdcSamplTime)7, void>::start_conversion(unsigned short&)
 .text._ZN10SensorTaskI5Adc12IL11AdcInstance0EL6AdcPsc7EL10AdcClkMode3EL17AdcSpecialChannel8388608EL10AdcChannel16EL12AdcSamplTime7EvEE13map_adc_errorE8AdcError
                0x08001452       0x22 CMakeFiles/firmware.elf.dir/src/main.cpp.obj
                0x08001452                SensorTask<Adc12<(AdcInstance)0, (AdcPsc)7, (AdcClkMode)3, (AdcSpecialChannel)8388608, (AdcChannel)16, (AdcSamplTime)7, void> >::map_adc_error(AdcError)
 .text._ZN4UartILi2ELi115200EL7UartIRQ3ELh15EE8sendCharEct
                0x08001474       0x5c CMakeFiles/firmware.elf.dir/src/main.cpp.obj
                0x08001474                Uart<2, 115200, (UartIRQ)3, (unsigned char)15>::sendChar(char, unsigned short)
 .text._ZN4UartILi2ELi115200EL7UartIRQ3ELh15EE11us_to_ticksEm
                0x080014d0       0x18 CMakeFiles/firmware.elf.dir/src/main.cpp.obj
                0x080014d0                Uart<2, 115200, (UartIRQ)3, (unsigned char)15>::us_to_ticks(unsigned long)
 .text.Reset_Handler
                0x080014e8       0x50 CMakeFiles/firmware.elf.dir/src/startup_stm32g431xx.s.obj
                0x080014e8                Reset_Handler
 .text.Default_Handler
                0x08001538        0x2 CMakeFiles/firmware.elf.dir/src/startup_stm32g431xx.s.obj
                0x08001538                RTC_Alarm_IRQHandler
                0x08001538                EXTI2_IRQHandler
                0x08001538                TIM8_TRG_COM_IRQHandler
                0x08001538                TIM8_CC_IRQHandler
                0x08001538                DebugMon_Handler
                0x08001538                TIM1_CC_IRQHandler
                0x08001538                HardFault_Handler
                0x08001538                USB_HP_IRQHandler
                0x08001538                CORDIC_IRQHandler
                0x08001538                NMI_Handler
                0x08001538                EXTI3_IRQHandler
                0x08001538                I2C3_ER_IRQHandler
                0x08001538                EXTI0_IRQHandler
                0x08001538                I2C2_EV_IRQHandler
                0x08001538                FPU_IRQHandler
                0x08001538                FDCAN1_IT1_IRQHandler
                0x08001538                TIM1_UP_TIM16_IRQHandler
                0x08001538                UsageFault_Handler
                0x08001538                ADC1_2_IRQHandler
                0x08001538                SPI1_IRQHandler
                0x08001538                TIM6_DAC_IRQHandler
                0x08001538                TIM8_UP_IRQHandler
                0x08001538                DMA2_Channel2_IRQHandler
                0x08001538                DMA1_Channel4_IRQHandler
                0x08001538                USART3_IRQHandler
                0x08001538                TIM4_IRQHandler
                0x08001538                DMA2_Channel1_IRQHandler
                0x08001538                I2C1_EV_IRQHandler
                0x08001538                DMA1_Channel6_IRQHandler
                0x08001538                UART4_IRQHandler
                0x08001538                DMA2_Channel4_IRQHandler
                0x08001538                TIM3_IRQHandler
                0x08001538                RCC_IRQHandler
                0x08001538                DMA1_Channel1_IRQHandler
                0x08001538                Default_Handler
                0x08001538                RTC_TAMP_LSECSS_IRQHandler
                0x08001538                FMAC_IRQHandler
                0x08001538                EXTI15_10_IRQHandler
                0x08001538                TIM7_IRQHandler
                0x08001538                UCPD1_IRQHandler
                0x08001538                I2C3_EV_IRQHandler
                0x08001538                EXTI9_5_IRQHandler
                0x08001538                RTC_WKUP_IRQHandler
                0x08001538                PVD_PVM_IRQHandler
                0x08001538                SPI2_IRQHandler
                0x08001538                MemManage_Handler
                0x08001538                DMA2_Channel5_IRQHandler
                0x08001538                CRS_IRQHandler
                0x08001538                DMA1_Channel5_IRQHandler
                0x08001538                USB_LP_IRQHandler
                0x08001538                EXTI4_IRQHandler
                0x08001538                RNG_IRQHandler
                0x08001538                TIM1_TRG_COM_TIM17_IRQHandler
                0x08001538                DMA1_Channel3_IRQHandler
                0x08001538                WWDG_IRQHandler
                0x08001538                LPUART1_IRQHandler
                0x08001538                DMA2_Channel6_IRQHandler
                0x08001538                FDCAN1_IT0_IRQHandler
                0x08001538                TIM2_IRQHandler
                0x08001538                COMP1_2_3_IRQHandler
                0x08001538                EXTI1_IRQHandler
                0x08001538                USART2_IRQHandler
                0x08001538                I2C2_ER_IRQHandler
                0x08001538                DMA1_Channel2_IRQHandler
                0x08001538                TIM8_BRK_IRQHandler
                0x08001538                FLASH_IRQHandler
                0x08001538                BusFault_Handler
                0x08001538                USART1_IRQHandler
                0x08001538                SPI3_IRQHandler
                0x08001538                I2C1_ER_IRQHandler
                0x08001538                LPTIM1_IRQHandler
                0x08001538                DMAMUX_OVR_IRQHandler
                0x08001538                USBWakeUp_IRQHandler
                0x08001538                SAI1_IRQHandler
                0x08001538                DMA2_Channel3_IRQHandler
                0x08001538                COMP4_IRQHandler
                0x08001538                TIM1_BRK_TIM15_IRQHandler
 *fill*         0x0800153a        0x2 
 .text.SystemInit
                0x0800153c      0x10c CMakeFiles/firmware.elf.dir/src/system_stm32g4xx.c.obj
                0x0800153c                SystemInit
 .text.SystemCoreClockUpdate
                0x08001648       0xd4 CMakeFiles/firmware.elf.dir/src/system_stm32g4xx.c.obj
                0x08001648                SystemCoreClockUpdate
 .text.prvCreateStaticTask
                0x0800171c       0xc2 CMakeFiles/firmware.elf.dir/C_/ST/Repository/STM32-FreeRTOS-cpp/freertos/tasks.c.obj
 .text.xTaskCreateStatic
                0x080017de       0x48 CMakeFiles/firmware.elf.dir/C_/ST/Repository/STM32-FreeRTOS-cpp/freertos/tasks.c.obj
                0x080017de                xTaskCreateStatic
 .text.prvCreateTask
                0x08001826       0x80 CMakeFiles/firmware.elf.dir/C_/ST/Repository/STM32-FreeRTOS-cpp/freertos/tasks.c.obj
 .text.xTaskCreate
                0x080018a6       0x46 CMakeFiles/firmware.elf.dir/C_/ST/Repository/STM32-FreeRTOS-cpp/freertos/tasks.c.obj
                0x080018a6                xTaskCreate
 .text.prvInitialiseNewTask
                0x080018ec      0x122 CMakeFiles/firmware.elf.dir/C_/ST/Repository/STM32-FreeRTOS-cpp/freertos/tasks.c.obj
 *fill*         0x08001a0e        0x2 
 .text.prvAddNewTaskToReadyList
                0x08001a10      0x12c CMakeFiles/firmware.elf.dir/C_/ST/Repository/STM32-FreeRTOS-cpp/freertos/tasks.c.obj
 .text.xTaskDelayUntil
                0x08001b3c      0x150 CMakeFiles/firmware.elf.dir/C_/ST/Repository/STM32-FreeRTOS-cpp/freertos/tasks.c.obj
                0x08001b3c                xTaskDelayUntil
 .text.vTaskDelay
                0x08001c8c       0x70 CMakeFiles/firmware.elf.dir/C_/ST/Repository/STM32-FreeRTOS-cpp/freertos/tasks.c.obj
                0x08001c8c                vTaskDelay
 .text.prvCreateIdleTasks
                0x08001cfc       0xec CMakeFiles/firmware.elf.dir/C_/ST/Repository/STM32-FreeRTOS-cpp/freertos/tasks.c.obj
 .text.vTaskStartScheduler
                0x08001de8       0x98 CMakeFiles/firmware.elf.dir/C_/ST/Repository/STM32-FreeRTOS-cpp/freertos/tasks.c.obj
                0x08001de8                vTaskStartScheduler
 .text.vTaskSuspendAll
                0x08001e80       0x1c CMakeFiles/firmware.elf.dir/C_/ST/Repository/STM32-FreeRTOS-cpp/freertos/tasks.c.obj
                0x08001e80                vTaskSuspendAll
 .text.xTaskResumeAll
                0x08001e9c      0x22c CMakeFiles/firmware.elf.dir/C_/ST/Repository/STM32-FreeRTOS-cpp/freertos/tasks.c.obj
                0x08001e9c                xTaskResumeAll
 .text.xTaskGetTickCount
                0x080020c8       0x2c CMakeFiles/firmware.elf.dir/C_/ST/Repository/STM32-FreeRTOS-cpp/freertos/tasks.c.obj
                0x080020c8                xTaskGetTickCount
 .text.xTaskIncrementTick
                0x080020f4      0x26c CMakeFiles/firmware.elf.dir/C_/ST/Repository/STM32-FreeRTOS-cpp/freertos/tasks.c.obj
                0x080020f4                xTaskIncrementTick
 .text.vTaskSwitchContext
                0x08002360       0xc0 CMakeFiles/firmware.elf.dir/C_/ST/Repository/STM32-FreeRTOS-cpp/freertos/tasks.c.obj
                0x08002360                vTaskSwitchContext
 .text.vTaskPlaceOnEventList
                0x08002420       0x50 CMakeFiles/firmware.elf.dir/C_/ST/Repository/STM32-FreeRTOS-cpp/freertos/tasks.c.obj
                0x08002420                vTaskPlaceOnEventList
 .text.vTaskPlaceOnEventListRestricted
                0x08002470       0x94 CMakeFiles/firmware.elf.dir/C_/ST/Repository/STM32-FreeRTOS-cpp/freertos/tasks.c.obj
                0x08002470                vTaskPlaceOnEventListRestricted
 .text.xTaskRemoveFromEventList
                0x08002504      0x1b8 CMakeFiles/firmware.elf.dir/C_/ST/Repository/STM32-FreeRTOS-cpp/freertos/tasks.c.obj
                0x08002504                xTaskRemoveFromEventList
 .text.vTaskInternalSetTimeOutState
                0x080026bc       0x30 CMakeFiles/firmware.elf.dir/C_/ST/Repository/STM32-FreeRTOS-cpp/freertos/tasks.c.obj
                0x080026bc                vTaskInternalSetTimeOutState
 .text.xTaskCheckForTimeOut
                0x080026ec      0x114 CMakeFiles/firmware.elf.dir/C_/ST/Repository/STM32-FreeRTOS-cpp/freertos/tasks.c.obj
                0x080026ec                xTaskCheckForTimeOut
 .text.vTaskMissedYield
                0x08002800       0x18 CMakeFiles/firmware.elf.dir/C_/ST/Repository/STM32-FreeRTOS-cpp/freertos/tasks.c.obj
                0x08002800                vTaskMissedYield
 .text.prvIdleTask
                0x08002818       0x30 CMakeFiles/firmware.elf.dir/C_/ST/Repository/STM32-FreeRTOS-cpp/freertos/tasks.c.obj
 .text.prvInitialiseTaskLists
                0x08002848       0x80 CMakeFiles/firmware.elf.dir/C_/ST/Repository/STM32-FreeRTOS-cpp/freertos/tasks.c.obj
 .text.prvCheckTasksWaitingTermination
                0x080028c8       0x5c CMakeFiles/firmware.elf.dir/C_/ST/Repository/STM32-FreeRTOS-cpp/freertos/tasks.c.obj
 .text.prvDeleteTCB
                0x08002924       0x60 CMakeFiles/firmware.elf.dir/C_/ST/Repository/STM32-FreeRTOS-cpp/freertos/tasks.c.obj
 .text.prvResetNextTaskUnblockTime
                0x08002984       0x40 CMakeFiles/firmware.elf.dir/C_/ST/Repository/STM32-FreeRTOS-cpp/freertos/tasks.c.obj
 .text.xTaskGetSchedulerState
                0x080029c4       0x3c CMakeFiles/firmware.elf.dir/C_/ST/Repository/STM32-FreeRTOS-cpp/freertos/tasks.c.obj
                0x080029c4                xTaskGetSchedulerState
 .text.xTaskPriorityDisinherit
                0x08002a00      0x148 CMakeFiles/firmware.elf.dir/C_/ST/Repository/STM32-FreeRTOS-cpp/freertos/tasks.c.obj
                0x08002a00                xTaskPriorityDisinherit
 .text.prvAddCurrentTaskToDelayedList
                0x08002b48      0x114 CMakeFiles/firmware.elf.dir/C_/ST/Repository/STM32-FreeRTOS-cpp/freertos/tasks.c.obj
 .text.vApplicationGetIdleTaskMemory
                0x08002c5c       0x34 CMakeFiles/firmware.elf.dir/C_/ST/Repository/STM32-FreeRTOS-cpp/freertos/tasks.c.obj
                0x08002c5c                vApplicationGetIdleTaskMemory
 .text.vApplicationGetTimerTaskMemory
                0x08002c90       0x34 CMakeFiles/firmware.elf.dir/C_/ST/Repository/STM32-FreeRTOS-cpp/freertos/tasks.c.obj
                0x08002c90                vApplicationGetTimerTaskMemory
 .text.vListInitialise
                0x08002cc4       0x46 CMakeFiles/firmware.elf.dir/C_/ST/Repository/STM32-FreeRTOS-cpp/freertos/list.c.obj
                0x08002cc4                vListInitialise
 .text.vListInitialiseItem
                0x08002d0a       0x1a CMakeFiles/firmware.elf.dir/C_/ST/Repository/STM32-FreeRTOS-cpp/freertos/list.c.obj
                0x08002d0a                vListInitialiseItem
 .text.vListInsert
                0x08002d24       0x86 CMakeFiles/firmware.elf.dir/C_/ST/Repository/STM32-FreeRTOS-cpp/freertos/list.c.obj
                0x08002d24                vListInsert
 .text.uxListRemove
                0x08002daa       0x54 CMakeFiles/firmware.elf.dir/C_/ST/Repository/STM32-FreeRTOS-cpp/freertos/list.c.obj
                0x08002daa                uxListRemove
 *fill*         0x08002dfe        0x2 
 .text.xQueueGenericReset
                0x08002e00      0x124 CMakeFiles/firmware.elf.dir/C_/ST/Repository/STM32-FreeRTOS-cpp/freertos/queue.c.obj
                0x08002e00                xQueueGenericReset
 .text.xQueueGenericCreateStatic
                0x08002f24       0xc2 CMakeFiles/firmware.elf.dir/C_/ST/Repository/STM32-FreeRTOS-cpp/freertos/queue.c.obj
                0x08002f24                xQueueGenericCreateStatic
 .text.xQueueGenericCreate
                0x08002fe6       0xa6 CMakeFiles/firmware.elf.dir/C_/ST/Repository/STM32-FreeRTOS-cpp/freertos/queue.c.obj
                0x08002fe6                xQueueGenericCreate
 .text.prvInitialiseNewQueue
                0x0800308c       0x3e CMakeFiles/firmware.elf.dir/C_/ST/Repository/STM32-FreeRTOS-cpp/freertos/queue.c.obj
 *fill*         0x080030ca        0x2 
 .text.xQueueGenericSend
                0x080030cc      0x20c CMakeFiles/firmware.elf.dir/C_/ST/Repository/STM32-FreeRTOS-cpp/freertos/queue.c.obj
                0x080030cc                xQueueGenericSend
 .text.xQueueReceive
                0x080032d8      0x1cc CMakeFiles/firmware.elf.dir/C_/ST/Repository/STM32-FreeRTOS-cpp/freertos/queue.c.obj
                0x080032d8                xQueueReceive
 .text.prvCopyDataToQueue
                0x080034a4       0xd4 CMakeFiles/firmware.elf.dir/C_/ST/Repository/STM32-FreeRTOS-cpp/freertos/queue.c.obj
 .text.prvCopyDataFromQueue
                0x08003578       0x4c CMakeFiles/firmware.elf.dir/C_/ST/Repository/STM32-FreeRTOS-cpp/freertos/queue.c.obj
 .text.prvUnlockQueue
                0x080035c4       0xa4 CMakeFiles/firmware.elf.dir/C_/ST/Repository/STM32-FreeRTOS-cpp/freertos/queue.c.obj
 .text.prvIsQueueEmpty
                0x08003668       0x2c CMakeFiles/firmware.elf.dir/C_/ST/Repository/STM32-FreeRTOS-cpp/freertos/queue.c.obj
 .text.prvIsQueueFull
                0x08003694       0x30 CMakeFiles/firmware.elf.dir/C_/ST/Repository/STM32-FreeRTOS-cpp/freertos/queue.c.obj
 .text.vQueueWaitForMessageRestricted
                0x080036c4       0x6e CMakeFiles/firmware.elf.dir/C_/ST/Repository/STM32-FreeRTOS-cpp/freertos/queue.c.obj
                0x080036c4                vQueueWaitForMessageRestricted
 *fill*         0x08003732        0x2 
 .text.xTimerCreateTimerTask
                0x08003734       0x94 CMakeFiles/firmware.elf.dir/C_/ST/Repository/STM32-FreeRTOS-cpp/freertos/timers.c.obj
                0x08003734                xTimerCreateTimerTask
 .text.prvReloadTimer
                0x080037c8       0x6a CMakeFiles/firmware.elf.dir/C_/ST/Repository/STM32-FreeRTOS-cpp/freertos/timers.c.obj
 *fill*         0x08003832        0x2 
 .text.prvProcessExpiredTimer
                0x08003834       0x6c CMakeFiles/firmware.elf.dir/C_/ST/Repository/STM32-FreeRTOS-cpp/freertos/timers.c.obj
 .text.prvTimerTask
                0x080038a0       0x2a CMakeFiles/firmware.elf.dir/C_/ST/Repository/STM32-FreeRTOS-cpp/freertos/timers.c.obj
 *fill*         0x080038ca        0x2 
 .text.prvProcessTimerOrBlockTask
                0x080038cc       0xb8 CMakeFiles/firmware.elf.dir/C_/ST/Repository/STM32-FreeRTOS-cpp/freertos/timers.c.obj
 .text.prvGetNextExpireTime
                0x08003984       0x58 CMakeFiles/firmware.elf.dir/C_/ST/Repository/STM32-FreeRTOS-cpp/freertos/timers.c.obj
 .text.prvSampleTimeNow
                0x080039dc       0x50 CMakeFiles/firmware.elf.dir/C_/ST/Repository/STM32-FreeRTOS-cpp/freertos/timers.c.obj
 .text.prvInsertTimerInActiveList
                0x08003a2c       0xac CMakeFiles/firmware.elf.dir/C_/ST/Repository/STM32-FreeRTOS-cpp/freertos/timers.c.obj
 .text.prvProcessReceivedCommands
                0x08003ad8      0x1f4 CMakeFiles/firmware.elf.dir/C_/ST/Repository/STM32-FreeRTOS-cpp/freertos/timers.c.obj
 .text.prvSwitchTimerLists
                0x08003ccc       0x54 CMakeFiles/firmware.elf.dir/C_/ST/Repository/STM32-FreeRTOS-cpp/freertos/timers.c.obj
 .text.prvCheckForValidListAndQueue
                0x08003d20       0x68 CMakeFiles/firmware.elf.dir/C_/ST/Repository/STM32-FreeRTOS-cpp/freertos/timers.c.obj
 .text.pxPortInitialiseStack
                0x08003d88       0x68 CMakeFiles/firmware.elf.dir/C_/ST/Repository/STM32-FreeRTOS-cpp/freertos/portable/GCC/ARM_CM4F/port.c.obj
                0x08003d88                pxPortInitialiseStack
 .text.prvTaskExitError
                0x08003df0       0x5c CMakeFiles/firmware.elf.dir/C_/ST/Repository/STM32-FreeRTOS-cpp/freertos/portable/GCC/ARM_CM4F/port.c.obj
 .text.vPortSVCHandler
                0x08003e4c       0x24 CMakeFiles/firmware.elf.dir/C_/ST/Repository/STM32-FreeRTOS-cpp/freertos/portable/GCC/ARM_CM4F/port.c.obj
                0x08003e4c                vPortSVCHandler
 .text.prvPortStartFirstTask
                0x08003e70       0x2c CMakeFiles/firmware.elf.dir/C_/ST/Repository/STM32-FreeRTOS-cpp/freertos/portable/GCC/ARM_CM4F/port.c.obj
 .text.xPortStartScheduler
                0x08003e9c      0x1e0 CMakeFiles/firmware.elf.dir/C_/ST/Repository/STM32-FreeRTOS-cpp/freertos/portable/GCC/ARM_CM4F/port.c.obj
                0x08003e9c                xPortStartScheduler
 .text.vPortEnterCritical
                0x0800407c       0x64 CMakeFiles/firmware.elf.dir/C_/ST/Repository/STM32-FreeRTOS-cpp/freertos/portable/GCC/ARM_CM4F/port.c.obj
                0x0800407c                vPortEnterCritical
 .text.vPortExitCritical
                0x080040e0       0x54 CMakeFiles/firmware.elf.dir/C_/ST/Repository/STM32-FreeRTOS-cpp/freertos/portable/GCC/ARM_CM4F/port.c.obj
                0x080040e0                vPortExitCritical
 .text.xPortPendSVHandler
                0x08004134       0x64 CMakeFiles/firmware.elf.dir/C_/ST/Repository/STM32-FreeRTOS-cpp/freertos/portable/GCC/ARM_CM4F/port.c.obj
                0x08004134                xPortPendSVHandler
 .text.xPortSysTickHandler
                0x08004198       0x44 CMakeFiles/firmware.elf.dir/C_/ST/Repository/STM32-FreeRTOS-cpp/freertos/portable/GCC/ARM_CM4F/port.c.obj
                0x08004198                xPortSysTickHandler
 .text.vPortSetupTimerInterrupt
                0x080041dc       0x38 CMakeFiles/firmware.elf.dir/C_/ST/Repository/STM32-FreeRTOS-cpp/freertos/portable/GCC/ARM_CM4F/port.c.obj
                0x080041dc                vPortSetupTimerInterrupt
 .text.vPortEnableVFP
                0x08004214       0x18 CMakeFiles/firmware.elf.dir/C_/ST/Repository/STM32-FreeRTOS-cpp/freertos/portable/GCC/ARM_CM4F/port.c.obj
 .text.pvPortMalloc
                0x0800422c      0x270 CMakeFiles/firmware.elf.dir/C_/ST/Repository/STM32-FreeRTOS-cpp/freertos/portable/MemMang/heap_4.c.obj
                0x0800422c                pvPortMalloc
 .text.vPortFree
                0x0800449c      0x10c CMakeFiles/firmware.elf.dir/C_/ST/Repository/STM32-FreeRTOS-cpp/freertos/portable/MemMang/heap_4.c.obj
                0x0800449c                vPortFree
 .text.prvHeapInit
                0x080045a8       0xb4 CMakeFiles/firmware.elf.dir/C_/ST/Repository/STM32-FreeRTOS-cpp/freertos/portable/MemMang/heap_4.c.obj
 .text.prvInsertBlockIntoFreeList
                0x0800465c       0xf4 CMakeFiles/firmware.elf.dir/C_/ST/Repository/STM32-FreeRTOS-cpp/freertos/portable/MemMang/heap_4.c.obj
 .text.__aeabi_atexit
                0x08004750        0xa c:/ST/Repository/STM32-FreeRTOS-cpp/STM32TOOLS/GCC/bin/../lib/gcc/arm-none-eabi/13.3.1/../../../../arm-none-eabi/lib/thumb/v7e-m+fp/hard\libstdc++_nano.a(atexit_arm.o)
                0x08004750                __aeabi_atexit
 .text.__cxa_guard_acquire
                0x0800475a       0x18 c:/ST/Repository/STM32-FreeRTOS-cpp/STM32TOOLS/GCC/bin/../lib/gcc/arm-none-eabi/13.3.1/../../../../arm-none-eabi/lib/thumb/v7e-m+fp/hard\libstdc++_nano.a(guard.o)
                0x0800475a                __cxa_guard_acquire
 .text.__cxa_guard_release
                0x08004772        0x6 c:/ST/Repository/STM32-FreeRTOS-cpp/STM32TOOLS/GCC/bin/../lib/gcc/arm-none-eabi/13.3.1/../../../../arm-none-eabi/lib/thumb/v7e-m+fp/hard\libstdc++_nano.a(guard.o)
                0x08004772                __cxa_guard_release
 .text          0x08004778      0x378 c:/ST/Repository/STM32-FreeRTOS-cpp/STM32TOOLS/GCC/bin/../lib/gcc/arm-none-eabi/13.3.1/thumb/v7e-m+fp/hard\libgcc.a(_arm_addsubdf3.o)
                0x08004778                __aeabi_drsub
                0x08004780                __aeabi_dsub
                0x08004780                __subdf3
                0x08004784                __aeabi_dadd
                0x08004784                __adddf3
                0x080049fc                __floatunsidf
                0x080049fc                __aeabi_ui2d
                0x08004a1c                __floatsidf
                0x08004a1c                __aeabi_i2d
                0x08004a40                __aeabi_f2d
                0x08004a40                __extendsfdf2
                0x08004a84                __floatundidf
                0x08004a84                __aeabi_ul2d
                0x08004a94                __floatdidf
                0x08004a94                __aeabi_l2d
 .text.__cxa_atexit
                0x08004af0       0x1c c:/ST/Repository/STM32-FreeRTOS-cpp/STM32TOOLS/GCC/bin/../lib/gcc/arm-none-eabi/13.3.1/../../../../arm-none-eabi/lib/thumb/v7e-m+fp/hard\libg_nano.a(libc_a-cxa_atexit.o)
                0x08004af0                __cxa_atexit
 .text.__cvt    0x08004b0c       0xca c:/ST/Repository/STM32-FreeRTOS-cpp/STM32TOOLS/GCC/bin/../lib/gcc/arm-none-eabi/13.3.1/../../../../arm-none-eabi/lib/thumb/v7e-m+fp/hard\libg_nano.a(libc_a-nano-vfprintf_float.o)
                0x08004b0c                __cvt
 .text.__exponent
                0x08004bd6       0x74 c:/ST/Repository/STM32-FreeRTOS-cpp/STM32TOOLS/GCC/bin/../lib/gcc/arm-none-eabi/13.3.1/../../../../arm-none-eabi/lib/thumb/v7e-m+fp/hard\libg_nano.a(libc_a-nano-vfprintf_float.o)
                0x08004bd6                __exponent
 *fill*         0x08004c4a        0x2 
 .text._printf_float
                0x08004c4c      0x454 c:/ST/Repository/STM32-FreeRTOS-cpp/STM32TOOLS/GCC/bin/../lib/gcc/arm-none-eabi/13.3.1/../../../../arm-none-eabi/lib/thumb/v7e-m+fp/hard\libg_nano.a(libc_a-nano-vfprintf_float.o)
                0x08004c4c                _printf_float
 .text._printf_common
                0x080050a0       0xda c:/ST/Repository/STM32-FreeRTOS-cpp/STM32TOOLS/GCC/bin/../lib/gcc/arm-none-eabi/13.3.1/../../../../arm-none-eabi/lib/thumb/v7e-m+fp/hard\libg_nano.a(libc_a-nano-vfprintf_i.o)
                0x080050a0                _printf_common
 *fill*         0x0800517a        0x2 
 .text._printf_i
                0x0800517c      0x23c c:/ST/Repository/STM32-FreeRTOS-cpp/STM32TOOLS/GCC/bin/../lib/gcc/arm-none-eabi/13.3.1/../../../../arm-none-eabi/lib/thumb/v7e-m+fp/hard\libg_nano.a(libc_a-nano-vfprintf_i.o)
                0x0800517c                _printf_i
 .text.snprintf
                0x080053b8       0x6c c:/ST/Repository/STM32-FreeRTOS-cpp/STM32TOOLS/GCC/bin/../lib/gcc/arm-none-eabi/13.3.1/../../../../arm-none-eabi/lib/thumb/v7e-m+fp/hard\libg_nano.a(libc_a-snprintf.o)
                0x080053b8                sniprintf
                0x080053b8                snprintf
 .text.memset   0x08005424       0x10 c:/ST/Repository/STM32-FreeRTOS-cpp/STM32TOOLS/GCC/bin/../lib/gcc/arm-none-eabi/13.3.1/../../../../arm-none-eabi/lib/thumb/v7e-m+fp/hard\libg_nano.a(libc_a-memset.o)
                0x08005424                memset
 .text._localeconv_r
                0x08005434        0x8 c:/ST/Repository/STM32-FreeRTOS-cpp/STM32TOOLS/GCC/bin/../lib/gcc/arm-none-eabi/13.3.1/../../../../arm-none-eabi/lib/thumb/v7e-m+fp/hard\libg_nano.a(libc_a-localeconv.o)
                0x08005434                _localeconv_r
 .text.__libc_init_array
                0x0800543c       0x48 c:/ST/Repository/STM32-FreeRTOS-cpp/STM32TOOLS/GCC/bin/../lib/gcc/arm-none-eabi/13.3.1/../../../../arm-none-eabi/lib/thumb/v7e-m+fp/hard\libg_nano.a(libc_a-init.o)
                0x0800543c                __libc_init_array
 *fill*         0x08005484        0xc 
 .text          0x08005490       0xa0 c:/ST/Repository/STM32-FreeRTOS-cpp/STM32TOOLS/GCC/bin/../lib/gcc/arm-none-eabi/13.3.1/../../../../arm-none-eabi/lib/thumb/v7e-m+fp/hard\libg_nano.a(libc_a-memchr.o)
                0x08005490                memchr
 .text.memcpy   0x08005530       0x1c c:/ST/Repository/STM32-FreeRTOS-cpp/STM32TOOLS/GCC/bin/../lib/gcc/arm-none-eabi/13.3.1/../../../../arm-none-eabi/lib/thumb/v7e-m+fp/hard\libg_nano.a(libc_a-memcpy-stub.o)
                0x08005530                memcpy
 .text          0x0800554c       0x10 c:/ST/Repository/STM32-FreeRTOS-cpp/STM32TOOLS/GCC/bin/../lib/gcc/arm-none-eabi/13.3.1/../../../../arm-none-eabi/lib/thumb/v7e-m+fp/hard\libg_nano.a(libc_a-strlen.o)
                0x0800554c                strlen
 .text.quorem   0x0800555c      0x110 c:/ST/Repository/STM32-FreeRTOS-cpp/STM32TOOLS/GCC/bin/../lib/gcc/arm-none-eabi/13.3.1/../../../../arm-none-eabi/lib/thumb/v7e-m+fp/hard\libg_nano.a(libc_a-dtoa.o)
 *fill*         0x0800566c        0x4 
 .text._dtoa_r  0x08005670      0xba0 c:/ST/Repository/STM32-FreeRTOS-cpp/STM32TOOLS/GCC/bin/../lib/gcc/arm-none-eabi/13.3.1/../../../../arm-none-eabi/lib/thumb/v7e-m+fp/hard\libg_nano.a(libc_a-dtoa.o)
                0x08005670                _dtoa_r
 .text.malloc   0x08006210       0x10 c:/ST/Repository/STM32-FreeRTOS-cpp/STM32TOOLS/GCC/bin/../lib/gcc/arm-none-eabi/13.3.1/../../../../arm-none-eabi/lib/thumb/v7e-m+fp/hard\libg_nano.a(libc_a-malloc.o)
                0x08006210                malloc
 .text.sbrk_aligned
                0x08006220       0x44 c:/ST/Repository/STM32-FreeRTOS-cpp/STM32TOOLS/GCC/bin/../lib/gcc/arm-none-eabi/13.3.1/../../../../arm-none-eabi/lib/thumb/v7e-m+fp/hard\libg_nano.a(libc_a-mallocr.o)
 .text._malloc_r
                0x08006264      0x100 c:/ST/Repository/STM32-FreeRTOS-cpp/STM32TOOLS/GCC/bin/../lib/gcc/arm-none-eabi/13.3.1/../../../../arm-none-eabi/lib/thumb/v7e-m+fp/hard\libg_nano.a(libc_a-mallocr.o)
                0x08006264                _malloc_r
 .text.__malloc_lock
                0x08006364        0xc c:/ST/Repository/STM32-FreeRTOS-cpp/STM32TOOLS/GCC/bin/../lib/gcc/arm-none-eabi/13.3.1/../../../../arm-none-eabi/lib/thumb/v7e-m+fp/hard\libg_nano.a(libc_a-mlock.o)
                0x08006364                __malloc_lock
 .text.__malloc_unlock
                0x08006370        0xc c:/ST/Repository/STM32-FreeRTOS-cpp/STM32TOOLS/GCC/bin/../lib/gcc/arm-none-eabi/13.3.1/../../../../arm-none-eabi/lib/thumb/v7e-m+fp/hard\libg_nano.a(libc_a-mlock.o)
                0x08006370                __malloc_unlock
 .text._Balloc  0x0800637c       0x80 c:/ST/Repository/STM32-FreeRTOS-cpp/STM32TOOLS/GCC/bin/../lib/gcc/arm-none-eabi/13.3.1/../../../../arm-none-eabi/lib/thumb/v7e-m+fp/hard\libg_nano.a(libc_a-mprec.o)
                0x0800637c                _Balloc
 .text._Bfree   0x080063fc       0x44 c:/ST/Repository/STM32-FreeRTOS-cpp/STM32TOOLS/GCC/bin/../lib/gcc/arm-none-eabi/13.3.1/../../../../arm-none-eabi/lib/thumb/v7e-m+fp/hard\libg_nano.a(libc_a-mprec.o)
                0x080063fc                _Bfree
 .text.__multadd
                0x08006440       0x8c c:/ST/Repository/STM32-FreeRTOS-cpp/STM32TOOLS/GCC/bin/../lib/gcc/arm-none-eabi/13.3.1/../../../../arm-none-eabi/lib/thumb/v7e-m+fp/hard\libg_nano.a(libc_a-mprec.o)
                0x08006440                __multadd
 .text.__hi0bits
                0x080064cc       0x3e c:/ST/Repository/STM32-FreeRTOS-cpp/STM32TOOLS/GCC/bin/../lib/gcc/arm-none-eabi/13.3.1/../../../../arm-none-eabi/lib/thumb/v7e-m+fp/hard\libg_nano.a(libc_a-mprec.o)
                0x080064cc                __hi0bits
 .text.__lo0bits
                0x0800650a       0x5a c:/ST/Repository/STM32-FreeRTOS-cpp/STM32TOOLS/GCC/bin/../lib/gcc/arm-none-eabi/13.3.1/../../../../arm-none-eabi/lib/thumb/v7e-m+fp/hard\libg_nano.a(libc_a-mprec.o)
                0x0800650a                __lo0bits
 .text.__i2b    0x08006564       0x2c c:/ST/Repository/STM32-FreeRTOS-cpp/STM32TOOLS/GCC/bin/../lib/gcc/arm-none-eabi/13.3.1/../../../../arm-none-eabi/lib/thumb/v7e-m+fp/hard\libg_nano.a(libc_a-mprec.o)
                0x08006564                __i2b
 .text.__multiply
                0x08006590      0x144 c:/ST/Repository/STM32-FreeRTOS-cpp/STM32TOOLS/GCC/bin/../lib/gcc/arm-none-eabi/13.3.1/../../../../arm-none-eabi/lib/thumb/v7e-m+fp/hard\libg_nano.a(libc_a-mprec.o)
                0x08006590                __multiply
 .text.__pow5mult
                0x080066d4       0xb4 c:/ST/Repository/STM32-FreeRTOS-cpp/STM32TOOLS/GCC/bin/../lib/gcc/arm-none-eabi/13.3.1/../../../../arm-none-eabi/lib/thumb/v7e-m+fp/hard\libg_nano.a(libc_a-mprec.o)
                0x080066d4                __pow5mult
 .text.__lshift
                0x08006788       0xd8 c:/ST/Repository/STM32-FreeRTOS-cpp/STM32TOOLS/GCC/bin/../lib/gcc/arm-none-eabi/13.3.1/../../../../arm-none-eabi/lib/thumb/v7e-m+fp/hard\libg_nano.a(libc_a-mprec.o)
                0x08006788                __lshift
 .text.__mcmp   0x08006860       0x36 c:/ST/Repository/STM32-FreeRTOS-cpp/STM32TOOLS/GCC/bin/../lib/gcc/arm-none-eabi/13.3.1/../../../../arm-none-eabi/lib/thumb/v7e-m+fp/hard\libg_nano.a(libc_a-mprec.o)
                0x08006860                __mcmp
 *fill*         0x08006896        0x2 
 .text.__mdiff  0x08006898      0x128 c:/ST/Repository/STM32-FreeRTOS-cpp/STM32TOOLS/GCC/bin/../lib/gcc/arm-none-eabi/13.3.1/../../../../arm-none-eabi/lib/thumb/v7e-m+fp/hard\libg_nano.a(libc_a-mprec.o)
                0x08006898                __mdiff
 .text.__d2b    0x080069c0       0xb0 c:/ST/Repository/STM32-FreeRTOS-cpp/STM32TOOLS/GCC/bin/../lib/gcc/arm-none-eabi/13.3.1/../../../../arm-none-eabi/lib/thumb/v7e-m+fp/hard\libg_nano.a(libc_a-mprec.o)
                0x080069c0                __d2b
 .text.__ssputs_r
                0x08006a70       0xb6 c:/ST/Repository/STM32-FreeRTOS-cpp/STM32TOOLS/GCC/bin/../lib/gcc/arm-none-eabi/13.3.1/../../../../arm-none-eabi/lib/thumb/v7e-m+fp/hard\libg_nano.a(libc_a-nano-svfprintf.o)
                0x08006a70                __ssputs_r
 *fill*         0x08006b26        0x2 
 .text._svfprintf_r
                0x08006b28      0x1f8 c:/ST/Repository/STM32-FreeRTOS-cpp/STM32TOOLS/GCC/bin/../lib/gcc/arm-none-eabi/13.3.1/../../../../arm-none-eabi/lib/thumb/v7e-m+fp/hard\libg_nano.a(libc_a-nano-svfprintf.o)
                0x08006b28                _svfiprintf_r
                0x08006b28                _svfprintf_r
 .text.memmove  0x08006d20       0x34 c:/ST/Repository/STM32-FreeRTOS-cpp/STM32TOOLS/GCC/bin/../lib/gcc/arm-none-eabi/13.3.1/../../../../arm-none-eabi/lib/thumb/v7e-m+fp/hard\libg_nano.a(libc_a-memmove.o)
                0x08006d20                memmove
 .text._sbrk_r  0x08006d54       0x20 c:/ST/Repository/STM32-FreeRTOS-cpp/STM32TOOLS/GCC/bin/../lib/gcc/arm-none-eabi/13.3.1/../../../../arm-none-eabi/lib/thumb/v7e-m+fp/hard\libg_nano.a(libc_a-sbrkr.o)
                0x08006d54                _sbrk_r
 .text.__retarget_lock_init_recursive
                0x08006d74        0x2 c:/ST/Repository/STM32-FreeRTOS-cpp/STM32TOOLS/GCC/bin/../lib/gcc/arm-none-eabi/13.3.1/../../../../arm-none-eabi/lib/thumb/v7e-m+fp/hard\libg_nano.a(libc_a-lock.o)
                0x08006d74                __retarget_lock_init_recursive
 .text.__retarget_lock_acquire_recursive
                0x08006d76        0x2 c:/ST/Repository/STM32-FreeRTOS-cpp/STM32TOOLS/GCC/bin/../lib/gcc/arm-none-eabi/13.3.1/../../../../arm-none-eabi/lib/thumb/v7e-m+fp/hard\libg_nano.a(libc_a-lock.o)
                0x08006d76                __retarget_lock_acquire_recursive
 .text.__retarget_lock_release_recursive
                0x08006d78        0x2 c:/ST/Repository/STM32-FreeRTOS-cpp/STM32TOOLS/GCC/bin/../lib/gcc/arm-none-eabi/13.3.1/../../../../arm-none-eabi/lib/thumb/v7e-m+fp/hard\libg_nano.a(libc_a-lock.o)
                0x08006d78                __retarget_lock_release_recursive
 *fill*         0x08006d7a        0x2 
 .text.__assert_func
                0x08006d7c       0x3c c:/ST/Repository/STM32-FreeRTOS-cpp/STM32TOOLS/GCC/bin/../lib/gcc/arm-none-eabi/13.3.1/../../../../arm-none-eabi/lib/thumb/v7e-m+fp/hard\libg_nano.a(libc_a-assert.o)
                0x08006d7c                __assert_func
 .text._calloc_r
                0x08006db8       0x28 c:/ST/Repository/STM32-FreeRTOS-cpp/STM32TOOLS/GCC/bin/../lib/gcc/arm-none-eabi/13.3.1/../../../../arm-none-eabi/lib/thumb/v7e-m+fp/hard\libg_nano.a(libc_a-callocr.o)
                0x08006db8                _calloc_r
 .text._free_r  0x08006de0       0x94 c:/ST/Repository/STM32-FreeRTOS-cpp/STM32TOOLS/GCC/bin/../lib/gcc/arm-none-eabi/13.3.1/../../../../arm-none-eabi/lib/thumb/v7e-m+fp/hard\libg_nano.a(libc_a-freer.o)
                0x08006de0                _free_r
 .text.__ascii_mbtowc
                0x08006e74       0x24 c:/ST/Repository/STM32-FreeRTOS-cpp/STM32TOOLS/GCC/bin/../lib/gcc/arm-none-eabi/13.3.1/../../../../arm-none-eabi/lib/thumb/v7e-m+fp/hard\libg_nano.a(libc_a-mbtowc_r.o)
                0x08006e74                __ascii_mbtowc
 .text._realloc_r
                0x08006e98       0x5c c:/ST/Repository/STM32-FreeRTOS-cpp/STM32TOOLS/GCC/bin/../lib/gcc/arm-none-eabi/13.3.1/../../../../arm-none-eabi/lib/thumb/v7e-m+fp/hard\libg_nano.a(libc_a-reallocr.o)
                0x08006e98                _realloc_r
 .text.__ascii_wctomb
                0x08006ef4       0x1a c:/ST/Repository/STM32-FreeRTOS-cpp/STM32TOOLS/GCC/bin/../lib/gcc/arm-none-eabi/13.3.1/../../../../arm-none-eabi/lib/thumb/v7e-m+fp/hard\libg_nano.a(libc_a-wctomb_r.o)
                0x08006ef4                __ascii_wctomb
 *fill*         0x08006f0e        0x2 
 .text.fprintf  0x08006f10       0x24 c:/ST/Repository/STM32-FreeRTOS-cpp/STM32TOOLS/GCC/bin/../lib/gcc/arm-none-eabi/13.3.1/../../../../arm-none-eabi/lib/thumb/v7e-m+fp/hard\libg_nano.a(libc_a-fprintf.o)
                0x08006f10                fiprintf
                0x08006f10                fprintf
 .text.abort    0x08006f34        0xe c:/ST/Repository/STM32-FreeRTOS-cpp/STM32TOOLS/GCC/bin/../lib/gcc/arm-none-eabi/13.3.1/../../../../arm-none-eabi/lib/thumb/v7e-m+fp/hard\libg_nano.a(libc_a-abort.o)
                0x08006f34                abort
 .text._malloc_usable_size_r
                0x08006f42       0x10 c:/ST/Repository/STM32-FreeRTOS-cpp/STM32TOOLS/GCC/bin/../lib/gcc/arm-none-eabi/13.3.1/../../../../arm-none-eabi/lib/thumb/v7e-m+fp/hard\libg_nano.a(libc_a-msizer.o)
                0x08006f42                _malloc_usable_size_r
 .text.__sfputc_r
                0x08006f52       0x2e c:/ST/Repository/STM32-FreeRTOS-cpp/STM32TOOLS/GCC/bin/../lib/gcc/arm-none-eabi/13.3.1/../../../../arm-none-eabi/lib/thumb/v7e-m+fp/hard\libg_nano.a(libc_a-nano-vfprintf.o)
 .text.__sfputs_r
                0x08006f80       0x24 c:/ST/Repository/STM32-FreeRTOS-cpp/STM32TOOLS/GCC/bin/../lib/gcc/arm-none-eabi/13.3.1/../../../../arm-none-eabi/lib/thumb/v7e-m+fp/hard\libg_nano.a(libc_a-nano-vfprintf.o)
                0x08006f80                __sfputs_r
 .text._vfprintf_r
                0x08006fa4      0x230 c:/ST/Repository/STM32-FreeRTOS-cpp/STM32TOOLS/GCC/bin/../lib/gcc/arm-none-eabi/13.3.1/../../../../arm-none-eabi/lib/thumb/v7e-m+fp/hard\libg_nano.a(libc_a-nano-vfprintf.o)
                0x08006fa4                _vfprintf_r
                0x08006fa4                _vfiprintf_r
 .text.std      0x080071d4       0x6c c:/ST/Repository/STM32-FreeRTOS-cpp/STM32TOOLS/GCC/bin/../lib/gcc/arm-none-eabi/13.3.1/../../../../arm-none-eabi/lib/thumb/v7e-m+fp/hard\libg_nano.a(libc_a-findfp.o)
 .text.stdio_exit_handler
                0x08007240       0x18 c:/ST/Repository/STM32-FreeRTOS-cpp/STM32TOOLS/GCC/bin/../lib/gcc/arm-none-eabi/13.3.1/../../../../arm-none-eabi/lib/thumb/v7e-m+fp/hard\libg_nano.a(libc_a-findfp.o)
 .text.cleanup_stdio
                0x08007258       0x40 c:/ST/Repository/STM32-FreeRTOS-cpp/STM32TOOLS/GCC/bin/../lib/gcc/arm-none-eabi/13.3.1/../../../../arm-none-eabi/lib/thumb/v7e-m+fp/hard\libg_nano.a(libc_a-findfp.o)
 .text.global_stdio_init.part.0
                0x08007298       0x3c c:/ST/Repository/STM32-FreeRTOS-cpp/STM32TOOLS/GCC/bin/../lib/gcc/arm-none-eabi/13.3.1/../../../../arm-none-eabi/lib/thumb/v7e-m+fp/hard\libg_nano.a(libc_a-findfp.o)
 .text.__sfp_lock_acquire
                0x080072d4        0xc c:/ST/Repository/STM32-FreeRTOS-cpp/STM32TOOLS/GCC/bin/../lib/gcc/arm-none-eabi/13.3.1/../../../../arm-none-eabi/lib/thumb/v7e-m+fp/hard\libg_nano.a(libc_a-findfp.o)
                0x080072d4                __sfp_lock_acquire
 .text.__sfp_lock_release
                0x080072e0        0xc c:/ST/Repository/STM32-FreeRTOS-cpp/STM32TOOLS/GCC/bin/../lib/gcc/arm-none-eabi/13.3.1/../../../../arm-none-eabi/lib/thumb/v7e-m+fp/hard\libg_nano.a(libc_a-findfp.o)
                0x080072e0                __sfp_lock_release
 .text.__sinit  0x080072ec       0x30 c:/ST/Repository/STM32-FreeRTOS-cpp/STM32TOOLS/GCC/bin/../lib/gcc/arm-none-eabi/13.3.1/../../../../arm-none-eabi/lib/thumb/v7e-m+fp/hard\libg_nano.a(libc_a-findfp.o)
                0x080072ec                __sinit
 .text._fwalk_sglue
                0x0800731c       0x3c c:/ST/Repository/STM32-FreeRTOS-cpp/STM32TOOLS/GCC/bin/../lib/gcc/arm-none-eabi/13.3.1/../../../../arm-none-eabi/lib/thumb/v7e-m+fp/hard\libg_nano.a(libc_a-fwalk.o)
                0x0800731c                _fwalk_sglue
 .text.__sread  0x08007358       0x22 c:/ST/Repository/STM32-FreeRTOS-cpp/STM32TOOLS/GCC/bin/../lib/gcc/arm-none-eabi/13.3.1/../../../../arm-none-eabi/lib/thumb/v7e-m+fp/hard\libg_nano.a(libc_a-stdio.o)
                0x08007358                __sread
 .text.__swrite
                0x0800737a       0x38 c:/ST/Repository/STM32-FreeRTOS-cpp/STM32TOOLS/GCC/bin/../lib/gcc/arm-none-eabi/13.3.1/../../../../arm-none-eabi/lib/thumb/v7e-m+fp/hard\libg_nano.a(libc_a-stdio.o)
                0x0800737a                __swrite
 .text.__sseek  0x080073b2       0x24 c:/ST/Repository/STM32-FreeRTOS-cpp/STM32TOOLS/GCC/bin/../lib/gcc/arm-none-eabi/13.3.1/../../../../arm-none-eabi/lib/thumb/v7e-m+fp/hard\libg_nano.a(libc_a-stdio.o)
                0x080073b2                __sseek
 .text.__sclose
                0x080073d6        0x8 c:/ST/Repository/STM32-FreeRTOS-cpp/STM32TOOLS/GCC/bin/../lib/gcc/arm-none-eabi/13.3.1/../../../../arm-none-eabi/lib/thumb/v7e-m+fp/hard\libg_nano.a(libc_a-stdio.o)
                0x080073d6                __sclose
 .text.__swbuf_r
                0x080073de       0x7c c:/ST/Repository/STM32-FreeRTOS-cpp/STM32TOOLS/GCC/bin/../lib/gcc/arm-none-eabi/13.3.1/../../../../arm-none-eabi/lib/thumb/v7e-m+fp/hard\libg_nano.a(libc_a-wbuf.o)
                0x080073de                __swbuf_r
 *fill*         0x0800745a        0x2 
 .text.__swsetup_r
                0x0800745c       0xac c:/ST/Repository/STM32-FreeRTOS-cpp/STM32TOOLS/GCC/bin/../lib/gcc/arm-none-eabi/13.3.1/../../../../arm-none-eabi/lib/thumb/v7e-m+fp/hard\libg_nano.a(libc_a-wsetup.o)
                0x0800745c                __swsetup_r
 .text._raise_r
                0x08007508       0x50 c:/ST/Repository/STM32-FreeRTOS-cpp/STM32TOOLS/GCC/bin/../lib/gcc/arm-none-eabi/13.3.1/../../../../arm-none-eabi/lib/thumb/v7e-m+fp/hard\libg_nano.a(libc_a-signal.o)
                0x08007508                _raise_r
 .text.raise    0x08007558       0x10 c:/ST/Repository/STM32-FreeRTOS-cpp/STM32TOOLS/GCC/bin/../lib/gcc/arm-none-eabi/13.3.1/../../../../arm-none-eabi/lib/thumb/v7e-m+fp/hard\libg_nano.a(libc_a-signal.o)
                0x08007558                raise
 .text._close_r
                0x08007568       0x20 c:/ST/Repository/STM32-FreeRTOS-cpp/STM32TOOLS/GCC/bin/../lib/gcc/arm-none-eabi/13.3.1/../../../../arm-none-eabi/lib/thumb/v7e-m+fp/hard\libg_nano.a(libc_a-closer.o)
                0x08007568                _close_r
 .text._lseek_r
                0x08007588       0x24 c:/ST/Repository/STM32-FreeRTOS-cpp/STM32TOOLS/GCC/bin/../lib/gcc/arm-none-eabi/13.3.1/../../../../arm-none-eabi/lib/thumb/v7e-m+fp/hard\libg_nano.a(libc_a-lseekr.o)
                0x08007588                _lseek_r
 .text._read_r  0x080075ac       0x24 c:/ST/Repository/STM32-FreeRTOS-cpp/STM32TOOLS/GCC/bin/../lib/gcc/arm-none-eabi/13.3.1/../../../../arm-none-eabi/lib/thumb/v7e-m+fp/hard\libg_nano.a(libc_a-readr.o)
                0x080075ac                _read_r
 .text._kill_r  0x080075d0       0x24 c:/ST/Repository/STM32-FreeRTOS-cpp/STM32TOOLS/GCC/bin/../lib/gcc/arm-none-eabi/13.3.1/../../../../arm-none-eabi/lib/thumb/v7e-m+fp/hard\libg_nano.a(libc_a-signalr.o)
                0x080075d0                _kill_r
 .text._getpid_r
                0x080075f4        0x4 c:/ST/Repository/STM32-FreeRTOS-cpp/STM32TOOLS/GCC/bin/../lib/gcc/arm-none-eabi/13.3.1/../../../../arm-none-eabi/lib/thumb/v7e-m+fp/hard\libg_nano.a(libc_a-signalr.o)
                0x080075f4                _getpid_r
 .text._write_r
                0x080075f8       0x24 c:/ST/Repository/STM32-FreeRTOS-cpp/STM32TOOLS/GCC/bin/../lib/gcc/arm-none-eabi/13.3.1/../../../../arm-none-eabi/lib/thumb/v7e-m+fp/hard\libg_nano.a(libc_a-writer.o)
                0x080075f8                _write_r
 .text.__sflush_r
                0x0800761c      0x108 c:/ST/Repository/STM32-FreeRTOS-cpp/STM32TOOLS/GCC/bin/../lib/gcc/arm-none-eabi/13.3.1/../../../../arm-none-eabi/lib/thumb/v7e-m+fp/hard\libg_nano.a(libc_a-fflush.o)
                0x0800761c                __sflush_r
 .text._fflush_r
                0x08007724       0x50 c:/ST/Repository/STM32-FreeRTOS-cpp/STM32TOOLS/GCC/bin/../lib/gcc/arm-none-eabi/13.3.1/../../../../arm-none-eabi/lib/thumb/v7e-m+fp/hard\libg_nano.a(libc_a-fflush.o)
                0x08007724                _fflush_r
 .text.__swhatbuf_r
                0x08007774       0x4c c:/ST/Repository/STM32-FreeRTOS-cpp/STM32TOOLS/GCC/bin/../lib/gcc/arm-none-eabi/13.3.1/../../../../arm-none-eabi/lib/thumb/v7e-m+fp/hard\libg_nano.a(libc_a-makebuf.o)
                0x08007774                __swhatbuf_r
 .text.__smakebuf_r
                0x080077c0       0x78 c:/ST/Repository/STM32-FreeRTOS-cpp/STM32TOOLS/GCC/bin/../lib/gcc/arm-none-eabi/13.3.1/../../../../arm-none-eabi/lib/thumb/v7e-m+fp/hard\libg_nano.a(libc_a-makebuf.o)
                0x080077c0                __smakebuf_r
 .text._fstat_r
                0x08007838       0x24 c:/ST/Repository/STM32-FreeRTOS-cpp/STM32TOOLS/GCC/bin/../lib/gcc/arm-none-eabi/13.3.1/../../../../arm-none-eabi/lib/thumb/v7e-m+fp/hard\libg_nano.a(libc_a-fstatr.o)
                0x08007838                _fstat_r
 .text._isatty_r
                0x0800785c       0x20 c:/ST/Repository/STM32-FreeRTOS-cpp/STM32TOOLS/GCC/bin/../lib/gcc/arm-none-eabi/13.3.1/../../../../arm-none-eabi/lib/thumb/v7e-m+fp/hard\libg_nano.a(libc_a-isattyr.o)
                0x0800785c                _isatty_r
 .text          0x0800787c      0x424 c:/ST/Repository/STM32-FreeRTOS-cpp/STM32TOOLS/GCC/bin/../lib/gcc/arm-none-eabi/13.3.1/thumb/v7e-m+fp/hard\libgcc.a(_arm_muldivdf3.o)
                0x0800787c                __aeabi_dmul
                0x0800787c                __muldf3
                0x08007ad0                __divdf3
                0x08007ad0                __aeabi_ddiv
 .text          0x08007ca0      0x110 c:/ST/Repository/STM32-FreeRTOS-cpp/STM32TOOLS/GCC/bin/../lib/gcc/arm-none-eabi/13.3.1/thumb/v7e-m+fp/hard\libgcc.a(_arm_cmpdf2.o)
                0x08007ca0                __gtdf2
                0x08007ca0                __gedf2
                0x08007ca8                __ltdf2
                0x08007ca8                __ledf2
                0x08007cb0                __nedf2
                0x08007cb0                __eqdf2
                0x08007cb0                __cmpdf2
                0x08007d2c                __aeabi_cdrcmple
                0x08007d3c                __aeabi_cdcmpeq
                0x08007d3c                __aeabi_cdcmple
                0x08007d4c                __aeabi_dcmpeq
                0x08007d60                __aeabi_dcmplt
                0x08007d74                __aeabi_dcmple
                0x08007d88                __aeabi_dcmpge
                0x08007d9c                __aeabi_dcmpgt
 .text          0x08007db0       0x2c c:/ST/Repository/STM32-FreeRTOS-cpp/STM32TOOLS/GCC/bin/../lib/gcc/arm-none-eabi/13.3.1/thumb/v7e-m+fp/hard\libgcc.a(_arm_unorddf2.o)
                0x08007db0                __unorddf2
                0x08007db0                __aeabi_dcmpun
 .text          0x08007ddc       0x50 c:/ST/Repository/STM32-FreeRTOS-cpp/STM32TOOLS/GCC/bin/../lib/gcc/arm-none-eabi/13.3.1/thumb/v7e-m+fp/hard\libgcc.a(_arm_fixdfsi.o)
                0x08007ddc                __aeabi_d2iz
                0x08007ddc                __fixdfsi
 .text._close   0x08007e2c       0x10 c:/ST/Repository/STM32-FreeRTOS-cpp/STM32TOOLS/GCC/bin/../lib/gcc/arm-none-eabi/13.3.1/../../../../arm-none-eabi/lib/thumb/v7e-m+fp/hard\libnosys.a(close.o)
                0x08007e2c                _close
 .text._fstat   0x08007e3c       0x10 c:/ST/Repository/STM32-FreeRTOS-cpp/STM32TOOLS/GCC/bin/../lib/gcc/arm-none-eabi/13.3.1/../../../../arm-none-eabi/lib/thumb/v7e-m+fp/hard\libnosys.a(fstat.o)
                0x08007e3c                _fstat
 .text._getpid  0x08007e4c       0x10 c:/ST/Repository/STM32-FreeRTOS-cpp/STM32TOOLS/GCC/bin/../lib/gcc/arm-none-eabi/13.3.1/../../../../arm-none-eabi/lib/thumb/v7e-m+fp/hard\libnosys.a(getpid.o)
                0x08007e4c                _getpid
 .text._isatty  0x08007e5c       0x10 c:/ST/Repository/STM32-FreeRTOS-cpp/STM32TOOLS/GCC/bin/../lib/gcc/arm-none-eabi/13.3.1/../../../../arm-none-eabi/lib/thumb/v7e-m+fp/hard\libnosys.a(isatty.o)
                0x08007e5c                _isatty
 .text._kill    0x08007e6c       0x10 c:/ST/Repository/STM32-FreeRTOS-cpp/STM32TOOLS/GCC/bin/../lib/gcc/arm-none-eabi/13.3.1/../../../../arm-none-eabi/lib/thumb/v7e-m+fp/hard\libnosys.a(kill.o)
                0x08007e6c                _kill
 .text._lseek   0x08007e7c       0x10 c:/ST/Repository/STM32-FreeRTOS-cpp/STM32TOOLS/GCC/bin/../lib/gcc/arm-none-eabi/13.3.1/../../../../arm-none-eabi/lib/thumb/v7e-m+fp/hard\libnosys.a(lseek.o)
                0x08007e7c                _lseek
 .text._read    0x08007e8c       0x10 c:/ST/Repository/STM32-FreeRTOS-cpp/STM32TOOLS/GCC/bin/../lib/gcc/arm-none-eabi/13.3.1/../../../../arm-none-eabi/lib/thumb/v7e-m+fp/hard\libnosys.a(read.o)
                0x08007e8c                _read
 .text._write   0x08007e9c       0x10 c:/ST/Repository/STM32-FreeRTOS-cpp/STM32TOOLS/GCC/bin/../lib/gcc/arm-none-eabi/13.3.1/../../../../arm-none-eabi/lib/thumb/v7e-m+fp/hard\libnosys.a(write.o)
                0x08007e9c                _write
 .text._exit    0x08007eac        0x2 c:/ST/Repository/STM32-FreeRTOS-cpp/STM32TOOLS/GCC/bin/../lib/gcc/arm-none-eabi/13.3.1/../../../../arm-none-eabi/lib/thumb/v7e-m+fp/hard\libnosys.a(_exit.o)
                0x08007eac                _exit
 *(.rodata*)
 *fill*         0x08007eae        0x2 
 .rodata        0x08007eb0       0x82 CMakeFiles/firmware.elf.dir/src/main.cpp.obj
 *fill*         0x08007f32        0x2 
 .rodata._ZTV9BlinkTaskI4GpioIL8GpioPort0ELh5EL8GpioMode1EL9GpioSpeed0EL8GpioPull0EL6GpioAF0EL9GpioOType0EL11GpioIrqEdge4EEE
                0x08007f34       0x10 CMakeFiles/firmware.elf.dir/src/main.cpp.obj
                0x08007f34                vtable for BlinkTask<Gpio<(GpioPort)0, (unsigned char)5, (GpioMode)1, (GpioSpeed)0, (GpioPull)0, (GpioAF)0, (GpioOType)0, (GpioIrqEdge)4> >
 .rodata._ZTV10LoggerTaskI4UartILi2ELi115200EL7UartIRQ3ELh15EEE
                0x08007f44       0x10 CMakeFiles/firmware.elf.dir/src/main.cpp.obj
                0x08007f44                vtable for LoggerTask<Uart<2, 115200, (UartIRQ)3, (unsigned char)15> >
 .rodata._ZTV10SensorTaskI5Adc12IL11AdcInstance0EL6AdcPsc7EL10AdcClkMode3EL17AdcSpecialChannel8388608EL10AdcChannel16EL12AdcSamplTime7EvEE
                0x08007f54       0x10 CMakeFiles/firmware.elf.dir/src/main.cpp.obj
                0x08007f54                vtable for SensorTask<Adc12<(AdcInstance)0, (AdcPsc)7, (AdcClkMode)3, (AdcSpecialChannel)8388608, (AdcChannel)16, (AdcSamplTime)7, void> >
 .rodata._ZTV14ProcessingTask
                0x08007f64       0x10 CMakeFiles/firmware.elf.dir/src/main.cpp.obj
                0x08007f64                vtable for ProcessingTask
 .rodata._ZTV4Task
                0x08007f74       0x10 CMakeFiles/firmware.elf.dir/src/main.cpp.obj
                0x08007f74                vtable for Task
 .rodata.AHBPrescTable
                0x08007f84       0x10 CMakeFiles/firmware.elf.dir/src/system_stm32g4xx.c.obj
                0x08007f84                AHBPrescTable
 .rodata.uxTopUsedPriority
                0x08007f94        0x4 CMakeFiles/firmware.elf.dir/C_/ST/Repository/STM32-FreeRTOS-cpp/freertos/tasks.c.obj
 .rodata        0x08007f98        0x5 CMakeFiles/firmware.elf.dir/C_/ST/Repository/STM32-FreeRTOS-cpp/freertos/tasks.c.obj
 *fill*         0x08007f9d        0x3 
 .rodata        0x08007fa0        0x8 CMakeFiles/firmware.elf.dir/C_/ST/Repository/STM32-FreeRTOS-cpp/freertos/timers.c.obj
 .rodata._printf_float.str1.1
                0x08007fa8      0x171 c:/ST/Repository/STM32-FreeRTOS-cpp/STM32TOOLS/GCC/bin/../lib/gcc/arm-none-eabi/13.3.1/../../../../arm-none-eabi/lib/thumb/v7e-m+fp/hard\libg_nano.a(libc_a-nano-vfprintf_float.o)
                                 0x12 (size before relaxing)
 .rodata._printf_i.str1.1
                0x08008119       0x22 c:/ST/Repository/STM32-FreeRTOS-cpp/STM32TOOLS/GCC/bin/../lib/gcc/arm-none-eabi/13.3.1/../../../../arm-none-eabi/lib/thumb/v7e-m+fp/hard\libg_nano.a(libc_a-nano-vfprintf_i.o)
 .rodata._dtoa_r.str1.1
                0x08008119       0x8f c:/ST/Repository/STM32-FreeRTOS-cpp/STM32TOOLS/GCC/bin/../lib/gcc/arm-none-eabi/13.3.1/../../../../arm-none-eabi/lib/thumb/v7e-m+fp/hard\libg_nano.a(libc_a-dtoa.o)
 .rodata._Balloc.str1.1
                0x08008119       0x70 c:/ST/Repository/STM32-FreeRTOS-cpp/STM32TOOLS/GCC/bin/../lib/gcc/arm-none-eabi/13.3.1/../../../../arm-none-eabi/lib/thumb/v7e-m+fp/hard\libg_nano.a(libc_a-mprec.o)
 .rodata.__multadd.str1.1
                0x08008119       0x11 c:/ST/Repository/STM32-FreeRTOS-cpp/STM32TOOLS/GCC/bin/../lib/gcc/arm-none-eabi/13.3.1/../../../../arm-none-eabi/lib/thumb/v7e-m+fp/hard\libg_nano.a(libc_a-mprec.o)
 *fill*         0x08008119        0x3 
 .rodata.p05.0  0x0800811c        0xc c:/ST/Repository/STM32-FreeRTOS-cpp/STM32TOOLS/GCC/bin/../lib/gcc/arm-none-eabi/13.3.1/../../../../arm-none-eabi/lib/thumb/v7e-m+fp/hard\libg_nano.a(libc_a-mprec.o)
 .rodata.__mprec_bigtens
                0x08008128       0x28 c:/ST/Repository/STM32-FreeRTOS-cpp/STM32TOOLS/GCC/bin/../lib/gcc/arm-none-eabi/13.3.1/../../../../arm-none-eabi/lib/thumb/v7e-m+fp/hard\libg_nano.a(libc_a-mprec.o)
                0x08008128                __mprec_bigtens
 .rodata.__mprec_tens
                0x08008150       0xc8 c:/ST/Repository/STM32-FreeRTOS-cpp/STM32TOOLS/GCC/bin/../lib/gcc/arm-none-eabi/13.3.1/../../../../arm-none-eabi/lib/thumb/v7e-m+fp/hard\libg_nano.a(libc_a-mprec.o)
                0x08008150                __mprec_tens
 .rodata._svfprintf_r.str1.1
                0x08008218       0x11 c:/ST/Repository/STM32-FreeRTOS-cpp/STM32TOOLS/GCC/bin/../lib/gcc/arm-none-eabi/13.3.1/../../../../arm-none-eabi/lib/thumb/v7e-m+fp/hard\libg_nano.a(libc_a-nano-svfprintf.o)
 .rodata._setlocale_r.str1.1
                0x08008218        0x9 c:/ST/Repository/STM32-FreeRTOS-cpp/STM32TOOLS/GCC/bin/../lib/gcc/arm-none-eabi/13.3.1/../../../../arm-none-eabi/lib/thumb/v7e-m+fp/hard\libg_nano.a(libc_a-locale.o)
 .rodata.str1.1
                0x08008218        0x2 c:/ST/Repository/STM32-FreeRTOS-cpp/STM32TOOLS/GCC/bin/../lib/gcc/arm-none-eabi/13.3.1/../../../../arm-none-eabi/lib/thumb/v7e-m+fp/hard\libg_nano.a(libc_a-locale.o)
 .rodata.__assert_func.str1.1
                0x08008218       0x3d c:/ST/Repository/STM32-FreeRTOS-cpp/STM32TOOLS/GCC/bin/../lib/gcc/arm-none-eabi/13.3.1/../../../../arm-none-eabi/lib/thumb/v7e-m+fp/hard\libg_nano.a(libc_a-assert.o)
 .rodata._ctype_
                0x08008218      0x101 c:/ST/Repository/STM32-FreeRTOS-cpp/STM32TOOLS/GCC/bin/../lib/gcc/arm-none-eabi/13.3.1/../../../../arm-none-eabi/lib/thumb/v7e-m+fp/hard\libg_nano.a(libc_a-ctype_.o)
                0x08008218                _ctype_
 .rodata._vfprintf_r.str1.1
                0x08008319       0x11 c:/ST/Repository/STM32-FreeRTOS-cpp/STM32TOOLS/GCC/bin/../lib/gcc/arm-none-eabi/13.3.1/../../../../arm-none-eabi/lib/thumb/v7e-m+fp/hard\libg_nano.a(libc_a-nano-vfprintf.o)

.glue_7         0x0800831c        0x0
 .glue_7        0x0800831c        0x0 linker stubs

.glue_7t        0x0800831c        0x0
 .glue_7t       0x0800831c        0x0 linker stubs

.vfp11_veneer   0x0800831c        0x0
 .vfp11_veneer  0x0800831c        0x0 linker stubs

.v4_bx          0x0800831c        0x0
 .v4_bx         0x0800831c        0x0 linker stubs

.iplt           0x0800831c        0x0
 .iplt          0x0800831c        0x0 CMakeFiles/firmware.elf.dir/src/crt_stubs.c.obj

.rel.dyn        0x0800831c        0x0
 .rel.iplt      0x0800831c        0x0 CMakeFiles/firmware.elf.dir/src/crt_stubs.c.obj

.data           0x20000000      0x1d0 load address 0x08008319
                0x20000000                        _sdata = .
 *(.data*)
 .data.SystemCoreClock
                0x20000000        0x4 CMakeFiles/firmware.elf.dir/src/system_stm32g4xx.c.obj
                0x20000000                SystemCoreClock
 .data.uxCriticalNesting
                0x20000004        0x4 CMakeFiles/firmware.elf.dir/C_/ST/Repository/STM32-FreeRTOS-cpp/freertos/portable/GCC/ARM_CM4F/port.c.obj
 .data._impure_ptr
                0x20000008        0x4 c:/ST/Repository/STM32-FreeRTOS-cpp/STM32TOOLS/GCC/bin/../lib/gcc/arm-none-eabi/13.3.1/../../../../arm-none-eabi/lib/thumb/v7e-m+fp/hard\libg_nano.a(libc_a-impure.o)
                0x20000008                _impure_ptr
 .data._impure_data
                0x2000000c       0x4c c:/ST/Repository/STM32-FreeRTOS-cpp/STM32TOOLS/GCC/bin/../lib/gcc/arm-none-eabi/13.3.1/../../../../arm-none-eabi/lib/thumb/v7e-m+fp/hard\libg_nano.a(libc_a-impure.o)
                0x2000000c                _impure_data
 .data.__global_locale
                0x20000058      0x16c c:/ST/Repository/STM32-FreeRTOS-cpp/STM32TOOLS/GCC/bin/../lib/gcc/arm-none-eabi/13.3.1/../../../../arm-none-eabi/lib/thumb/v7e-m+fp/hard\libg_nano.a(libc_a-locale.o)
                0x20000058                __global_locale
 .data.__sglue  0x200001c4        0xc c:/ST/Repository/STM32-FreeRTOS-cpp/STM32TOOLS/GCC/bin/../lib/gcc/arm-none-eabi/13.3.1/../../../../arm-none-eabi/lib/thumb/v7e-m+fp/hard\libg_nano.a(libc_a-findfp.o)
                0x200001c4                __sglue
                0x200001d0                        _edata = .

.igot.plt       0x200001d0        0x0 load address 0x080084ec
 .igot.plt      0x200001d0        0x0 CMakeFiles/firmware.elf.dir/src/crt_stubs.c.obj

.bss            0x200001d0     0x31d8 load address 0x080084f0
                0x200001d0                        _sbss = .
 *(.bss*)
 .bss.__dso_handle
                0x200001d0        0x4 CMakeFiles/firmware.elf.dir/src/crt_stubs.c.obj
                0x200001d0                __dso_handle
 .bss.heap_end.0
                0x200001d4        0x4 CMakeFiles/firmware.elf.dir/src/crt_stubs.c.obj
 .bss._ZZ4mainE8uart_log
                0x200001d8        0x2 CMakeFiles/firmware.elf.dir/src/main.cpp.obj
 *fill*         0x200001da        0x2 
 .bss._ZGVZ4mainE8uart_log
                0x200001dc        0x4 CMakeFiles/firmware.elf.dir/src/main.cpp.obj
 .bss._ZZ4mainE9led_green
                0x200001e0        0x1 CMakeFiles/firmware.elf.dir/src/main.cpp.obj
 *fill*         0x200001e1        0x3 
 .bss._ZGVZ4mainE9led_green
                0x200001e4        0x4 CMakeFiles/firmware.elf.dir/src/main.cpp.obj
 .bss._ZN5Adc12IL11AdcInstance0EL6AdcPsc7EL10AdcClkMode3EL17AdcSpecialChannel8388608EL10AdcChannel16EL12AdcSamplTime7EvE5timesE
                0x200001e8        0x8 CMakeFiles/firmware.elf.dir/src/main.cpp.obj
                0x200001e8                Adc12<(AdcInstance)0, (AdcPsc)7, (AdcClkMode)3, (AdcSpecialChannel)8388608, (AdcChannel)16, (AdcSamplTime)7, void>::times
 .bss._ZZ4mainE8adc_temp
                0x200001f0        0x8 CMakeFiles/firmware.elf.dir/src/main.cpp.obj
 .bss._ZGVZ4mainE8adc_temp
                0x200001f8        0x4 CMakeFiles/firmware.elf.dir/src/main.cpp.obj
 .bss._ZZ4mainE6sensor
                0x200001fc       0x18 CMakeFiles/firmware.elf.dir/src/main.cpp.obj
 .bss._ZGVZ4mainE6sensor
                0x20000214        0x4 CMakeFiles/firmware.elf.dir/src/main.cpp.obj
 .bss._ZZ4mainE6logger
                0x20000218       0x18 CMakeFiles/firmware.elf.dir/src/main.cpp.obj
 .bss._ZGVZ4mainE6logger
                0x20000230        0x4 CMakeFiles/firmware.elf.dir/src/main.cpp.obj
 .bss._ZZ4mainE10processing
                0x20000234       0x50 CMakeFiles/firmware.elf.dir/src/main.cpp.obj
 .bss._ZGVZ4mainE10processing
                0x20000284        0x4 CMakeFiles/firmware.elf.dir/src/main.cpp.obj
 .bss._ZZ4mainE9heartbeat
                0x20000288       0x10 CMakeFiles/firmware.elf.dir/src/main.cpp.obj
 .bss._ZGVZ4mainE9heartbeat
                0x20000298        0x4 CMakeFiles/firmware.elf.dir/src/main.cpp.obj
 *fill*         0x2000029c        0x4 
 .bss._ZZN10SensorTaskI5Adc12IL11AdcInstance0EL6AdcPsc7EL10AdcClkMode3EL17AdcSpecialChannel8388608EL10AdcChannel16EL12AdcSamplTime7EvEE3runEvE4last
                0x200002a0        0x8 CMakeFiles/firmware.elf.dir/src/main.cpp.obj
                0x200002a0                SensorTask<Adc12<(AdcInstance)0, (AdcPsc)7, (AdcClkMode)3, (AdcSpecialChannel)8388608, (AdcChannel)16, (AdcSamplTime)7, void> >::run()::last
 .bss._ZGVZN10SensorTaskI5Adc12IL11AdcInstance0EL6AdcPsc7EL10AdcClkMode3EL17AdcSpecialChannel8388608EL10AdcChannel16EL12AdcSamplTime7EvEE3runEvE4last
                0x200002a8        0x4 CMakeFiles/firmware.elf.dir/src/main.cpp.obj
                0x200002a8                guard variable for SensorTask<Adc12<(AdcInstance)0, (AdcPsc)7, (AdcClkMode)3, (AdcSpecialChannel)8388608, (AdcChannel)16, (AdcSamplTime)7, void> >::run()::last
 .bss.pxCurrentTCB
                0x200002ac        0x4 CMakeFiles/firmware.elf.dir/C_/ST/Repository/STM32-FreeRTOS-cpp/freertos/tasks.c.obj
                0x200002ac                pxCurrentTCB
 .bss.pxReadyTasksLists
                0x200002b0       0x78 CMakeFiles/firmware.elf.dir/C_/ST/Repository/STM32-FreeRTOS-cpp/freertos/tasks.c.obj
 .bss.xDelayedTaskList1
                0x20000328       0x18 CMakeFiles/firmware.elf.dir/C_/ST/Repository/STM32-FreeRTOS-cpp/freertos/tasks.c.obj
 .bss.xDelayedTaskList2
                0x20000340       0x18 CMakeFiles/firmware.elf.dir/C_/ST/Repository/STM32-FreeRTOS-cpp/freertos/tasks.c.obj
 .bss.pxDelayedTaskList
                0x20000358        0x4 CMakeFiles/firmware.elf.dir/C_/ST/Repository/STM32-FreeRTOS-cpp/freertos/tasks.c.obj
 .bss.pxOverflowDelayedTaskList
                0x2000035c        0x4 CMakeFiles/firmware.elf.dir/C_/ST/Repository/STM32-FreeRTOS-cpp/freertos/tasks.c.obj
 .bss.xPendingReadyList
                0x20000360       0x18 CMakeFiles/firmware.elf.dir/C_/ST/Repository/STM32-FreeRTOS-cpp/freertos/tasks.c.obj
 .bss.xTasksWaitingTermination
                0x20000378       0x18 CMakeFiles/firmware.elf.dir/C_/ST/Repository/STM32-FreeRTOS-cpp/freertos/tasks.c.obj
 .bss.uxDeletedTasksWaitingCleanUp
                0x20000390        0x4 CMakeFiles/firmware.elf.dir/C_/ST/Repository/STM32-FreeRTOS-cpp/freertos/tasks.c.obj
 *fill*         0x20000394        0x4 
 .bss.xSuspendedTaskList
                0x20000398       0x18 CMakeFiles/firmware.elf.dir/C_/ST/Repository/STM32-FreeRTOS-cpp/freertos/tasks.c.obj
 .bss.uxCurrentNumberOfTasks
                0x200003b0        0x4 CMakeFiles/firmware.elf.dir/C_/ST/Repository/STM32-FreeRTOS-cpp/freertos/tasks.c.obj
 *fill*         0x200003b4        0x4 
 .bss.xTickCount
                0x200003b8        0x8 CMakeFiles/firmware.elf.dir/C_/ST/Repository/STM32-FreeRTOS-cpp/freertos/tasks.c.obj
 .bss.uxTopReadyPriority
                0x200003c0        0x4 CMakeFiles/firmware.elf.dir/C_/ST/Repository/STM32-FreeRTOS-cpp/freertos/tasks.c.obj
 .bss.xSchedulerRunning
                0x200003c4        0x4 CMakeFiles/firmware.elf.dir/C_/ST/Repository/STM32-FreeRTOS-cpp/freertos/tasks.c.obj
 .bss.xPendedTicks
                0x200003c8        0x8 CMakeFiles/firmware.elf.dir/C_/ST/Repository/STM32-FreeRTOS-cpp/freertos/tasks.c.obj
 .bss.xYieldPendings
                0x200003d0        0x4 CMakeFiles/firmware.elf.dir/C_/ST/Repository/STM32-FreeRTOS-cpp/freertos/tasks.c.obj
 .bss.xNumOfOverflows
                0x200003d4        0x4 CMakeFiles/firmware.elf.dir/C_/ST/Repository/STM32-FreeRTOS-cpp/freertos/tasks.c.obj
 .bss.uxTaskNumber
                0x200003d8        0x4 CMakeFiles/firmware.elf.dir/C_/ST/Repository/STM32-FreeRTOS-cpp/freertos/tasks.c.obj
 *fill*         0x200003dc        0x4 
 .bss.xNextTaskUnblockTime
                0x200003e0        0x8 CMakeFiles/firmware.elf.dir/C_/ST/Repository/STM32-FreeRTOS-cpp/freertos/tasks.c.obj
 .bss.xIdleTaskHandles
                0x200003e8        0x4 CMakeFiles/firmware.elf.dir/C_/ST/Repository/STM32-FreeRTOS-cpp/freertos/tasks.c.obj
 .bss.uxSchedulerSuspended
                0x200003ec        0x4 CMakeFiles/firmware.elf.dir/C_/ST/Repository/STM32-FreeRTOS-cpp/freertos/tasks.c.obj
 .bss.xIdleTaskTCB.3
                0x200003f0       0x60 CMakeFiles/firmware.elf.dir/C_/ST/Repository/STM32-FreeRTOS-cpp/freertos/tasks.c.obj
 .bss.uxIdleTaskStack.2
                0x20000450      0x200 CMakeFiles/firmware.elf.dir/C_/ST/Repository/STM32-FreeRTOS-cpp/freertos/tasks.c.obj
 .bss.xTimerTaskTCB.1
                0x20000650       0x60 CMakeFiles/firmware.elf.dir/C_/ST/Repository/STM32-FreeRTOS-cpp/freertos/tasks.c.obj
 .bss.uxTimerTaskStack.0
                0x200006b0      0x200 CMakeFiles/firmware.elf.dir/C_/ST/Repository/STM32-FreeRTOS-cpp/freertos/tasks.c.obj
 .bss.xActiveTimerList1
                0x200008b0       0x18 CMakeFiles/firmware.elf.dir/C_/ST/Repository/STM32-FreeRTOS-cpp/freertos/timers.c.obj
 .bss.xActiveTimerList2
                0x200008c8       0x18 CMakeFiles/firmware.elf.dir/C_/ST/Repository/STM32-FreeRTOS-cpp/freertos/timers.c.obj
 .bss.pxCurrentTimerList
                0x200008e0        0x4 CMakeFiles/firmware.elf.dir/C_/ST/Repository/STM32-FreeRTOS-cpp/freertos/timers.c.obj
 .bss.pxOverflowTimerList
                0x200008e4        0x4 CMakeFiles/firmware.elf.dir/C_/ST/Repository/STM32-FreeRTOS-cpp/freertos/timers.c.obj
 .bss.xTimerQueue
                0x200008e8        0x4 CMakeFiles/firmware.elf.dir/C_/ST/Repository/STM32-FreeRTOS-cpp/freertos/timers.c.obj
 .bss.xTimerTaskHandle
                0x200008ec        0x4 CMakeFiles/firmware.elf.dir/C_/ST/Repository/STM32-FreeRTOS-cpp/freertos/timers.c.obj
 .bss.xLastTime.2
                0x200008f0        0x8 CMakeFiles/firmware.elf.dir/C_/ST/Repository/STM32-FreeRTOS-cpp/freertos/timers.c.obj
 .bss.ucStaticTimerQueueStorage.1
                0x200008f8       0xf0 CMakeFiles/firmware.elf.dir/C_/ST/Repository/STM32-FreeRTOS-cpp/freertos/timers.c.obj
 .bss.xStaticTimerQueue.0
                0x200009e8       0x50 CMakeFiles/firmware.elf.dir/C_/ST/Repository/STM32-FreeRTOS-cpp/freertos/timers.c.obj
 .bss.ucMaxSysCallPriority
                0x20000a38        0x1 CMakeFiles/firmware.elf.dir/C_/ST/Repository/STM32-FreeRTOS-cpp/freertos/portable/GCC/ARM_CM4F/port.c.obj
 *fill*         0x20000a39        0x3 
 .bss.ulMaxPRIGROUPValue
                0x20000a3c        0x4 CMakeFiles/firmware.elf.dir/C_/ST/Repository/STM32-FreeRTOS-cpp/freertos/portable/GCC/ARM_CM4F/port.c.obj
 .bss.ucHeap    0x20000a40     0x2800 CMakeFiles/firmware.elf.dir/C_/ST/Repository/STM32-FreeRTOS-cpp/freertos/portable/MemMang/heap_4.c.obj
 .bss.xStart    0x20003240        0x8 CMakeFiles/firmware.elf.dir/C_/ST/Repository/STM32-FreeRTOS-cpp/freertos/portable/MemMang/heap_4.c.obj